 RITM_test_RT1007_slrt

 Timestamp is 6013c1ed (Fri Jan 29 11:06:05 2021)

 Preferred load address is 10000000

 Start         Length     Name                   Class
 0001:00000000 0008d970H .text$mn                CODE
 0001:0008d970 00001058H .text$x                 CODE
 0002:00000000 00000104H .CRT$XCA                DATA
 0002:00000104 00000104H .CRT$XCZ                DATA
 0002:00000208 00000104H .CRT$XIA                DATA
 0002:0000030c 00000110H .CRT$XIC                DATA
 0002:0000041c 00000104H .CRT$XIZ                DATA
 0002:00000520 00000104H .CRT$XPA                DATA
 0002:00000624 0000010cH .CRT$XPX                DATA
 0002:00000730 00000104H .CRT$XPXA               DATA
 0002:00000834 00000104H .CRT$XPZ                DATA
 0002:00000938 00000104H .CRT$XTA                DATA
 0002:00000a3c 00000104H .CRT$XTZ                DATA
 0002:00000b40 00015dc0H .rdata                  DATA
 0002:00016900 00000104H .rdata$CastGuardVftablesA DATA
 0002:00016a04 00000104H .rdata$CastGuardVftablesC DATA
 0002:00016b08 00000444H .rdata$r                DATA
 0002:00016f4c 00000124H .rdata$sxdata           DATA
 0002:00017070 000001b8H .rdata$zzzdbg           DATA
 0002:00017228 00000104H .rtc$IAA                DATA
 0002:0001732c 00000104H .rtc$IZZ                DATA
 0002:00017430 00000104H .rtc$TAA                DATA
 0002:00017534 00000104H .rtc$TZZ                DATA
 0002:00017638 00000d78H .xdata$x                DATA
 0002:000183b0 0000020aH .edata                  DATA
 0003:00000000 00002180H .data                   DATA
 0003:00002180 00000260H .data$r                 DATA
 0003:000023e0 0001c16cH .bss                    DATA
 0004:00000000 000001b8H .idata$5                DATA
 0004:000001b8 00000014H .idata$2                DATA
 0004:000001cc 00000014H .idata$3                DATA
 0004:000001e0 000001b8H .idata$4                DATA
 0004:00000398 000007b4H .idata$6                DATA
 0005:00000000 00000109H .00cfg                  DATA

  Address         Publics by Value              Rva+Base       Lib:Object

 0000:00000000       ___guard_iat_count         00000000     <absolute>
 0000:00000000       ___arm64x_native_entrypoint 00000000     <absolute>
 0000:00000000       ___hybrid_code_map         00000000     <absolute>
 0000:00000000       ___guard_longjmp_table     00000000     <absolute>
 0000:00000000       ___guard_fids_count        00000000     <absolute>
 0000:00000000       ___AbsoluteZero            00000000     <absolute>
 0000:00000000       __except_list              00000000     <absolute>
 0000:00000000       ___x64_code_ranges_to_entry_points 00000000     <absolute>
 0000:00000000       ___hybrid_code_map_count   00000000     <absolute>
 0000:00000000       ___arm64x_extra_rfe_table_size 00000000     <absolute>
 0000:00000000       ___arm64x_redirection_metadata 00000000     <absolute>
 0000:00000000       ___arm64x_redirection_metadata_count 00000000     <absolute>
 0000:00000000       ___dynamic_value_reloc_table 00000000     <absolute>
 0000:00000000       ___hybrid_auxiliary_iat    00000000     <absolute>
 0000:00000000       ___arm64x_extra_rfe_table  00000000     <absolute>
 0000:00000000       ___guard_iat_table         00000000     <absolute>
 0000:00000000       ___volatile_metadata       00000000     <absolute>
 0000:00000000       ___guard_eh_cont_count     00000000     <absolute>
 0000:00000000       ___guard_longjmp_count     00000000     <absolute>
 0000:00000000       ___guard_fids_table        00000000     <absolute>
 0000:00000000       ___x64_code_ranges_to_entry_points_count 00000000     <absolute>
 0000:00000000       ___guard_eh_cont_table     00000000     <absolute>
 0000:00000000       ___enclave_config          00000000     <absolute>
 0000:00000007       ___safe_se_handler_count   00000007     <absolute>
 0000:00000100       ___guard_flags             00000100     <absolute>
 0000:00000000       ___ImageBase               10000000     <linker-defined>
 0001:00007550       _DllMain@12                10008550 f   xpctarget.obj
 0001:00007560       _RITM_test_RT1007_ChangeStepSize 10008560 f   xpctarget.obj
 0001:000075e0       _SLRTSetErrorStatus        100085e0 f   xpctarget.obj
 0001:00007600       _changeStepSize            10008600 f   xpctarget.obj
 0001:00007680       _getDLMVersion             10008680 f   xpctarget.obj
 0001:00007690       _getFullPathToRefMdl       10008690 f   xpctarget.obj
 0001:00007740       _getRefMdlPath             10008740 f   xpctarget.obj
 0001:000077c0       _getRefMdlSignalNumber     100087c0 f   xpctarget.obj
 0001:00007870       _getrlmdlinfo              10008870 f   xpctarget.obj
 0001:000079d0       _slrtRegisterSignalToLoggingService 100089d0 f   xpctarget.obj
 0001:00007b30       _updateDiscreteEvents      10008b30 f   xpctarget.obj
 0001:00007b90       _getNumRef                 10008b90 f   appmappingData.obj
 0001:00007ba0       ___local_stdio_printf_options 10008ba0 f i legacy_stdio.obj
 0001:00007bb0       __vfprintf_l               10008bb0 f i legacy_stdio.obj
 0001:00007be0       _vprintf                   10008be0 f i legacy_stdio.obj
 0001:00007c20       _rt_mxCreateCharMatrixFromStrings 10008c20 f   rt_matrx.obj
 0001:00007d80       _rt_mxCreateDoubleMatrix   10008d80 f   rt_matrx.obj
 0001:00007de0       _rt_mxCreateNumericArray   10008de0 f   rt_matrx.obj
 0001:00007e50       _rt_mxCreateString         10008e50 f   rt_matrx.obj
 0001:00007ee0       _rt_mxDuplicateArray       10008ee0 f   rt_matrx.obj
 0001:00007f40       _rt_mxGetDimensions        10008f40 f   rt_matrx.obj
 0001:00007f80       _rt_mxGetEps               10008f80 f   rt_matrx.obj
 0001:00007f90       _rt_mxGetString            10008f90 f   rt_matrx.obj
 0001:00008010       _rtPrintfNoOp              10009010 f   rt_printf.obj
 0001:00008020       __vsnprintf_l              10009020 f i rt_logging.obj
 0001:00008060       __vsprintf_l               10009060 f i rt_logging.obj
 0001:000080a0       _fprintf                   100090a0 f i rt_logging.obj
 0001:000085a0       _printf                    100095a0 f i rt_logging.obj
 0001:000085e0       _rt_CreateLogVar           100095e0 f   rt_logging.obj
 0001:00008670       _rt_CreateLogVarWithConvert 10009670 f   rt_logging.obj
 0001:00008fa0       _rt_CreateStructLogVar     10009fa0 f   rt_logging.obj
 0001:00009da0       _rt_GetMxIdFromDTypeId     1000ada0 f   rt_logging.obj
 0001:00009dd0       _rt_GetMxIdFromDTypeIdForRSim 1000add0 f   rt_logging.obj
 0001:0000c960       _rt_StartDataLogging       1000d960 f   rt_logging.obj
 0001:0000ce30       _rt_StartDataLoggingWithStartTime 1000de30 f   rt_logging.obj
 0001:0000d2b0       _rt_StopDataLogging        1000e2b0 f   rt_logging.obj
 0001:0000d2d0       _rt_StopDataLoggingImpl    1000e2d0 f   rt_logging.obj
 0001:0000d9e0       _rt_UpdateLogVar           1000e9e0 f   rt_logging.obj
 0001:0000e9b0       _rt_UpdateLogVarWithDiscontiguousData 1000f9b0 f   rt_logging.obj
 0001:0000ec80       _rt_UpdateStructLogVar     1000fc80 f   rt_logging.obj
 0001:0000ed10       _rt_UpdateTXXFYLogVars     1000fd10 f   rt_logging.obj
 0001:0000f160       _rt_UpdateTXYLogVars       10010160 f   rt_logging.obj
 0001:0000f3a0       _rt_getTempMemory          100103a0 f   rt_logging.obj
 0001:0000f3f0       _rt_preProcessAndLogData   100103f0 f   rt_logging.obj
 0001:0000f490       _rt_preProcessAndLogDataWithIndex 10010490 f   rt_logging.obj
 0001:0000f540       _sprintf                   10010540 f i rt_logging.obj
 0001:0000f580       _MdlInitialize             10010580 f   RITM_test_RT1007.obj
 0001:0000f590       _MdlInitializeSampleTimes  10010590 f   RITM_test_RT1007.obj
 0001:0000f5a0       _MdlInitializeSizes        100105a0 f   RITM_test_RT1007.obj
 0001:0000f5b0       _MdlOutputs                100105b0 f   RITM_test_RT1007.obj
 0001:0000f7d0       _MdlStart                  100107d0 f   RITM_test_RT1007.obj
 0001:0000f7e0       _MdlTerminate              100107e0 f   RITM_test_RT1007.obj
 0001:0000f7f0       _MdlUpdate                 100107f0 f   RITM_test_RT1007.obj
 0001:0000fb00       _RITM_test_RT1007          10010b00 f   RITM_test_RT1007.obj
 0001:00014a50       _RITM_test_RT1007_RS232ISR 10015a50 f   RITM_test_RT1007.obj
 0001:00014e00       _RITM_test_RT1007_RS232ISR_j 10015e00 f   RITM_test_RT1007.obj
 0001:000186e0       _RITM_test_RT1_RS232ISR_Term 100196e0 f   RITM_test_RT1007.obj
 0001:00018710       _RITM_test_RT_RS232ISR_Start 10019710 f   RITM_test_RT1007.obj
 0001:000189b0       _RITM_test_R_RS232ISR_j_Term 100199b0 f   RITM_test_RT1007.obj
 0001:000189e0       _RITM_test__RS232ISR_k_Start 100199e0 f   RITM_test_RT1007.obj
 0001:00018c80       _rate_scheduler            10019c80 f   RITM_test_RT1007.obj
 0001:00018cc0       _rt_SimUpdateDiscreteEvents 10019cc0 f   RITM_test_RT1007.obj
 0001:00018d00       _xPCISR1                   10019d00 f   RITM_test_RT1007.obj
 0001:00018f20       _xPCISR2                   10019f20 f   RITM_test_RT1007.obj
 0001:00019140       _RITM_test_RT1007_GetCAPIStaticMap 1001a140 f   RITM_test_RT1007_capi.obj
 0001:00019150       _RITM_test_RT1007_InitializeDataMapInfo 1001a150 f   RITM_test_RT1007_capi.obj
 0001:00019220       _mdlXcp_GetMdlXcpInfo      1001a220 f   RITM_test_RT1007_xcp.obj
 0001:00019230       _SLRT_update_TET           1001a230 f   RITM_test_RT1007_xcp_TET.obj
 0001:00019300       _rtGetInf                  1001a300 f   rtGetInf.obj
 0001:00019330       _rtGetInfF                 1001a330 f   rtGetInf.obj
 0001:00019340       _rtGetMinusInf             1001a340 f   rtGetInf.obj
 0001:00019370       _rtGetMinusInfF            1001a370 f   rtGetInf.obj
 0001:00019380       _rtGetNaN                  1001a380 f   rtGetNaN.obj
 0001:000193b0       _rtGetNaNF                 1001a3b0 f   rtGetNaN.obj
 0001:000193c0       _rtIsInf                   1001a3c0 f   rt_nonfinite.obj
 0001:00019400       _rtIsInfF                  1001a400 f   rt_nonfinite.obj
 0001:00019440       _rtIsNaN                   1001a440 f   rt_nonfinite.obj
 0001:00019490       _rtIsNaNF                  1001a490 f   rt_nonfinite.obj
 0001:000194d0       _rt_InitInfAndNaN          1001a4d0 f   rt_nonfinite.obj
 0001:00019530       _fiforead                  1001a530 f   fiforeadwrite.obj
 0001:000198a0       _fifowrite                 1001a8a0 f   fiforeadwrite.obj
 0001:00019b00       _rt_CleanUpForStateLogWithMMI 1001ab00 f   rt_logging_mmi.obj
 0001:00019c10       _rt_FillStateSigInfoFromMMI 1001ac10 f   rt_logging_mmi.obj
 0001:0001a060       _rtwCAPI_CountSysRan       1001b060 f   rtw_modelmap_utils.obj
 0001:0001a100       _rtwCAPI_EncodePath        1001b100 f   rtw_modelmap_utils.obj
 0001:0001a1a0       _rtwCAPI_FillSysRan        1001b1a0 f   rtw_modelmap_utils.obj
 0001:0001a290       _rtwCAPI_FreeFullPaths     1001b290 f   rtw_modelmap_utils.obj
 0001:0001a2f0       _rtwCAPI_GetFullStateBlockPath 1001b2f0 f   rtw_modelmap_utils.obj
 0001:0001a470       _rtwCAPI_GetNumContStateRecords 1001b470 f   rtw_modelmap_utils.obj
 0001:0001a4f0       _rtwCAPI_GetNumSigLogRecords 1001b4f0 f   rtw_modelmap_utils.obj
 0001:0001a540       _rtwCAPI_GetNumSigLogRecordsForRTWLogging 1001b540 f   rtw_modelmap_utils.obj
 0001:0001a5e0       _rtwCAPI_GetNumStateRecords 1001b5e0 f   rtw_modelmap_utils.obj
 0001:0001a630       _rtwCAPI_GetNumStateRecordsForRTWLogging 1001b630 f   rtw_modelmap_utils.obj
 0001:0001a6d0       _rtwCAPI_GetSigAddrFromMap 1001b6d0 f   rtw_modelmap_utils.obj
 0001:0001a710       _rtwCAPI_GetSigLogRecordInfo 1001b710 f   rtw_modelmap_utils.obj
 0001:0001aaa0       _rtwCAPI_GetStateRecordInfo 1001baa0 f   rtw_modelmap_utils.obj
 0001:0001af30       _rtwCAPI_GetStateWidth     1001bf30 f   rtw_modelmap_utils.obj
 0001:0001af80       _rtwCAPI_HasStates         1001bf80 f   rtw_modelmap_utils.obj
 0001:0001afe0       _rtwCAPI_UpdateFullPaths   1001bfe0 f   rtw_modelmap_utils.obj
 0001:0001b120       _timestamp_x86             1001c120 f   host_timer_x86.obj
 0001:0001b130       _taskTimeEnd               1001c130 f   xpc_code_profiling_utility_functions.obj
 0001:0001b140       _taskTimeEnd_              1001c140 f   xpc_code_profiling_utility_functions.obj
 0001:0001b150       _taskTimeStart             1001c150 f   xpc_code_profiling_utility_functions.obj
 0001:0001b160       _taskTimeStart_            1001c160 f   xpc_code_profiling_utility_functions.obj
 0001:0001b170       _xilProfilingTimerFreeze   1001c170 f   xpc_code_profiling_utility_functions.obj
 0001:0001b180       _xilProfilingTimerFreezeInternal 1001c180 f   xpc_code_profiling_utility_functions.obj
 0001:0001b190       _xilProfilingTimerUnFreeze 1001c190 f   xpc_code_profiling_utility_functions.obj
 0001:0001b1a0       _xilProfilingTimerUnFreezeInternal 1001c1a0 f   xpc_code_profiling_utility_functions.obj
 0001:0001b1b0       _xilUploadProfilingData    1001c1b0 f   xpc_code_profiling_utility_functions.obj
 0001:0001b1c0       _BA_IS_cap                 1001c1c0 f   BA_IS_cap.obj
 0001:0001b490       _BA_IS_gpio_di             1001c490 f   BA_IS_gpio_di.obj
 0001:0001b870       _BA_IS_gpio_do             1001c870 f   BA_IS_gpio_do.obj
 0001:0001bc40       _BA_IS_i2c_read            1001cc40 f   BA_IS_i2c_read.obj
 0001:0001c030       _BA_IS_pwm                 1001d030 f   BA_IS_pwm.obj
 0001:0001c350       _BA_IS_spi                 1001d350 f   BA_IS_spi.obj
 0001:0001c770       _BA_IS_uart_rx             1001d770 f   BA_IS_uart_rx.obj
 0001:0001caf0       _BA_IS_uart_setup          1001daf0 f   BA_IS_uart_setup.obj
 0001:0001cdd0       _BA_IS_uart_tx             1001ddd0 f   BA_IS_uart_tx.obj
 0001:0001d160       _CA_MA_rx                  1001e160 f   CA_MA_rx.obj
 0001:0001d3a0       _CA_MA_setup               1001e3a0 f   CA_MA_setup.obj
 0001:0001d850       _CA_MA_status              1001e850 f   CA_MA_status.obj
 0001:0001da70       _CA_MA_tx                  1001ea70 f   CA_MA_tx.obj
 0001:0001dce0       ___local_stdio_scanf_options 1001ece0 f i asciidecode.obj
 0001:0001dcf0       __vsscanf_l                1001ecf0 f i asciidecode.obj
 0001:0001dd20       _asciidecode               1001ed20 f   asciidecode.obj
 0001:0001e7e0       _sscanf                    1001f7e0 f i asciidecode.obj
 0001:0001e810       _asciiencode               1001f810 f   asciiencode.obj
 0001:0001f6a0       _sersetupbase              100206a0 f   sersetupbase.obj
 0001:0001f6f0       _GetPCIDeviceFull          100206f0 f   xpcruntime:xpcimports.obj
 0001:0001f860       _GetPCIDeviceFunction      10020860 f   xpcruntime:xpcimports.obj
 0001:0001f9d0       _ShowPCIDevice             100209d0 f   xpcruntime:xpcimports.obj
 0001:00020000       _slrtGetPciConfigAtFunction 10021000 f   xpcruntime:xpcimports.obj
 0001:00020370       _xpcGetPciConfigAtSlot     10021370 f   xpcruntime:xpcimports.obj
 0001:00020390       _xpcInitProcs              10021390 f   xpcruntime:xpcimports.obj
 0001:00021dc0       _xpceuploadevent           10022dc0 f   xpcruntime:xpcimports.obj
 0001:00021dd0       _bais_boardInit            10022dd0 f   BA_IS_lib:BA_IS_lib.obj
 0001:00021f70       _bais_bpi_flash            10022f70 f   BA_IS_lib:BA_IS_lib.obj
 0001:00022570       _bais_cap                  10023570 f   BA_IS_lib:BA_IS_lib.obj
 0001:00022620       _bais_cap_stop             10023620 f   BA_IS_lib:BA_IS_lib.obj
 0001:00022630       _bais_capuart              10023630 f   BA_IS_lib:BA_IS_lib.obj
 0001:000226d0       _bais_capuart_start        100236d0 f   BA_IS_lib:BA_IS_lib.obj
 0001:000226e0       _bais_capuart_stop         100236e0 f   BA_IS_lib:BA_IS_lib.obj
 0001:000226f0       _bais_dma                  100236f0 f   BA_IS_lib:BA_IS_lib.obj
 0001:00022f00       _bais_dma_read             10023f00 f   BA_IS_lib:BA_IS_lib.obj
 0001:00023030       _bais_dma_setup            10024030 f   BA_IS_lib:BA_IS_lib.obj
 0001:00023480       _bais_dma_stop             10024480 f   BA_IS_lib:BA_IS_lib.obj
 0001:00023540       _bais_fc_tx                10024540 f   BA_IS_lib:BA_IS_lib.obj
 0001:000235e0       _bais_fc_tx_rst            100245e0 f   BA_IS_lib:BA_IS_lib.obj
 0001:00023630       _bais_flash                10024630 f   BA_IS_lib:BA_IS_lib.obj
 0001:00024360       _bais_gpio_di              10025360 f   BA_IS_lib:BA_IS_lib.obj
 0001:000243a0       _bais_gpio_do              100253a0 f   BA_IS_lib:BA_IS_lib.obj
 0001:000243d0       _bais_gpio_setup           100253d0 f   BA_IS_lib:BA_IS_lib.obj
 0001:00024490       _bais_gpio_stop            10025490 f   BA_IS_lib:BA_IS_lib.obj
 0001:000244d0       _bais_gth_setup            100254d0 f   BA_IS_lib:BA_IS_lib.obj
 0001:00025230       _bais_i2c_master_read      10026230 f   BA_IS_lib:BA_IS_lib.obj
 0001:00025350       _bais_i2c_master_write     10026350 f   BA_IS_lib:BA_IS_lib.obj
 0001:00025450       _bais_i2c_setup            10026450 f   BA_IS_lib:BA_IS_lib.obj
 0001:000254d0       _bais_i2c_slave_read       100264d0 f   BA_IS_lib:BA_IS_lib.obj
 0001:00025560       _bais_i2c_slave_write      10026560 f   BA_IS_lib:BA_IS_lib.obj
 0001:00025630       _bais_i2c_stop             10026630 f   BA_IS_lib:BA_IS_lib.obj
 0001:00025a20       _bais_pci_read             10026a20 f   BA_IS_lib:BA_IS_lib.obj
 0001:00025a90       _bais_pci_setup            10026a90 f   BA_IS_lib:BA_IS_lib.obj
 0001:00025d70       _bais_pci_stop             10026d70 f   BA_IS_lib:BA_IS_lib.obj
 0001:00025db0       _bais_pci_write            10026db0 f   BA_IS_lib:BA_IS_lib.obj
 0001:00025e30       _bais_pwm                  10026e30 f   BA_IS_lib:BA_IS_lib.obj
 0001:00025f10       _bais_pwm_stop             10026f10 f   BA_IS_lib:BA_IS_lib.obj
 0001:00025f60       _bais_pwmuart              10026f60 f   BA_IS_lib:BA_IS_lib.obj
 0001:00025f90       _bais_qae                  10026f90 f   BA_IS_lib:BA_IS_lib.obj
 0001:00026030       _bais_qae_setup            10027030 f   BA_IS_lib:BA_IS_lib.obj
 0001:00026060       _bais_spi                  10027060 f   BA_IS_lib:BA_IS_lib.obj
 0001:00026130       _bais_spi_setup            10027130 f   BA_IS_lib:BA_IS_lib.obj
 0001:000261d0       _bais_spi_stop             100271d0 f   BA_IS_lib:BA_IS_lib.obj
 0001:00026200       _bais_uart_port_setup      10027200 f   BA_IS_lib:BA_IS_lib.obj
 0001:00026330       _bais_uart_rx              10027330 f   BA_IS_lib:BA_IS_lib.obj
 0001:000263b0       _bais_uart_setup           100273b0 f   BA_IS_lib:BA_IS_lib.obj
 0001:00026590       _bais_uart_stop            10027590 f   BA_IS_lib:BA_IS_lib.obj
 0001:000265d0       _bais_uart_tx              100275d0 f   BA_IS_lib:BA_IS_lib.obj
 0001:000274e0       _cama_boardInit            100284e0 f   CA_MA_lib:CA_MA_lib.obj
 0001:00027790       _cama_get_status           10028790 f   CA_MA_lib:CA_MA_lib.obj
 0001:000277e0       _cama_init                 100287e0 f   CA_MA_lib:CA_MA_lib.obj
 0001:000279d0       _cama_print_info           100289d0 f   CA_MA_lib:CA_MA_lib.obj
 0001:00027d10       _cama_rx_msg               10028d10 f   CA_MA_lib:CA_MA_lib.obj
 0001:00027e40       _cama_stop                 10028e40 f   CA_MA_lib:CA_MA_lib.obj
 0001:00027e80       _cama_tx_msg               10028e80 f   CA_MA_lib:CA_MA_lib.obj
 0001:00028270       __ftoui3                   10029270 f   LIBCMT:ftol3.obj
 0001:000282b6       __ftoul3                   100292b6 f   LIBCMT:ftol3.obj
 0001:00028328       __ftol3                    10029328 f   LIBCMT:ftol3.obj
 0001:00028395       __dtoui3                   10029395 f   LIBCMT:ftol3.obj
 0001:00028409       __dtoul3                   10029409 f   LIBCMT:ftol3.obj
 0001:000284ab       __dtol3                    100294ab f   LIBCMT:ftol3.obj
 0001:00028560       __ultod3                   10029560 f   LIBCMT:ftol3.obj
 0001:000285c0       __ltod3                    100295c0 f   LIBCMT:ftol3.obj
 0001:000286e5       ___raise_securityfailure   100296e5 f   LIBCMT:gs_report.obj
 0001:00028717       ___report_gsfailure        10029717 f   LIBCMT:gs_report.obj
 0001:0002884e       ___report_rangecheckfailure 1002984e f   LIBCMT:gs_report.obj
 0001:0002885d       ___report_securityfailure  1002985d f   LIBCMT:gs_report.obj
 0001:0002895e       ___report_securityfailureEx 1002995e f   LIBCMT:gs_report.obj
 0001:00028ab7       @__security_check_cookie@4 10029ab7 f   LIBCMT:secchk.obj
 0001:00028acc       ___isa_available_init      10029acc f   LIBCMT:cpu_disp.obj
 0001:0002911d       __CRT_INIT@12              1002a11d f   LIBCMT:dll_dllmain.obj
 0001:00029128       __DllMainCRTStartup@12     1002a128 f   LIBCMT:dll_dllmain.obj
 0001:000291b3       ___security_init_cookie    1002a1b3 f   LIBCMT:gs_support.obj
 0001:00029210       ?__scrt_initialize_type_info@@YAXXZ 1002a210 f   LIBCMT:tncleanup.obj
 0001:0002921f       ?__scrt_uninitialize_type_info@@YAXXZ 1002a21f f   LIBCMT:tncleanup.obj
 0001:0002922e       ___scrt_initialize_default_local_stdio_options 1002a22e f   LIBCMT:default_local_stdio_options.obj
 0001:00029252       ?configure_argv@__scrt_narrow_argv_policy@@SAHXZ 1002a252 f i LIBCMT:utility.obj
 0001:000292b7       ?initialize_environment@__scrt_narrow_environment_policy@@SAHXZ 1002a2b7 f i LIBCMT:utility.obj
 0001:000292fd       _NtCurrentTeb              1002a2fd f i LIBCMT:utility.obj
 0001:00029304       ___scrt_acquire_startup_lock 1002a304 f   LIBCMT:utility.obj
 0001:00029342       ___scrt_dllmain_after_initialize_c 1002a342 f   LIBCMT:utility.obj
 0001:00029377       ___scrt_dllmain_before_initialize_c 1002a377 f   LIBCMT:utility.obj
 0001:00029388       ___scrt_dllmain_crt_thread_attach 1002a388 f   LIBCMT:utility.obj
 0001:000293ae       ___scrt_dllmain_crt_thread_detach 1002a3ae f   LIBCMT:utility.obj
 0001:000293be       ___scrt_dllmain_exception_filter 1002a3be f   LIBCMT:utility.obj
 0001:000293ff       ___scrt_dllmain_uninitialize_c 1002a3ff f   LIBCMT:utility.obj
 0001:0002942a       ___scrt_dllmain_uninitialize_critical 1002a42a f   LIBCMT:utility.obj
 0001:0002943a       ___scrt_initialize_crt     1002a43a f   LIBCMT:utility.obj
 0001:00029481       ___scrt_initialize_onexit_tables 1002a481 f   LIBCMT:utility.obj
 0001:00029529       ___scrt_is_nonwritable_in_current_image 1002a529 f   LIBCMT:utility.obj
 0001:000295e2       ___scrt_release_startup_lock 1002a5e2 f   LIBCMT:utility.obj
 0001:00029606       ___scrt_uninitialize_crt   1002a606 f   LIBCMT:utility.obj
 0001:00029638       __onexit                   1002a638 f   LIBCMT:utility.obj
 0001:00029670       _at_quick_exit             1002a670 f   LIBCMT:utility.obj
 0001:0002969b       _atexit                    1002a69b f   LIBCMT:utility.obj
 0001:000296b5       ___scrt_get_dyn_tls_init_callback 1002a6b5 f   LIBCMT:dyn_tls_init.obj
 0001:000296bb       ___scrt_fastfail           1002a6bb f   LIBCMT:utility_desktop.obj
 0001:0002981b       ___scrt_get_show_window_mode 1002a81b f   LIBCMT:utility_desktop.obj
 0001:00029858       ___scrt_initialize_mta     1002a858 f   LIBCMT:utility_desktop.obj
 0001:0002985d       ___scrt_initialize_winrt   1002a85d f   LIBCMT:utility_desktop.obj
 0001:00029860       ___scrt_is_managed_app     1002a860 f   LIBCMT:utility_desktop.obj
 0001:000298b3       ___scrt_set_unhandled_exception_filter 1002a8b3 f   LIBCMT:utility_desktop.obj
 0001:000298c2       ___scrt_exe_initialize_mta 1002a8c2 f   LIBCMT:utility_desktop.obj
 0001:000298c2       ___scrt_stub_for_initialize_mta 1002a8c2 f   LIBCMT:utility_desktop.obj
 0001:000298c5       ___scrt_unhandled_exception_filter@4 1002a8c5 f   LIBCMT:utility_desktop.obj
 0001:00029930       __crt_debugger_hook        1002a930 f   LIBCMT:utility_desktop.obj
 0001:0002993a       __RTC_Initialize           1002a93a f   LIBCMT:initsect.obj
 0001:00029971       __RTC_Terminate            1002a971 f   LIBCMT:initsect.obj
 0001:000299b0       __SEH_prolog4              1002a9b0 f   LIBCMT:sehprolg4.obj
 0001:000299f4       __SEH_epilog4              1002a9f4 f   LIBCMT:sehprolg4.obj
 0001:00029a1e       @_guard_check_icall_nop@4  1002aa1e f i LIBCMT:guard_support.obj
 0001:00029a21       _ReadNoFence               1002aa21 f i LIBCMT:guard_support.obj
 0001:00029a2d       _ReadPointerNoFence        1002aa2d f i LIBCMT:guard_support.obj
 0001:00029a39       ___castguard_check_failure_debugbreak 1002aa39 f i LIBCMT:guard_support.obj
 0001:00029a5a       ___castguard_check_failure_fastfail 1002aa5a f i LIBCMT:guard_support.obj
 0001:00029a80       ___castguard_check_failure_nop 1002aa80 f i LIBCMT:guard_support.obj
 0001:00029a83       ___castguard_check_failure_os_handled 1002aa83 f i LIBCMT:guard_support.obj
 0001:00029aeb       ___castguard_slow_path_check_debugbreak 1002aaeb f i LIBCMT:guard_support.obj
 0001:00029b23       ___castguard_slow_path_check_fastfail 1002ab23 f i LIBCMT:guard_support.obj
 0001:00029b60       ___castguard_slow_path_check_nop 1002ab60 f i LIBCMT:guard_support.obj
 0001:00029b63       ___castguard_slow_path_check_os_handled 1002ab63 f i LIBCMT:guard_support.obj
 0001:00029be2       __guard_icall_checks_enforced 1002abe2 f i LIBCMT:guard_support.obj
 0001:00029bf8       __get_startup_argv_mode    1002abf8 f   LIBCMT:argv_mode.obj
 0001:00029bfc       ___scrt_is_ucrt_dll_in_use 1002abfc f   LIBCMT:ucrt_detection.obj
 0001:00029c0b       _GetModuleHandleA@4        1002ac0b f   kernel32:KERNEL32.dll
 0001:00029c11       _GetProcAddress@8          1002ac11 f   kernel32:KERNEL32.dll
 0001:00029c17       _UnhandledExceptionFilter@4 1002ac17 f   kernel32:KERNEL32.dll
 0001:00029c1d       _SetUnhandledExceptionFilter@4 1002ac1d f   kernel32:KERNEL32.dll
 0001:00029c23       _GetCurrentProcess@0       1002ac23 f   kernel32:KERNEL32.dll
 0001:00029c29       _TerminateProcess@8        1002ac29 f   kernel32:KERNEL32.dll
 0001:00029c2f       _IsProcessorFeaturePresent@4 1002ac2f f   kernel32:KERNEL32.dll
 0001:00029c35       _QueryPerformanceCounter@4 1002ac35 f   kernel32:KERNEL32.dll
 0001:00029c3b       _GetCurrentProcessId@0     1002ac3b f   kernel32:KERNEL32.dll
 0001:00029c41       _GetCurrentThreadId@0      1002ac41 f   kernel32:KERNEL32.dll
 0001:00029c47       _GetSystemTimeAsFileTime@4 1002ac47 f   kernel32:KERNEL32.dll
 0001:00029c4d       _InitializeSListHead@4     1002ac4d f   kernel32:KERNEL32.dll
 0001:00029c53       _IsDebuggerPresent@0       1002ac53 f   kernel32:KERNEL32.dll
 0001:00029c59       _GetStartupInfoW@4         1002ac59 f   kernel32:KERNEL32.dll
 0001:00029c5f       _GetModuleHandleW@4        1002ac5f f   kernel32:KERNEL32.dll
 0001:00029c70       _memcpy                    1002ac70 f   libvcruntime:memcpy.obj
 0001:0002a350       _strchr                    1002b350 f   libvcruntime:strchr.obj
 0001:0002a3be       ___from_strstr_to_strchr   1002b3be     libvcruntime:strchr.obj
 0001:0002a4d0       _memmove                   1002b4d0 f   libvcruntime:memmove.obj
 0001:0002abb0       _memset                    1002bbb0 f   libvcruntime:memset.obj
 0001:0002ada0       __except_handler4          1002bda0 f   libvcruntime:chandler4.obj
 0001:0002af65       ??$?RD@__crt_internal_free_policy@@QBEXQBD@Z 1002bf65 f i libvcruntime:std_type_info.obj
 0001:0002af79       ??$?RX@__crt_internal_free_policy@@QBEXQBX@Z 1002bf79 f i libvcruntime:std_type_info.obj
 0001:0002af8d       ??$__crt_interlocked_compare_exchange_pointer@$$CBDPAD$$T@@YAPBDPDSBDQAD$$T@Z 1002bf8d f i libvcruntime:std_type_info.obj
 0001:0002afa3       ??$__crt_interlocked_read_pointer@$$CBD@@YAPBDPDSBD@Z 1002bfa3 f i libvcruntime:std_type_info.obj
 0001:0002afaf       ??0?$__crt_unique_heap_ptr@DU__crt_internal_free_policy@@@@QAE@QAD@Z 1002bfaf f i libvcruntime:std_type_info.obj
 0001:0002afc0       ??0?$__crt_unique_heap_ptr@XU__crt_internal_free_policy@@@@QAE@QAX@Z 1002bfc0 f i libvcruntime:std_type_info.obj
 0001:0002afd1       ??1?$__crt_unique_heap_ptr@DU__crt_internal_free_policy@@@@QAE@XZ 1002bfd1 f i libvcruntime:std_type_info.obj
 0001:0002afe5       ??1?$__crt_unique_heap_ptr@XU__crt_internal_free_policy@@@@QAE@XZ 1002bfe5 f i libvcruntime:std_type_info.obj
 0001:0002aff9       ??B?$__crt_unique_heap_ptr@DU__crt_internal_free_policy@@@@QBE_NXZ 1002bff9 f i libvcruntime:std_type_info.obj
 0001:0002b000       ??B?$__crt_unique_heap_ptr@XU__crt_internal_free_policy@@@@QBE_NXZ 1002c000 f i libvcruntime:std_type_info.obj
 0001:0002b03b       ?__crt_interlocked_read_32@@YAHPDH@Z 1002c03b f i libvcruntime:std_type_info.obj
 0001:0002b047       ?detach@?$__crt_unique_heap_ptr@XU__crt_internal_free_policy@@@@QAEPAXXZ 1002c047 f i libvcruntime:std_type_info.obj
 0001:0002b04d       ?get@?$__crt_unique_heap_ptr@DU__crt_internal_free_policy@@@@QBEPADXZ 1002c04d f i libvcruntime:std_type_info.obj
 0001:0002b050       ?get@?$__crt_unique_heap_ptr@XU__crt_internal_free_policy@@@@QBEPAXXZ 1002c050 f i libvcruntime:std_type_info.obj
 0001:0002b053       ?is_valid@?$__crt_unique_heap_ptr@DU__crt_internal_free_policy@@@@QBE_NXZ 1002c053 f i libvcruntime:std_type_info.obj
 0001:0002b05a       ?is_valid@?$__crt_unique_heap_ptr@XU__crt_internal_free_policy@@@@QBE_NXZ 1002c05a f i libvcruntime:std_type_info.obj
 0001:0002b061       ?release@?$__crt_unique_heap_ptr@DU__crt_internal_free_policy@@@@QAEXXZ 1002c061 f i libvcruntime:std_type_info.obj
 0001:0002b075       ?release@?$__crt_unique_heap_ptr@XU__crt_internal_free_policy@@@@QAEXXZ 1002c075 f i libvcruntime:std_type_info.obj
 0001:0002b089       ___std_type_info_compare   1002c089 f   libvcruntime:std_type_info.obj
 0001:0002b0d4       ___std_type_info_destroy_list 1002c0d4 f   libvcruntime:std_type_info.obj
 0001:0002b0ff       ___std_type_info_hash      1002c0ff f   libvcruntime:std_type_info.obj
 0001:0002b12e       ___std_type_info_name      1002c12e f   libvcruntime:std_type_info.obj
 0001:0002b224       ___vcrt_initialize         1002c224 f   libvcruntime:initialization.obj
 0001:0002b24a       ___vcrt_thread_attach      1002c24a f   libvcruntime:initialization.obj
 0001:0002b257       ___vcrt_thread_detach      1002c257 f   libvcruntime:initialization.obj
 0001:0002b264       ___vcrt_uninitialize       1002c264 f   libvcruntime:initialization.obj
 0001:0002b280       ___vcrt_uninitialize_critical 1002c280 f   libvcruntime:initialization.obj
 0001:0002b28d       ___DestructExceptionObject 1002c28d f   libvcruntime:ehhelpers.obj
 0001:0002b356       ?_CallMemberFunction0@@YGXQAX0@Z 1002c356 f i libvcruntime:ehhelpers.obj
 0001:0002b3d4       ?raw_name@type_info@@QBEPBDXZ 1002c3d4 f i libvcruntime:ehhelpers.obj
 0001:0002b3d8       __IsExceptionObjectToBeDestroyed 1002c3d8 f   libvcruntime:ehhelpers.obj
 0001:0002b407       __SetWinRTOutOfMemoryExceptionCallback 1002c407 f   libvcruntime:ehhelpers.obj
 0001:0002b417       ___AdjustPointer           1002c417 f   libvcruntime:ehhelpers.obj
 0001:0002b445       ___FrameUnwindFilter       1002c445 f   libvcruntime:ehhelpers.obj
 0001:0002b4b0       ___GetPlatformExceptionInfo 1002c4b0 f   libvcruntime:ehhelpers.obj
 0001:0002b50f       ___current_exception       1002c50f f   libvcruntime:ehhelpers.obj
 0001:0002b51a       ___current_exception_context 1002c51a f   libvcruntime:ehhelpers.obj
 0001:0002b525       ___processing_throw        1002c525 f   libvcruntime:ehhelpers.obj
 0001:0002b530       ___std_terminate           1002c530 f   libvcruntime:ehhelpers.obj
 0001:0002b535       __is_exception_typeof      1002c535 f   libvcruntime:ehhelpers.obj
 0001:0002b610       __local_unwind4            1002c610 f   libvcruntime:exsup4.obj
 0001:0002b6e4       __seh_longjmp_unwind4@4    1002c6e4 f   libvcruntime:exsup4.obj
 0001:0002b70c       @_EH4_CallFilterFunc@8     1002c70c f   libvcruntime:exsup4.obj
 0001:0002b724       @_EH4_TransferToHandler@8  1002c724 f   libvcruntime:exsup4.obj
 0001:0002b740       @_EH4_GlobalUnwind2@8      1002c740 f   libvcruntime:exsup4.obj
 0001:0002b75c       @_EH4_LocalUnwind@16       1002c75c f   libvcruntime:exsup4.obj
 0001:0002b7d8       ___except_validate_context_record 1002c7d8 f   libvcruntime:jbcxrval.obj
 0001:0002b814       ___except_validate_jump_buffer 1002c814 f   libvcruntime:jbcxrval.obj
 0001:0002b84c       ___except_validate_jump_buffer_common 1002c84c f i libvcruntime:jbcxrval.obj
 0001:0002b893       ??$?0$00@DName@@QAE@PBDU?$StringLifeSelector@$00@@@Z 1002c893 f i libvcruntime:undname.obj
 0001:0002b8d2       ??$?0$00@pcharNode@@QAE@PBDHU?$StringLifeSelector@$00@@@Z 1002c8d2 f i libvcruntime:undname.obj
 0001:0002b8f3       ??$?0$01@DName@@QAE@PBDU?$StringLifeSelector@$01@@@Z 1002c8f3 f i libvcruntime:undname.obj
 0001:0002b932       ??$?0$01@pcharNode@@QAE@PBDHU?$StringLifeSelector@$01@@@Z 1002c932 f i libvcruntime:undname.obj
 0001:0002b982       ??$?0$0A@@DName@@QAE@PBDU?$StringLifeSelector@$0A@@@@Z 1002c982 f i libvcruntime:undname.obj
 0001:0002b9c1       ??$?0$0A@@pcharNode@@QAE@PBDHU?$StringLifeSelector@$0A@@@@Z 1002c9c1 f i libvcruntime:undname.obj
 0001:0002ba11       ??$?0_K$0A@@?$optional@_K@std@@QAE@$$QA_K@Z 1002ca11 f i libvcruntime:undname.obj
 0001:0002ba31       ??$?0_K@?$_Optional_construct_base@_K@std@@QAE@Uin_place_t@1@$$QA_K@Z 1002ca31 f i libvcruntime:undname.obj
 0001:0002ba51       ??$?0_K@?$_Optional_destruct_base@_K$00@std@@QAE@Uin_place_t@1@$$QA_K@Z 1002ca51 f i libvcruntime:undname.obj
 0001:0002ba71       ??$append@VDNameNode@@@DName@@AAEXPBVDNameNode@@@Z 1002ca71 f i libvcruntime:undname.obj
 0001:0002bac2       ??$append@VDNameStatusNode@@@DName@@AAEXPBVDNameStatusNode@@@Z 1002cac2 f i libvcruntime:undname.obj
 0001:0002bb13       ??$append@VcharNode@@@DName@@AAEXPBVcharNode@@@Z 1002cb13 f i libvcruntime:undname.obj
 0001:0002bb64       ??$append@VpDNameNode@@@DName@@AAEXPBVpDNameNode@@@Z 1002cb64 f i libvcruntime:undname.obj
 0001:0002bbb5       ??$append@VpcharNode@@@DName@@AAEXPBVpcharNode@@@Z 1002cbb5 f i libvcruntime:undname.obj
 0001:0002bc06       ??$doPchar@$00@DName@@AAEXPBDH@Z 1002cc06 f i libvcruntime:undname.obj
 0001:0002bc8b       ??$doPchar@$01@DName@@AAEXPBDH@Z 1002cc8b f i libvcruntime:undname.obj
 0001:0002bd18       ??$doPchar@$0A@@DName@@AAEXPBDH@Z 1002cd18 f i libvcruntime:undname.obj
 0001:0002bda5       ??$forward@_K@std@@YA$$QA_KAA_K@Z 1002cda5 f i libvcruntime:undname.obj
 0001:0002bdaf       ??$size@D$04@std@@YAIAAY04$$CBD@Z 1002cdaf f i libvcruntime:undname.obj
 0001:0002bdb3       ??$size@D$0EB@@std@@YAIAAY0EB@$$CBD@Z 1002cdb3 f i libvcruntime:undname.obj
 0001:0002bdb7       ??0?$_Optional_construct_base@_K@std@@QAE@XZ 1002cdb7 f i libvcruntime:undname.obj
 0001:0002bdbe       ??0?$_Optional_destruct_base@_K$00@std@@QAE@XZ 1002cdbe f i libvcruntime:undname.obj
 0001:0002bdc5       ??0?$optional@_K@std@@QAE@XZ 1002cdc5 f i libvcruntime:undname.obj
 0001:0002bdcc       ??0Block@_HeapManager@@QAE@XZ 1002cdcc f i libvcruntime:undname.obj
 0001:0002bdd2       ??0DName@@QAE@AAPBDD@Z     1002cdd2 f   libvcruntime:undname.obj
 0001:0002be72       ??0DName@@QAE@ABUStringLiteral@@@Z 1002ce72 f   libvcruntime:undname.obj
 0001:0002bea2       ??0DName@@QAE@ABV0@@Z      1002cea2 f i libvcruntime:undname.obj
 0001:0002bebd       ??0DName@@QAE@D@Z          1002cebd f   libvcruntime:undname.obj
 0001:0002bee0       ??0DName@@QAE@PAV0@@Z      1002cee0 f   libvcruntime:undname.obj
 0001:0002bf38       ??0DName@@QAE@W4DNameStatus@@@Z 1002cf38 f   libvcruntime:undname.obj
 0001:0002bf88       ??0DName@@QAE@XZ           1002cf88 f i libvcruntime:undname.obj
 0001:0002bf94       ??0DName@@QAE@_J@Z         1002cf94 f   libvcruntime:undname.obj
 0001:0002c043       ??0DName@@QAE@_K@Z         1002d043 f   libvcruntime:undname.obj
 0001:0002c0c2       ??0DNameNode@@IAE@XZ       1002d0c2 f i libvcruntime:undname.obj
 0001:0002c0cd       ??0Replicator@@QAE@XZ      1002d0cd f i libvcruntime:undname.obj
 0001:0002c0de       ??0UnDecorator@@QAE@PBDP6APADJ@ZK@Z 1002d0de f i libvcruntime:undname.obj
 0001:0002c13d       ??0_Nontrivial_dummy_type@std@@QAE@XZ 1002d13d f i libvcruntime:undname.obj
 0001:0002c140       ??0charNode@@QAE@D@Z       1002d140 f i libvcruntime:undname.obj
 0001:0002c15a       ??0pDNameNode@@QAE@PAVDName@@@Z 1002d15a f   libvcruntime:undname.obj
 0001:0002c18c       ??0pairNode@@QAE@PBVDNameNode@@0@Z 1002d18c f i libvcruntime:undname.obj
 0001:0002c1b9       ??2@YAPAXIAAV_HeapManager@@H@Z 1002d1b9 f   libvcruntime:undname.obj
 0001:0002c1df       ??4DName@@QAEAAV0@ABUStringLiteral@@@Z 1002d1df f   libvcruntime:undname.obj
 0001:0002c208       ??4DName@@QAEAAV0@ABV0@@Z  1002d208 f   libvcruntime:undname.obj
 0001:0002c223       ??4DName@@QAEAAV0@D@Z      1002d223 f i libvcruntime:undname.obj
 0001:0002c246       ??4DName@@QAEAAV0@PAV0@@Z  1002d246 f   libvcruntime:undname.obj
 0001:0002c299       ??4DName@@QAEAAV0@W4DNameStatus@@@Z 1002d299 f   libvcruntime:undname.obj
 0001:0002c2d7       ??AReplicator@@QBE?AVDName@@H@Z 1002d2d7 f   libvcruntime:undname.obj
 0001:0002c32e       ??B?$optional@_K@std@@QBE_NXZ 1002d32e f i libvcruntime:undname.obj
 0001:0002c332       ??D?$optional@_K@std@@QGAEAA_KXZ 1002d332 f i libvcruntime:undname.obj
 0001:0002c335       ??H@YA?AVDName@@ABUStringLiteral@@ABV0@@Z 1002d335 f i libvcruntime:undname.obj
 0001:0002c35f       ??H@YA?AVDName@@DABV0@@Z   1002d35f f i libvcruntime:undname.obj
 0001:0002c394       ??H@YA?AVDName@@W4DNameStatus@@ABV0@@Z 1002d394 f i libvcruntime:undname.obj
 0001:0002c3be       ??HDName@@QBE?AV0@ABUStringLiteral@@@Z 1002d3be f   libvcruntime:undname.obj
 0001:0002c3e8       ??HDName@@QBE?AV0@ABV0@@Z  1002d3e8 f   libvcruntime:undname.obj
 0001:0002c412       ??HDName@@QBE?AV0@D@Z      1002d412 f   libvcruntime:undname.obj
 0001:0002c43c       ??HDName@@QBE?AV0@PAV0@@Z  1002d43c f   libvcruntime:undname.obj
 0001:0002c466       ??HDName@@QBE?AV0@W4DNameStatus@@@Z 1002d466 f   libvcruntime:undname.obj
 0001:0002c490       ??HStringLiteral@@QBE?AU0@H@Z 1002d490 f i libvcruntime:undname.obj
 0001:0002c4b0       ??YDName@@QAEAAV0@ABUStringLiteral@@@Z 1002d4b0 f   libvcruntime:undname.obj
 0001:0002c51e       ??YDName@@QAEAAV0@ABV0@@Z  1002d51e f   libvcruntime:undname.obj
 0001:0002c58a       ??YDName@@QAEAAV0@D@Z      1002d58a f   libvcruntime:undname.obj
 0001:0002c5f4       ??YDName@@QAEAAV0@PAV0@@Z  1002d5f4 f   libvcruntime:undname.obj
 0001:0002c671       ??YDName@@QAEAAV0@W4DNameStatus@@@Z 1002d671 f   libvcruntime:undname.obj
 0001:0002c6c1       ??YReplicator@@QAEAAV0@ABVDName@@@Z 1002d6c1 f   libvcruntime:undname.obj
 0001:0002c70e       ??_5DName@@QAEAAV0@ABV0@@Z 1002d70e f   libvcruntime:undname.obj
 0001:0002c731       ??__K_l@@YA?AUStringLiteral@@PBDI@Z 1002d731 f i libvcruntime:undname.obj
 0001:0002c73e       ?Constructor@_HeapManager@@QAEXP6APAXI@ZP6AXPAX@Z@Z 1002d73e f i libvcruntime:undname.obj
 0001:0002c762       ?Destructor@_HeapManager@@QAEXXZ 1002d762 f i libvcruntime:undname.obj
 0001:0002c7ba       ?UScore@UnDecorator@@SA?AUStringLiteral@@W4Tokens@@@Z 1002d7ba f   libvcruntime:undname.obj
 0001:0002c7ea       ?composeDeclaration@UnDecorator@@CA?AVDName@@ABV2@@Z 1002d7ea f i libvcruntime:undname.obj
 0001:0002d869       ?doAccessSpecifiers@UnDecorator@@SAHXZ 1002e869 f i libvcruntime:undname.obj
 0001:0002d87a       ?doAllocationLanguage@UnDecorator@@SAHXZ 1002e87a f i libvcruntime:undname.obj
 0001:0002d88b       ?doAllocationModel@UnDecorator@@SAHXZ 1002e88b f i libvcruntime:undname.obj
 0001:0002d89c       ?doEcsu@UnDecorator@@SAHXZ 1002e89c f i libvcruntime:undname.obj
 0001:0002d8ad       ?doEllipsis@UnDecorator@@SAHXZ 1002e8ad f i libvcruntime:undname.obj
 0001:0002d8be       ?doFunctionReturns@UnDecorator@@SAHXZ 1002e8be f i libvcruntime:undname.obj
 0001:0002d8cf       ?doMSKeywords@UnDecorator@@SAHXZ 1002e8cf f i libvcruntime:undname.obj
 0001:0002d8df       ?doMemberTypes@UnDecorator@@SAHXZ 1002e8df f i libvcruntime:undname.obj
 0001:0002d8f0       ?doNameOnly@UnDecorator@@SAHXZ 1002e8f0 f i libvcruntime:undname.obj
 0001:0002d8fd       ?doNoIdentCharCheck@UnDecorator@@SAHXZ 1002e8fd f i libvcruntime:undname.obj
 0001:0002d90a       ?doPchar@DName@@AAEXD@Z    1002e90a f   libvcruntime:undname.obj
 0001:0002d950       ?doPtr64@UnDecorator@@SAHXZ 1002e950 f i libvcruntime:undname.obj
 0001:0002d961       ?doRestrictionSpec@UnDecorator@@SAHXZ 1002e961 f i libvcruntime:undname.obj
 0001:0002d972       ?doThisTypes@UnDecorator@@SAHXZ 1002e972 f i libvcruntime:undname.obj
 0001:0002d988       ?doThrowTypes@UnDecorator@@SAHXZ 1002e988 f i libvcruntime:undname.obj
 0001:0002d999       ?doTypeOnly@UnDecorator@@SAHXZ 1002e999 f i libvcruntime:undname.obj
 0001:0002d9a6       ?doUnderScore@UnDecorator@@SAHXZ 1002e9a6 f i libvcruntime:undname.obj
 0001:0002d9b3       ?getArgumentList@UnDecorator@@CA?AVDName@@XZ 1002e9b3 f   libvcruntime:undname.obj
 0001:0002db03       ?getArgumentTypes@UnDecorator@@CA?AVDName@@XZ 1002eb03 f   libvcruntime:undname.obj
 0001:0002dc62       ?getArrayObject@UnDecorator@@CA?AVDName@@XZ 1002ec62 f   libvcruntime:undname.obj
 0001:0002dd2c       ?getArrayType@UnDecorator@@CA?AVDName@@ABV2@@Z 1002ed2c f i libvcruntime:undname.obj
 0001:0002df30       ?getBasedType@UnDecorator@@CA?AVDName@@XZ 1002ef30 f   libvcruntime:undname.obj
 0001:0002e019       ?getBasicDataType@UnDecorator@@CA?AVDName@@ABV2@@Z 1002f019 f   libvcruntime:undname.obj
 0001:0002e648       ?getCHPEName@UnDecorator@@QAEPADPADH@Z 1002f648 f i libvcruntime:undname.obj
 0001:0002e75c       ?getCallIndex@UnDecorator@@CA?AVDName@@XZ 1002f75c f i libvcruntime:undname.obj
 0001:0002e775       ?getCallingConvention@UnDecorator@@CA?AVDName@@XZ 1002f775 f   libvcruntime:undname.obj
 0001:0002e889       ?getDataIndirectType@UnDecorator@@CA?AVDName@@ABV2@W4IndirectionKind@@0H@Z 1002f889 f   libvcruntime:undname.obj
 0001:0002f0c4       ?getDataIndirectType@UnDecorator@@CA?AVDName@@XZ 100300c4 f i libvcruntime:undname.obj
 0001:0002f0fd       ?getDataType@UnDecorator@@CA?AVDName@@PAV2@@Z 100300fd f   libvcruntime:undname.obj
 0001:0002f209       ?getDecoratedName@UnDecorator@@CA?AVDName@@XZ 10030209 f   libvcruntime:undname.obj
 0001:0002f50d       ?getDimension@UnDecorator@@CA?AVDName@@_N@Z 1003050d f   libvcruntime:undname.obj
 0001:0002f669       ?getDispatchTarget@UnDecorator@@CA?AVDName@@XZ 10030669 f   libvcruntime:undname.obj
 0001:0002f6d2       ?getDisplacement@UnDecorator@@CA?AVDName@@XZ 100306d2 f i libvcruntime:undname.obj
 0001:0002f6eb       ?getECSUDataType@UnDecorator@@CA?AVDName@@XZ 100306eb f   libvcruntime:undname.obj
 0001:0002f8df       ?getECSUName@UnDecorator@@CA?AVDName@@XZ 100308df f i libvcruntime:undname.obj
 0001:0002f8f4       ?getEnumType@UnDecorator@@CA?AVDName@@XZ 100308f4 f i libvcruntime:undname.obj
 0001:0002fa5c       ?getExtendedDataIndirectType@UnDecorator@@CA?AVDName@@AAW4IndirectionKind@@AA_NH@Z 10030a5c f   libvcruntime:undname.obj
 0001:0002fc7b       ?getExternalDataType@UnDecorator@@CA?AVDName@@ABV2@@Z 10030c7b f i libvcruntime:undname.obj
 0001:0002fcf9       ?getFloatingPoint@UnDecorator@@CA?AVDName@@H@Z 10030cf9 f   libvcruntime:undname.obj
 0001:0002fe20       ?getFunctionIndirectType@UnDecorator@@CA?AVDName@@ABV2@@Z 10030e20 f   libvcruntime:undname.obj
 0001:000302c7       ?getGuardNumber@UnDecorator@@CA?AVDName@@XZ 100312c7 f i libvcruntime:undname.obj
 0001:000302e0       ?getLastChar@DName@@QBEDXZ 100312e0 f i libvcruntime:undname.obj
 0001:00030308       ?getLastChar@DNameStatusNode@@UBEDXZ 10031308 f i libvcruntime:undname.obj
 0001:00030317       ?getLastChar@charNode@@UBEDXZ 10031317 f i libvcruntime:undname.obj
 0001:0003031b       ?getLastChar@pDNameNode@@UBEDXZ 1003131b f i libvcruntime:undname.obj
 0001:0003032c       ?getLastChar@pairNode@@UBEDXZ 1003132c f i libvcruntime:undname.obj
 0001:0003036e       ?getLastChar@pcharNode@@UBEDXZ 1003136e f i libvcruntime:undname.obj
 0001:00030384       ?getLexicalFrame@UnDecorator@@CA?AVDName@@XZ 10031384 f i libvcruntime:undname.obj
 0001:000303c1       ?getMemoryWithBuffer@_HeapManager@@QAEPAXI@Z 100313c1 f   libvcruntime:undname.obj
 0001:00030445       ?getMemoryWithoutBuffer@_HeapManager@@QAEPAXI@Z 10031445 f   libvcruntime:undname.obj
 0001:0003046d       ?getNoexcept@UnDecorator@@CA?AVDName@@XZ 1003146d f   libvcruntime:undname.obj
 0001:000304d6       ?getNumberOfDimensions@UnDecorator@@CAHXZ 100314d6 f   libvcruntime:undname.obj
 0001:0003054f       ?getOperatorName@UnDecorator@@CA?AVDName@@_NPA_N@Z 1003154f f i libvcruntime:undname.obj
 0001:00030d9e       ?getPointerType@UnDecorator@@CA?AVDName@@ABV2@0@Z 10031d9e f i libvcruntime:undname.obj
 0001:00030dbf       ?getPointerTypeArray@UnDecorator@@CA?AVDName@@ABV2@0@Z 10031dbf f i libvcruntime:undname.obj
 0001:00030de0       ?getPrimaryDataType@UnDecorator@@CA?AVDName@@ABV2@@Z 10031de0 f   libvcruntime:undname.obj
 0001:000310c2       ?getPtrRefDataType@UnDecorator@@CA?AVDName@@ABV2@H@Z 100320c2 f   libvcruntime:undname.obj
 0001:0003128a       ?getPtrRefType@UnDecorator@@CA?AVDName@@ABV2@0W4IndirectionKind@@@Z 1003228a f   libvcruntime:undname.obj
 0001:000313df       ?getReferenceType@UnDecorator@@CA?AVDName@@ABV2@0W4IndirectionKind@@@Z 100323df f i libvcruntime:undname.obj
 0001:00031402       ?getRestrictionSpec@UnDecorator@@CA?AVDName@@XZ 10032402 f   libvcruntime:undname.obj
 0001:00031575       ?getReturnType@UnDecorator@@CA?AVDName@@PAV2@@Z 10032575 f   libvcruntime:undname.obj
 0001:000315af       ?getScope@UnDecorator@@CA?AVDName@@XZ 100325af f   libvcruntime:undname.obj
 0001:00031a4d       ?getScopedName@UnDecorator@@CA?AVDName@@XZ 10032a4d f   libvcruntime:undname.obj
 0001:00031b72       ?getSignedDimension@UnDecorator@@CA?AVDName@@XZ 10032b72 f   libvcruntime:undname.obj
 0001:00031bd7       ?getStorageConvention@UnDecorator@@CA?AVDName@@XZ 10032bd7 f i libvcruntime:undname.obj
 0001:00031bec       ?getString@DName@@QBEPADPAD0@Z 10032bec f i libvcruntime:undname.obj
 0001:00031c24       ?getString@DName@@QBEPADPADH@Z 10032c24 f i libvcruntime:undname.obj
 0001:00031c8e       ?getString@DNameStatusNode@@UBEPADPAD0@Z 10032c8e f i libvcruntime:undname.obj
 0001:00031ce5       ?getString@charNode@@UBEPADPAD0@Z 10032ce5 f i libvcruntime:undname.obj
 0001:00031cff       ?getString@pDNameNode@@UBEPADPAD0@Z 10032cff f i libvcruntime:undname.obj
 0001:00031d1b       ?getString@pairNode@@UBEPADPAD0@Z 10032d1b f i libvcruntime:undname.obj
 0001:00031d72       ?getString@pcharNode@@UBEPADPAD0@Z 10032d72 f i libvcruntime:undname.obj
 0001:00031d93       ?getStringEncoding@UnDecorator@@CA?AVDName@@W4PrefixKind@@H@Z 10032d93 f   libvcruntime:undname.obj
 0001:00031e79       ?getStringHelper@@YAPADPADPBD1H@Z 10032e79 f i libvcruntime:undname.obj
 0001:00031ead       ?getStringObject@UnDecorator@@CA?AVDName@@XZ 10032ead f   libvcruntime:undname.obj
 0001:00031f19       ?getSymbolName@UnDecorator@@CA?AVDName@@XZ 10032f19 f i libvcruntime:undname.obj
 0001:00031f73       ?getTemplateArgumentList@UnDecorator@@CA?AVDName@@XZ 10032f73 f   libvcruntime:undname.obj
 0001:0003219e       ?getTemplateName@UnDecorator@@CA?AVDName@@_N@Z 1003319e f   libvcruntime:undname.obj
 0001:00032357       ?getTemplateNonTypeArgument@UnDecorator@@CA?AVDName@@XZ 10033357 f   libvcruntime:undname.obj
 0001:0003272c       ?getTemplateTypeArgument@UnDecorator@@CA?AVDName@@XZ 1003372c f   libvcruntime:undname.obj
 0001:00032873       ?getThisType@UnDecorator@@CA?AVDName@@XZ 10033873 f i libvcruntime:undname.obj
 0001:000328ad       ?getThrowTypes@UnDecorator@@CA?AVDName@@XZ 100338ad f   libvcruntime:undname.obj
 0001:000328d8       ?getTypeEncoding@UnDecorator@@CAHXZ 100338d8 f i libvcruntime:undname.obj
 0001:00032cd4       ?getUndecoratedName@UnDecorator@@QAEPADPADH@Z 10033cd4 f i libvcruntime:undname.obj
 0001:00032e3a       ?getVCallThunkType@UnDecorator@@CA?AVDName@@XZ 10033e3a f i libvcruntime:undname.obj
 0001:00032ea5       ?getValue@UnDecorator@@CA?AV?$optional@_K@std@@XZ 10033ea5 f   libvcruntime:undname.obj
 0001:00032f31       ?getValueObject@UnDecorator@@CA?AVDName@@XZ 10033f31 f   libvcruntime:undname.obj
 0001:00033082       ?getVbTableType@UnDecorator@@CA?AVDName@@ABV2@@Z 10034082 f i libvcruntime:undname.obj
 0001:0003309c       ?getVdispMapType@UnDecorator@@CA?AVDName@@ABV2@@Z 1003409c f i libvcruntime:undname.obj
 0001:00033115       ?getVfTableType@UnDecorator@@CA?AVDName@@ABV2@@Z 10034115 f i libvcruntime:undname.obj
 0001:000332c0       ?getZName@UnDecorator@@CA?AVDName@@_N0@Z 100342c0 f   libvcruntime:undname.obj
 0001:0003355a       ?haveTemplateParameters@UnDecorator@@SAHXZ 1003455a f i libvcruntime:undname.obj
 0001:00033567       ?isArray@DName@@QBEHXZ     10034567 f i libvcruntime:undname.obj
 0001:00033573       ?isComArray@DName@@QBEHXZ  10034573 f i libvcruntime:undname.obj
 0001:0003357f       ?isEmpty@DName@@QBEHXZ     1003457f f i libvcruntime:undname.obj
 0001:00033589       ?isFull@Replicator@@QBEHXZ 10034589 f i libvcruntime:undname.obj
 0001:00033594       ?isNoTE@DName@@QBEHXZ      10034594 f i libvcruntime:undname.obj
 0001:000335a0       ?isPinPtr@DName@@QBEHXZ    100345a0 f i libvcruntime:undname.obj
 0001:000335ac       ?isPtrRef@DName@@QBEHXZ    100345ac f i libvcruntime:undname.obj
 0001:000335b8       ?isUDC@DName@@QBEHXZ       100345b8 f i libvcruntime:undname.obj
 0001:000335cd       ?isUDTThunk@DName@@QBEHXZ  100345cd f i libvcruntime:undname.obj
 0001:000335e2       ?isVCallThunk@DName@@QBEHXZ 100345e2 f i libvcruntime:undname.obj
 0001:000335ee       ?isValid@DName@@QBEHXZ     100345ee f i libvcruntime:undname.obj
 0001:000335fa       ?length@DName@@QBEHXZ      100345fa f i libvcruntime:undname.obj
 0001:00033620       ?length@DNameStatusNode@@UBEHXZ 10034620 f i libvcruntime:undname.obj
 0001:00033624       ?length@charNode@@UBEHXZ   10034624 f i libvcruntime:undname.obj
 0001:00033628       ?length@pDNameNode@@UBEHXZ 10034628 f i libvcruntime:undname.obj
 0001:00033639       ?length@pairNode@@UBEHXZ   10034639 f i libvcruntime:undname.obj
 0001:00033694       ?length@pcharNode@@UBEHXZ  10034694 f i libvcruntime:undname.obj
 0001:00033698       ?make@DNameStatusNode@@SAPBV1@W4DNameStatus@@@Z 10034698 f i libvcruntime:undname.obj
 0001:000336bb       ?parseDecoratedName@UnDecorator@@CA?AVDName@@XZ 100346bb f   libvcruntime:undname.obj
 0001:000337f3       ?raw_length@DNameStatusNode@@UBEHXZ 100347f3 f i libvcruntime:undname.obj
 0001:000337f7       ?raw_length@charNode@@UBEHXZ 100347f7 f i libvcruntime:undname.obj
 0001:000337fb       ?raw_length@pDNameNode@@UBEHXZ 100347fb f i libvcruntime:undname.obj
 0001:000337ff       ?raw_length@pairNode@@UBEHXZ 100347ff f i libvcruntime:undname.obj
 0001:00033803       ?raw_length@pcharNode@@UBEHXZ 10034803 f i libvcruntime:undname.obj
 0001:00033807       ?setIsArray@DName@@QAEXXZ  10034807 f i libvcruntime:undname.obj
 0001:00033811       ?setIsComArray@DName@@QAEXXZ 10034811 f i libvcruntime:undname.obj
 0001:0003381b       ?setIsNoTE@DName@@QAEXXZ   1003481b f i libvcruntime:undname.obj
 0001:00033825       ?setIsPinPtr@DName@@QAEXXZ 10034825 f i libvcruntime:undname.obj
 0001:0003382f       ?setIsUDC@DName@@QAEXXZ    1003482f f i libvcruntime:undname.obj
 0001:0003383f       ?setIsVCallThunk@DName@@QAEXXZ 1003483f f i libvcruntime:undname.obj
 0001:00033849       ?setPtrRef@DName@@QAEAAV1@XZ 10034849 f i libvcruntime:undname.obj
 0001:00033855       ?status@DName@@QBE?AW4DNameStatus@@XZ 10034855 f i libvcruntime:undname.obj
 0001:000338da       ___unDName                 100348da f   libvcruntime:undname.obj
 0001:00033905       ___unDNameEx               10034905 f   libvcruntime:undname.obj
 0001:000339cb       __vsprintf_s_l             100349cb f i libvcruntime:undname.obj
 0001:00033a03       _sprintf_s                 10034a03 f i libvcruntime:undname.obj
 0001:00033a26       _unDNameGenerateCHPE       10034a26 f   libvcruntime:undname.obj
 0001:00033aea       ??$?RU__vcrt_ptd@@@__crt_internal_free_policy@@QBEXQBU__vcrt_ptd@@@Z 10034aea f i libvcruntime:per_thread_data.obj
 0001:00033afe       ??0?$__crt_unique_heap_ptr@U__vcrt_ptd@@U__crt_internal_free_policy@@@@QAE@QAU__vcrt_ptd@@@Z 10034afe f i libvcruntime:per_thread_data.obj
 0001:00033b21       ??1?$__crt_unique_heap_ptr@U__vcrt_ptd@@U__crt_internal_free_policy@@@@QAE@XZ 10034b21 f i libvcruntime:per_thread_data.obj
 0001:00033b40       ??B?$__crt_unique_heap_ptr@U__vcrt_ptd@@U__crt_internal_free_policy@@@@QBE_NXZ 10034b40 f i libvcruntime:per_thread_data.obj
 0001:00033b47       ?detach@?$__crt_unique_heap_ptr@U__vcrt_ptd@@U__crt_internal_free_policy@@@@QAEPAU__vcrt_ptd@@XZ 10034b47 f i libvcruntime:per_thread_data.obj
 0001:00033b4d       ?get@?$__crt_unique_heap_ptr@U__vcrt_ptd@@U__crt_internal_free_policy@@@@QBEPAU__vcrt_ptd@@XZ 10034b4d f i libvcruntime:per_thread_data.obj
 0001:00033b50       ?is_valid@?$__crt_unique_heap_ptr@U__vcrt_ptd@@U__crt_internal_free_policy@@@@QBE_NXZ 10034b50 f i libvcruntime:per_thread_data.obj
 0001:00033b57       ?release@?$__crt_unique_heap_ptr@U__vcrt_ptd@@U__crt_internal_free_policy@@@@QAEXXZ 10034b57 f i libvcruntime:per_thread_data.obj
 0001:00033b8b       ___vcrt_freefls@4          10034b8b f   libvcruntime:per_thread_data.obj
 0001:00033bae       ___vcrt_freeptd            10034bae f   libvcruntime:per_thread_data.obj
 0001:00033bf1       ___vcrt_getptd             10034bf1 f   libvcruntime:per_thread_data.obj
 0001:00033c02       ___vcrt_getptd_noexit      10034c02 f   libvcruntime:per_thread_data.obj
 0001:00033cb8       ___vcrt_getptd_noinit      10034cb8 f   libvcruntime:per_thread_data.obj
 0001:00033cfc       ___vcrt_initialize_ptd     10034cfc f   libvcruntime:per_thread_data.obj
 0001:00033d3b       ___vcrt_uninitialize_ptd   10034d3b f   libvcruntime:per_thread_data.obj
 0001:00033d5c       ___vcrt_initialize_locks   10034d5c f   libvcruntime:locks.obj
 0001:00033da7       ___vcrt_lock               10034da7 f   libvcruntime:locks.obj
 0001:00033dc1       ___vcrt_uninitialize_locks 10034dc1 f   libvcruntime:locks.obj
 0001:00033dfb       ___vcrt_unlock             10034dfb f   libvcruntime:locks.obj
 0001:00033e20       __global_unwind2           10034e20 f   libvcruntime:exsup.obj
 0001:00033e86       __local_unwind2            10034e86 f   libvcruntime:exsup.obj
 0001:00033f0a       __abnormal_termination     10034f0a f   libvcruntime:exsup.obj
 0001:00033f30       __NLG_Notify1              10034f30 f   libvcruntime:exsup.obj
 0001:00033f3c       __NLG_Notify               10034f3c f   libvcruntime:exsup.obj
 0001:00033f53       __NLG_Dispatch             10034f53     libvcruntime:exsup.obj
 0001:00033f53       __NLG_Dispatch2            10034f53     libvcruntime:exsup.obj
 0001:00033f5b       __NLG_Call                 10034f5b f   libvcruntime:exsup.obj
 0001:00033f5d       __NLG_Return2              10034f5d     libvcruntime:exsup.obj
 0001:00033fad       ??$__crt_interlocked_exchange_pointer@$$A6AXXZP6AXXZ@@YAP6AXXZPDS6AXXZQ6AXXZ@Z 10034fad f i libvcruntime:purevirt.obj
 0001:00033fbd       ??$__crt_interlocked_read_pointer@$$A6AXXZ@@YAP6AXXZPDS6AXXZ@Z 10034fbd f i libvcruntime:purevirt.obj
 0001:00033fc9       __get_purecall_handler     10034fc9 f   libvcruntime:purevirt.obj
 0001:00033fcf       __purecall                 10034fcf f   libvcruntime:purevirt.obj
 0001:00033ff2       __set_purecall_handler     10034ff2 f   libvcruntime:purevirt.obj
 0001:00034004       ??$?0AAViterator@TryBlockMap@__FrameHandler3@@AAV012@$0A@@?$pair@Viterator@TryBlockMap@__FrameHandler3@@V123@@std@@QAE@AAViterator@TryBlockMap@__FrameHandler3@@0@Z 10035004 f i libvcruntime:trnsctrl.obj
 0001:00034031       ??$forward@AAViterator@TryBlockMap@__FrameHandler3@@@std@@YAAAViterator@TryBlockMap@__FrameHandler3@@AAV123@@Z 10035031 f i libvcruntime:trnsctrl.obj
 0001:0003403b       ??0iterator@TryBlockMap@__FrameHandler3@@QAE@AAV12@I@Z 1003503b f i libvcruntime:trnsctrl.obj
 0001:00034054       ?GetRangeOfTrysToCheck@__FrameHandler3@@SA?AU?$pair@Viterator@TryBlockMap@__FrameHandler3@@V123@@std@@AAVTryBlockMap@1@HPAXPBU_s_FuncInfo@@H@Z 10035054 f   libvcruntime:trnsctrl.obj
 0001:000340e0       ?_CallCatchBlock2@@YAPAXPAUEHRegistrationNode@@PBU_s_FuncInfo@@PAXHK@Z 100350e0 f   libvcruntime:trnsctrl.obj
 0001:00034155       ?_CallSETranslator@@YAHPAUEHExceptionRecord@@PAUEHRegistrationNode@@PAX2PBU_s_FuncInfo@@H1@Z 10035155 f   libvcruntime:trnsctrl.obj
 0001:00034274       ?_JumpToContinuation@@YGXPAXPAUEHRegistrationNode@@@Z 10035274 f   libvcruntime:trnsctrl.obj
 0001:000342b0       ?_UnwindNestedFrames@@YGXPAUEHRegistrationNode@@PAUEHExceptionRecord@@@Z 100352b0 f   libvcruntime:trnsctrl.obj
 0001:00034317       __CatchGuardHandler        10035317 f   libvcruntime:trnsctrl.obj
 0001:00034354       __CreateFrameInfo          10035354 f   libvcruntime:trnsctrl.obj
 0001:00034381       __FindAndUnlinkFrame       10035381 f   libvcruntime:trnsctrl.obj
 0001:000343db       __TranslatorGuardHandler   100353db f   libvcruntime:trnsctrl.obj
 0001:0003449f       ___CxxFrameHandler         1003549f f   libvcruntime:trnsctrl.obj
 0001:000344e2       ___CxxFrameHandler2        100354e2 f   libvcruntime:trnsctrl.obj
 0001:00034525       ___CxxFrameHandler3        10035525 f   libvcruntime:trnsctrl.obj
 0001:00034568       ___CxxLongjmpUnwind@4      10035568 f   libvcruntime:trnsctrl.obj
 0001:00034596       ??$__crt_interlocked_exchange_pointer@UHINSTANCE__@@PAU1@@@YAPAUHINSTANCE__@@PDSAU0@QAU0@@Z 10035596 f i libvcruntime:winapi_downlevel.obj
 0001:000345a6       ??$__crt_interlocked_exchange_pointer@UHINSTANCE__@@PAX@@YAPAUHINSTANCE__@@PDSAU0@QAX@Z 100355a6 f i libvcruntime:winapi_downlevel.obj
 0001:000345b6       ??$__crt_interlocked_exchange_pointer@XPAX@@YAPAXPDSAXQAX@Z 100355b6 f i libvcruntime:winapi_downlevel.obj
 0001:000345c6       ??$__crt_interlocked_read_pointer@UHINSTANCE__@@@@YAPAUHINSTANCE__@@PDSAU0@@Z 100355c6 f i libvcruntime:winapi_downlevel.obj
 0001:000345d2       ??$__crt_interlocked_read_pointer@X@@YAPAXPDSAX@Z 100355d2 f i libvcruntime:winapi_downlevel.obj
 0001:00034886       ___vcrt_FlsAlloc           10035886 f   libvcruntime:winapi_downlevel.obj
 0001:000348cf       ___vcrt_FlsFree            100358cf f   libvcruntime:winapi_downlevel.obj
 0001:00034918       ___vcrt_FlsGetValue        10035918 f   libvcruntime:winapi_downlevel.obj
 0001:00034961       ___vcrt_FlsSetValue        10035961 f   libvcruntime:winapi_downlevel.obj
 0001:000349ae       ___vcrt_InitializeCriticalSectionEx 100359ae f   libvcruntime:winapi_downlevel.obj
 0001:00035318       ??$TypeMatchHelper@V__FrameHandler3@@@@YAHPBU_s_HandlerType@@PBU_s_CatchableType@@PBU_s_ThrowInfo@@@Z 10036318 f i libvcruntime:frame.obj
 0001:000353c9       ??$__InternalCxxFrameHandler@V__FrameHandler3@@@@YA?AW4_EXCEPTION_DISPOSITION@@PAUEHExceptionRecord@@PAUEHRegistrationNode@@PAU_CONTEXT@@PAXPBU_s_FuncInfo@@H1E@Z 100363c9 f i libvcruntime:frame.obj
 0001:0003550b       ??0HandlerMap@__FrameHandler3@@QAE@PBU_s_TryBlockMapEntry@@II@Z 1003650b f i libvcruntime:frame.obj
 0001:00035527       ??0TryBlockMap@__FrameHandler3@@QAE@PBU_s_FuncInfo@@I@Z 10036527 f i libvcruntime:frame.obj
 0001:00035540       ??0bad_exception@std@@QAE@ABV01@@Z 10036540 f i libvcruntime:frame.obj
 0001:00035561       ??0bad_exception@std@@QAE@XZ 10036561 f i libvcruntime:frame.obj
 0001:0003557f       ??0exception@std@@QAE@ABV01@@Z 1003657f f i libvcruntime:frame.obj
 0001:000355b6       ??0exception@std@@QAE@QBDH@Z 100365b6 f i libvcruntime:frame.obj
 0001:000355da       ??0iterator@HandlerMap@__FrameHandler3@@QAE@AAV12@I@Z 100365da f i libvcruntime:frame.obj
 0001:000355f3       ??1bad_exception@std@@UAE@XZ 100365f3 f i libvcruntime:frame.obj
 0001:00035608       ??1exception@std@@UAE@XZ   10036608 f i libvcruntime:frame.obj
 0001:0003561d       ??8iterator@HandlerMap@__FrameHandler3@@QBE_NABV012@@Z 1003661d f i libvcruntime:frame.obj
 0001:00035634       ??8type_info@@QBE_NABV0@@Z 10036634 f i libvcruntime:frame.obj
 0001:0003565a       ??9iterator@HandlerMap@__FrameHandler3@@QBE_NABV012@@Z 1003665a f i libvcruntime:frame.obj
 0001:00035671       ??Diterator@HandlerMap@__FrameHandler3@@QAE?BU_s_HandlerType@@XZ 10036671 f i libvcruntime:frame.obj
 0001:00035697       ??Diterator@TryBlockMap@__FrameHandler3@@QAE?BU_s_TryBlockMapEntry@@XZ 10036697 f i libvcruntime:frame.obj
 0001:000356c1       ??Eiterator@HandlerMap@__FrameHandler3@@QAEAAV012@XZ 100366c1 f i libvcruntime:frame.obj
 0001:000356c7       ??Eiterator@TryBlockMap@__FrameHandler3@@QAEAAV012@XZ 100366c7 f i libvcruntime:frame.obj
 0001:000356cd       ??Miterator@TryBlockMap@__FrameHandler3@@QBE_NABV012@@Z 100366cd f i libvcruntime:frame.obj
 0001:000356e4       ??_Ebad_exception@std@@UAEPAXI@Z 100366e4 f i libvcruntime:frame.obj
 0001:000356e4       ??_Gbad_exception@std@@UAEPAXI@Z 100366e4 f i libvcruntime:frame.obj
 0001:0003571c       ??_Eexception@std@@UAEPAXI@Z 1003671c f i libvcruntime:frame.obj
 0001:0003571c       ??_Gexception@std@@UAEPAXI@Z 1003671c f i libvcruntime:frame.obj
 0001:00035754       ?BuildCatchObject@__FrameHandler3@@SAXPAUEHExceptionRecord@@PAXPBU_s_HandlerType@@PBU_s_CatchableType@@@Z 10036754 f   libvcruntime:frame.obj
 0001:00035759       ?BuildCatchObjectHelper@__FrameHandler3@@SAHPAUEHExceptionRecord@@PAXPBU_s_HandlerType@@PBU_s_CatchableType@@@Z 10036759 f   libvcruntime:frame.obj
 0001:00035a43       ?FrameUnwindToEmptyState@__FrameHandler3@@SAXPAUEHRegistrationNode@@PAXPBU_s_FuncInfo@@@Z 10036a43 f   libvcruntime:frame.obj
 0001:00035a61       ?FrameUnwindToState@__FrameHandler3@@SAXPAUEHRegistrationNode@@PAXPBU_s_FuncInfo@@H@Z 10036a61 f   libvcruntime:frame.obj
 0001:00035b83       ?GetMaxState@__FrameHandler3@@SAHPAXPBU_s_FuncInfo@@@Z 10036b83 f i libvcruntime:frame.obj
 0001:00035c97       ?TypeMatch@__FrameHandler3@@SAHPBU_s_HandlerType@@PBU_s_CatchableType@@PBU_s_ThrowInfo@@@Z 10036c97 f   libvcruntime:frame.obj
 0001:00035ca2       ?_CallMemberFunction1@@YGXQAX00@Z 10036ca2 f i libvcruntime:frame.obj
 0001:00035cb6       ?_CallMemberFunction2@@YGXQAX00H@Z 10036cb6 f i libvcruntime:frame.obj
 0001:00035ccd       ?begin@HandlerMap@__FrameHandler3@@QAE?AViterator@12@XZ 10036ccd f i libvcruntime:frame.obj
 0001:00035ce1       ?end@HandlerMap@__FrameHandler3@@QAE?AViterator@12@XZ 10036ce1 f i libvcruntime:frame.obj
 0001:00035cf6       ?getESTypes@__FrameHandler3@@SAPBU_s_ESTypeList@@PBU_s_FuncInfo@@@Z 10036cf6 f i libvcruntime:frame.obj
 0001:00035d03       ?getLastEntry@HandlerMap@__FrameHandler3@@QAEPBU_s_HandlerType@@XZ 10036d03 f i libvcruntime:frame.obj
 0001:00035d14       ?getMagicNum@__FrameHandler3@@SAIPBU_s_FuncInfo@@@Z 10036d14 f i libvcruntime:frame.obj
 0001:00035d26       ?getNumTryBlocks@TryBlockMap@__FrameHandler3@@QAEIXZ 10036d26 f i libvcruntime:frame.obj
 0001:00035d2c       ?isEHs@__FrameHandler3@@SA_NPBU_s_FuncInfo@@@Z 10036d2c f i libvcruntime:frame.obj
 0001:00035d3c       ?isNoExcept@__FrameHandler3@@SA_NPBU_s_FuncInfo@@@Z 10036d3c f i libvcruntime:frame.obj
 0001:00035d50       ?what@exception@std@@UBEPBDXZ 10036d50 f i libvcruntime:frame.obj
 0001:00035d60       ___BuildCatchObject        10036d60 f   libvcruntime:frame.obj
 0001:00035d65       ___BuildCatchObjectHelper  10036d65 f   libvcruntime:frame.obj
 0001:00035d70       ___TypeMatch               10036d70 f   libvcruntime:frame.obj
 0001:00035d7b       ___vcrt_EncodePointer      10036d7b f i libvcruntime:frame.obj
 0001:00035d90       __CallSettingFrame@12      10036d90 f   libvcruntime:lowhelpr.obj
 0001:00035db7       __NLG_Return               10036db7     libvcruntime:lowhelpr.obj
 0001:00035e08       __get_unexpected           10036e08 f   libvcruntime:unexpected.obj
 0001:00035e1e       _set_unexpected            10036e1e f   libvcruntime:unexpected.obj
 0001:00035e43       _unexpected                10036e43 f   libvcruntime:unexpected.obj
 0001:00035e67       ?GetCurrentState@__FrameHandler3@@SAHPAUEHRegistrationNode@@PAXPBU_s_FuncInfo@@@Z 10036e67 f   libvcruntime:ehstate.obj
 0001:00035e8b       ?SetState@__FrameHandler3@@SAXPAUEHRegistrationNode@@PBU_s_FuncInfo@@H@Z 10036e8b f   libvcruntime:ehstate.obj
 0001:00035e9c       ??$?RD@__crt_public_free_policy@@QBEXQBD@Z 10036e9c f i libvcruntime:std_exception.obj
 0001:00035eb0       ??0?$__crt_unique_heap_ptr@DU__crt_public_free_policy@@@@QAE@QAD@Z 10036eb0 f i libvcruntime:std_exception.obj
 0001:00035ec1       ??1?$__crt_unique_heap_ptr@DU__crt_public_free_policy@@@@QAE@XZ 10036ec1 f i libvcruntime:std_exception.obj
 0001:00035ed5       ??B?$__crt_unique_heap_ptr@DU__crt_public_free_policy@@@@QBE_NXZ 10036ed5 f i libvcruntime:std_exception.obj
 0001:00035edc       ?detach@?$__crt_unique_heap_ptr@DU__crt_public_free_policy@@@@QAEPADXZ 10036edc f i libvcruntime:std_exception.obj
 0001:00035ee2       ?get@?$__crt_unique_heap_ptr@DU__crt_public_free_policy@@@@QBEPADXZ 10036ee2 f i libvcruntime:std_exception.obj
 0001:00035ee5       ?is_valid@?$__crt_unique_heap_ptr@DU__crt_public_free_policy@@@@QBE_NXZ 10036ee5 f i libvcruntime:std_exception.obj
 0001:00035eec       ?release@?$__crt_unique_heap_ptr@DU__crt_public_free_policy@@@@QAEXXZ 10036eec f i libvcruntime:std_exception.obj
 0001:00035f00       ___std_exception_copy      10036f00 f   libvcruntime:std_exception.obj
 0001:00035f7b       ___std_exception_destroy   10036f7b f   libvcruntime:std_exception.obj
 0001:00035fa1       __CxxThrowException@8      10036fa1 f   libvcruntime:throw.obj
 0001:00036028       _malloc                    10037028 f   libucrt:malloc.obj
 0001:00036035       _free                      10037035 f   libucrt:free.obj
 0001:00036056       ??$?RPAU__crt_stdio_stream_data@@@__crt_internal_free_policy@@QBEXQBQAU__crt_stdio_stream_data@@@Z 10037056 f i libucrt:_file.obj
 0001:0003606c       ??0?$__crt_unique_heap_ptr@PAU__crt_stdio_stream_data@@U__crt_internal_free_policy@@@@QAE@QAPAU__crt_stdio_stream_data@@@Z 1003706c f i libucrt:_file.obj
 0001:00036080       ??0__crt_stdio_stream@@QAE@QAU_iobuf@@@Z 10037080 f i libucrt:_file.obj
 0001:00036094       ??1?$__crt_unique_heap_ptr@PAU__crt_stdio_stream_data@@U__crt_internal_free_policy@@@@QAE@XZ 10037094 f i libucrt:_file.obj
 0001:000360aa       ??C__crt_stdio_stream@@QBEPAU__crt_stdio_stream_data@@XZ 100370aa f i libucrt:_file.obj
 0001:000360ad       ?detach@?$__crt_unique_heap_ptr@PAU__crt_stdio_stream_data@@U__crt_internal_free_policy@@@@QAEPAPAU__crt_stdio_stream_data@@XZ 100370ad f i libucrt:_file.obj
 0001:000360b3       ?release@?$__crt_unique_heap_ptr@PAU__crt_stdio_stream_data@@U__crt_internal_free_policy@@@@QAEXXZ 100370b3 f i libucrt:_file.obj
 0001:000360c9       ___acrt_initialize_stdio   100370c9 f   libucrt:_file.obj
 0001:000361c3       ___acrt_iob_func           100371c3 f   libucrt:_file.obj
 0001:000361d7       ___acrt_uninitialize_stdio 100371d7 f   libucrt:_file.obj
 0001:00036236       __get_stream_buffer_pointers 10037236 f   libucrt:_file.obj
 0001:0003628d       __lock_file                1003728d f   libucrt:_file.obj
 0001:000362a6       __unlock_file              100372a6 f   libucrt:_file.obj
 0001:000362bf       ??$?0ABV?$stream_output_adapter@D@__crt_stdio_output@@AB_KABQBDABQAU__crt_locale_pointers@@ABQAD@?$format_validation_base@DV?$stream_output_adapter@D@__crt_stdio_output@@@__crt_stdio_output@@IAE@ABV?$stream_output_adapter@D@1@AB_KABQBDABQAU__crt_locale_pointers@@ABQAD@Z 100372bf f i libucrt:output.obj
 0001:000362ea       ??$?0ABV?$stream_output_adapter@D@__crt_stdio_output@@AB_KABQBDABQAU__crt_locale_pointers@@ABQAD@?$positional_parameter_base@DV?$stream_output_adapter@D@__crt_stdio_output@@@__crt_stdio_output@@IAE@ABV?$stream_output_adapter@D@1@AB_KABQBDABQAU__crt_locale_pointers@@ABQAD@Z 100372ea f i libucrt:output.obj
 0001:00036344       ??$?0ABV?$stream_output_adapter@D@__crt_stdio_output@@AB_KABQBDABQAU__crt_locale_pointers@@ABQAD@?$standard_base@DV?$stream_output_adapter@D@__crt_stdio_output@@@__crt_stdio_output@@IAE@ABV?$stream_output_adapter@D@1@AB_KABQBDABQAU__crt_locale_pointers@@ABQAD@Z 10037344 f i libucrt:output.obj
 0001:00036386       ??$?0ABV?$stream_output_adapter@_W@__crt_stdio_output@@AB_KABQB_WABQAU__crt_locale_pointers@@ABQAD@?$format_validation_base@_WV?$stream_output_adapter@_W@__crt_stdio_output@@@__crt_stdio_output@@IAE@ABV?$stream_output_adapter@_W@1@AB_KABQB_WABQAU__crt_locale_pointers@@ABQAD@Z 10037386 f i libucrt:output.obj
 0001:000363b1       ??$?0ABV?$stream_output_adapter@_W@__crt_stdio_output@@AB_KABQB_WABQAU__crt_locale_pointers@@ABQAD@?$positional_parameter_base@_WV?$stream_output_adapter@_W@__crt_stdio_output@@@__crt_stdio_output@@IAE@ABV?$stream_output_adapter@_W@1@AB_KABQB_WABQAU__crt_locale_pointers@@ABQAD@Z 100373b1 f i libucrt:output.obj
 0001:0003640b       ??$?0ABV?$stream_output_adapter@_W@__crt_stdio_output@@AB_KABQB_WABQAU__crt_locale_pointers@@ABQAD@?$standard_base@_WV?$stream_output_adapter@_W@__crt_stdio_output@@@__crt_stdio_output@@IAE@ABV?$stream_output_adapter@_W@1@AB_KABQB_WABQAU__crt_locale_pointers@@ABQAD@Z 1003740b f i libucrt:output.obj
 0001:0003644d       ??$?0ABV?$string_output_adapter@D@__crt_stdio_output@@AB_KABQBDABQAU__crt_locale_pointers@@ABQAD@?$format_validation_base@DV?$string_output_adapter@D@__crt_stdio_output@@@__crt_stdio_output@@IAE@ABV?$string_output_adapter@D@1@AB_KABQBDABQAU__crt_locale_pointers@@ABQAD@Z 1003744d f i libucrt:output.obj
 0001:00036478       ??$?0ABV?$string_output_adapter@D@__crt_stdio_output@@AB_KABQBDABQAU__crt_locale_pointers@@ABQAD@?$positional_parameter_base@DV?$string_output_adapter@D@__crt_stdio_output@@@__crt_stdio_output@@IAE@ABV?$string_output_adapter@D@1@AB_KABQBDABQAU__crt_locale_pointers@@ABQAD@Z 10037478 f i libucrt:output.obj
 0001:000364d2       ??$?0ABV?$string_output_adapter@D@__crt_stdio_output@@AB_KABQBDABQAU__crt_locale_pointers@@ABQAD@?$standard_base@DV?$string_output_adapter@D@__crt_stdio_output@@@__crt_stdio_output@@IAE@ABV?$string_output_adapter@D@1@AB_KABQBDABQAU__crt_locale_pointers@@ABQAD@Z 100374d2 f i libucrt:output.obj
 0001:00036514       ??$?0ABV?$string_output_adapter@_W@__crt_stdio_output@@AB_KABQB_WABQAU__crt_locale_pointers@@ABQAD@?$format_validation_base@_WV?$string_output_adapter@_W@__crt_stdio_output@@@__crt_stdio_output@@IAE@ABV?$string_output_adapter@_W@1@AB_KABQB_WABQAU__crt_locale_pointers@@ABQAD@Z 10037514 f i libucrt:output.obj
 0001:0003653f       ??$?0ABV?$string_output_adapter@_W@__crt_stdio_output@@AB_KABQB_WABQAU__crt_locale_pointers@@ABQAD@?$positional_parameter_base@_WV?$string_output_adapter@_W@__crt_stdio_output@@@__crt_stdio_output@@IAE@ABV?$string_output_adapter@_W@1@AB_KABQB_WABQAU__crt_locale_pointers@@ABQAD@Z 1003753f f i libucrt:output.obj
 0001:00036599       ??$?0ABV?$string_output_adapter@_W@__crt_stdio_output@@AB_KABQB_WABQAU__crt_locale_pointers@@ABQAD@?$standard_base@_WV?$string_output_adapter@_W@__crt_stdio_output@@@__crt_stdio_output@@IAE@ABV?$string_output_adapter@_W@1@AB_KABQB_WABQAU__crt_locale_pointers@@ABQAD@Z 10037599 f i libucrt:output.obj
 0001:0003699b       ??$__crt_interlocked_read@J@@YAJPDJ@Z 1003799b f i libucrt:output.obj
 0001:00037bdd       ??$count@D@formatting_buffer@__crt_stdio_output@@QBEIXZ 10038bdd f i libucrt:output.obj
 0001:00037bfb       ??$count@_W@formatting_buffer@__crt_stdio_output@@QBEIXZ 10038bfb f i libucrt:output.obj
 0001:00037c1a       ??$data@D@formatting_buffer@__crt_stdio_output@@QAEPADXZ 10038c1a f i libucrt:output.obj
 0001:00037c2a       ??$data@_W@formatting_buffer@__crt_stdio_output@@QAEPA_WXZ 10038c2a f i libucrt:output.obj
 0001:00037c3a       ??$ensure_buffer_is_big_enough@D@formatting_buffer@__crt_stdio_output@@QAE_NI@Z 10038c3a f i libucrt:output.obj
 0001:00037cd6       ??$ensure_buffer_is_big_enough@_W@formatting_buffer@__crt_stdio_output@@QAE_NI@Z 10038cd6 f i libucrt:output.obj
 0001:00037d73       ??$extract_argument_from_va_list@C_J@?$positional_parameter_base@DV?$stream_output_adapter@D@__crt_stdio_output@@@__crt_stdio_output@@IAE_NAA_J@Z 10038d73 f i libucrt:output.obj
 0001:00037e0a       ??$extract_argument_from_va_list@C_J@?$positional_parameter_base@DV?$string_output_adapter@D@__crt_stdio_output@@@__crt_stdio_output@@IAE_NAA_J@Z 10038e0a f i libucrt:output.obj
 0001:00037ea1       ??$extract_argument_from_va_list@C_J@?$positional_parameter_base@_WV?$stream_output_adapter@_W@__crt_stdio_output@@@__crt_stdio_output@@IAE_NAA_J@Z 10038ea1 f i libucrt:output.obj
 0001:00037f38       ??$extract_argument_from_va_list@C_J@?$positional_parameter_base@_WV?$string_output_adapter@_W@__crt_stdio_output@@@__crt_stdio_output@@IAE_NAA_J@Z 10038f38 f i libucrt:output.obj
 0001:00037fcf       ??$extract_argument_from_va_list@C_J@?$standard_base@DV?$stream_output_adapter@D@__crt_stdio_output@@@__crt_stdio_output@@IAE_NAA_J@Z 10038fcf f i libucrt:output.obj
 0001:00037ff5       ??$extract_argument_from_va_list@C_J@?$standard_base@DV?$string_output_adapter@D@__crt_stdio_output@@@__crt_stdio_output@@IAE_NAA_J@Z 10038ff5 f i libucrt:output.obj
 0001:0003801b       ??$extract_argument_from_va_list@C_J@?$standard_base@_WV?$stream_output_adapter@_W@__crt_stdio_output@@@__crt_stdio_output@@IAE_NAA_J@Z 1003901b f i libucrt:output.obj
 0001:00038041       ??$extract_argument_from_va_list@C_J@?$standard_base@_WV?$string_output_adapter@_W@__crt_stdio_output@@@__crt_stdio_output@@IAE_NAA_J@Z 10039041 f i libucrt:output.obj
 0001:00038067       ??$extract_argument_from_va_list@E_J@?$positional_parameter_base@DV?$stream_output_adapter@D@__crt_stdio_output@@@__crt_stdio_output@@IAE_NAA_J@Z 10039067 f i libucrt:output.obj
 0001:000380fe       ??$extract_argument_from_va_list@E_J@?$positional_parameter_base@DV?$string_output_adapter@D@__crt_stdio_output@@@__crt_stdio_output@@IAE_NAA_J@Z 100390fe f i libucrt:output.obj
 0001:00038195       ??$extract_argument_from_va_list@E_J@?$positional_parameter_base@_WV?$stream_output_adapter@_W@__crt_stdio_output@@@__crt_stdio_output@@IAE_NAA_J@Z 10039195 f i libucrt:output.obj
 0001:0003822c       ??$extract_argument_from_va_list@E_J@?$positional_parameter_base@_WV?$string_output_adapter@_W@__crt_stdio_output@@@__crt_stdio_output@@IAE_NAA_J@Z 1003922c f i libucrt:output.obj
 0001:000382c3       ??$extract_argument_from_va_list@E_J@?$standard_base@DV?$stream_output_adapter@D@__crt_stdio_output@@@__crt_stdio_output@@IAE_NAA_J@Z 100392c3 f i libucrt:output.obj
 0001:000382e9       ??$extract_argument_from_va_list@E_J@?$standard_base@DV?$string_output_adapter@D@__crt_stdio_output@@@__crt_stdio_output@@IAE_NAA_J@Z 100392e9 f i libucrt:output.obj
 0001:0003830f       ??$extract_argument_from_va_list@E_J@?$standard_base@_WV?$stream_output_adapter@_W@__crt_stdio_output@@@__crt_stdio_output@@IAE_NAA_J@Z 1003930f f i libucrt:output.obj
 0001:00038335       ??$extract_argument_from_va_list@E_J@?$standard_base@_WV?$string_output_adapter@_W@__crt_stdio_output@@@__crt_stdio_output@@IAE_NAA_J@Z 10039335 f i libucrt:output.obj
 0001:0003835b       ??$extract_argument_from_va_list@F_J@?$positional_parameter_base@DV?$stream_output_adapter@D@__crt_stdio_output@@@__crt_stdio_output@@IAE_NAA_J@Z 1003935b f i libucrt:output.obj
 0001:000383f2       ??$extract_argument_from_va_list@F_J@?$positional_parameter_base@DV?$string_output_adapter@D@__crt_stdio_output@@@__crt_stdio_output@@IAE_NAA_J@Z 100393f2 f i libucrt:output.obj
 0001:00038489       ??$extract_argument_from_va_list@F_J@?$positional_parameter_base@_WV?$stream_output_adapter@_W@__crt_stdio_output@@@__crt_stdio_output@@IAE_NAA_J@Z 10039489 f i libucrt:output.obj
 0001:00038520       ??$extract_argument_from_va_list@F_J@?$positional_parameter_base@_WV?$string_output_adapter@_W@__crt_stdio_output@@@__crt_stdio_output@@IAE_NAA_J@Z 10039520 f i libucrt:output.obj
 0001:000385b7       ??$extract_argument_from_va_list@F_J@?$standard_base@DV?$stream_output_adapter@D@__crt_stdio_output@@@__crt_stdio_output@@IAE_NAA_J@Z 100395b7 f i libucrt:output.obj
 0001:000385dd       ??$extract_argument_from_va_list@F_J@?$standard_base@DV?$string_output_adapter@D@__crt_stdio_output@@@__crt_stdio_output@@IAE_NAA_J@Z 100395dd f i libucrt:output.obj
 0001:00038603       ??$extract_argument_from_va_list@F_J@?$standard_base@_WV?$stream_output_adapter@_W@__crt_stdio_output@@@__crt_stdio_output@@IAE_NAA_J@Z 10039603 f i libucrt:output.obj
 0001:00038629       ??$extract_argument_from_va_list@F_J@?$standard_base@_WV?$string_output_adapter@_W@__crt_stdio_output@@@__crt_stdio_output@@IAE_NAA_J@Z 10039629 f i libucrt:output.obj
 0001:0003864f       ??$extract_argument_from_va_list@GD@?$positional_parameter_base@DV?$stream_output_adapter@D@__crt_stdio_output@@@__crt_stdio_output@@IAE_NAAD@Z 1003964f f i libucrt:output.obj
 0001:000386e5       ??$extract_argument_from_va_list@GD@?$positional_parameter_base@DV?$string_output_adapter@D@__crt_stdio_output@@@__crt_stdio_output@@IAE_NAAD@Z 100396e5 f i libucrt:output.obj
 0001:0003877b       ??$extract_argument_from_va_list@GD@?$standard_base@DV?$stream_output_adapter@D@__crt_stdio_output@@@__crt_stdio_output@@IAE_NAAD@Z 1003977b f i libucrt:output.obj
 0001:0003879b       ??$extract_argument_from_va_list@GD@?$standard_base@DV?$string_output_adapter@D@__crt_stdio_output@@@__crt_stdio_output@@IAE_NAAD@Z 1003979b f i libucrt:output.obj
 0001:000387bb       ??$extract_argument_from_va_list@G_J@?$positional_parameter_base@DV?$stream_output_adapter@D@__crt_stdio_output@@@__crt_stdio_output@@IAE_NAA_J@Z 100397bb f i libucrt:output.obj
 0001:00038852       ??$extract_argument_from_va_list@G_J@?$positional_parameter_base@DV?$string_output_adapter@D@__crt_stdio_output@@@__crt_stdio_output@@IAE_NAA_J@Z 10039852 f i libucrt:output.obj
 0001:000388e9       ??$extract_argument_from_va_list@G_J@?$positional_parameter_base@_WV?$stream_output_adapter@_W@__crt_stdio_output@@@__crt_stdio_output@@IAE_NAA_J@Z 100398e9 f i libucrt:output.obj
 0001:00038980       ??$extract_argument_from_va_list@G_J@?$positional_parameter_base@_WV?$string_output_adapter@_W@__crt_stdio_output@@@__crt_stdio_output@@IAE_NAA_J@Z 10039980 f i libucrt:output.obj
 0001:00038a17       ??$extract_argument_from_va_list@G_J@?$standard_base@DV?$stream_output_adapter@D@__crt_stdio_output@@@__crt_stdio_output@@IAE_NAA_J@Z 10039a17 f i libucrt:output.obj
 0001:00038a3d       ??$extract_argument_from_va_list@G_J@?$standard_base@DV?$string_output_adapter@D@__crt_stdio_output@@@__crt_stdio_output@@IAE_NAA_J@Z 10039a3d f i libucrt:output.obj
 0001:00038a63       ??$extract_argument_from_va_list@G_J@?$standard_base@_WV?$stream_output_adapter@_W@__crt_stdio_output@@@__crt_stdio_output@@IAE_NAA_J@Z 10039a63 f i libucrt:output.obj
 0001:00038a89       ??$extract_argument_from_va_list@G_J@?$standard_base@_WV?$string_output_adapter@_W@__crt_stdio_output@@@__crt_stdio_output@@IAE_NAA_J@Z 10039a89 f i libucrt:output.obj
 0001:00038aaf       ??$extract_argument_from_va_list@H_J@?$positional_parameter_base@DV?$stream_output_adapter@D@__crt_stdio_output@@@__crt_stdio_output@@IAE_NAA_J@Z 10039aaf f i libucrt:output.obj
 0001:00038b43       ??$extract_argument_from_va_list@H_J@?$positional_parameter_base@DV?$string_output_adapter@D@__crt_stdio_output@@@__crt_stdio_output@@IAE_NAA_J@Z 10039b43 f i libucrt:output.obj
 0001:00038bd7       ??$extract_argument_from_va_list@H_J@?$positional_parameter_base@_WV?$stream_output_adapter@_W@__crt_stdio_output@@@__crt_stdio_output@@IAE_NAA_J@Z 10039bd7 f i libucrt:output.obj
 0001:00038c6b       ??$extract_argument_from_va_list@H_J@?$positional_parameter_base@_WV?$string_output_adapter@_W@__crt_stdio_output@@@__crt_stdio_output@@IAE_NAA_J@Z 10039c6b f i libucrt:output.obj
 0001:00038cff       ??$extract_argument_from_va_list@H_J@?$standard_base@DV?$stream_output_adapter@D@__crt_stdio_output@@@__crt_stdio_output@@IAE_NAA_J@Z 10039cff f i libucrt:output.obj
 0001:00038d24       ??$extract_argument_from_va_list@H_J@?$standard_base@DV?$string_output_adapter@D@__crt_stdio_output@@@__crt_stdio_output@@IAE_NAA_J@Z 10039d24 f i libucrt:output.obj
 0001:00038d49       ??$extract_argument_from_va_list@H_J@?$standard_base@_WV?$stream_output_adapter@_W@__crt_stdio_output@@@__crt_stdio_output@@IAE_NAA_J@Z 10039d49 f i libucrt:output.obj
 0001:00038d6e       ??$extract_argument_from_va_list@H_J@?$standard_base@_WV?$string_output_adapter@_W@__crt_stdio_output@@@__crt_stdio_output@@IAE_NAA_J@Z 10039d6e f i libucrt:output.obj
[...]
 0002:00017b80       __sehtable$??$?RV<lambda_6d20deecaf4856105ebacbad442d1079>@@AAV<lambda_9a32fed5bf61b6b509b2d3f6003082a1>@@V<lambda_63ea2239ed67c638ddbae41947fdf875>@@@?$__crt_seh_guarded_call@H@@QAEH$$QAV<lambda_6d20deecaf4856105ebacbad442d1079>@@AAV<lambda_9a32fed5bf61b6b509b2d3f6003082a1>@@$$QAV<lambda_63ea2239ed67c638ddbae41947fdf875>@@@Z 100a7b80     libucrt:fflush.obj
 0002:00017ba0       __sehtable$___acrt_initialize_lowio 100a7ba0     libucrt:ioinit.obj
 0002:00017bc0       __sehtable$??$?RV<lambda_15ade71b0218206bbe3333a0c9b79046>@@AAV<lambda_da44e0f8b0f19ba52fefafb335991732>@@V<lambda_207f2d024fc103971653565357d6cd41>@@@?$__crt_seh_guarded_call@X@@QAEX$$QAV<lambda_15ade71b0218206bbe3333a0c9b79046>@@AAV<lambda_da44e0f8b0f19ba52fefafb335991732>@@$$QAV<lambda_207f2d024fc103971653565357d6cd41>@@@Z 100a7bc0     libucrt:per_thread_data.obj
 0002:00017be0       __sehtable$??$?RV<lambda_a7e850c220f1c8d1e6efeecdedd162c6>@@AAV<lambda_46720907175c18b6c9d2717bc0d2d362>@@V<lambda_9048902d66e8d99359bc9897bbb930a8>@@@?$__crt_seh_guarded_call@X@@QAEX$$QAV<lambda_a7e850c220f1c8d1e6efeecdedd162c6>@@AAV<lambda_46720907175c18b6c9d2717bc0d2d362>@@$$QAV<lambda_9048902d66e8d99359bc9897bbb930a8>@@@Z 100a7be0     libucrt:per_thread_data.obj
 0002:00017c00       __sehtable$??$?RV<lambda_38edbb1296d33220d7e4dd0ed76b244a>@@AAV<lambda_5ce1d447e08cb34b2473517608e21441>@@V<lambda_fb385d3da700c9147fc39e65dd577a8c>@@@?$__crt_seh_guarded_call@X@@QAEX$$QAV<lambda_38edbb1296d33220d7e4dd0ed76b244a>@@AAV<lambda_5ce1d447e08cb34b2473517608e21441>@@$$QAV<lambda_fb385d3da700c9147fc39e65dd577a8c>@@@Z 100a7c00     libucrt:per_thread_data.obj
 0002:00017c20       __sehtable$??$?RV<lambda_6affb1475c98b40b75cdec977db92e3c>@@AAV<lambda_b8d4b9c228a6ecc3f80208dbb4b4a104>@@V<lambda_608742c3c92a14382c1684fc64f96c88>@@@?$__crt_seh_guarded_call@X@@QAEX$$QAV<lambda_6affb1475c98b40b75cdec977db92e3c>@@AAV<lambda_b8d4b9c228a6ecc3f80208dbb4b4a104>@@$$QAV<lambda_608742c3c92a14382c1684fc64f96c88>@@@Z 100a7c20     libucrt:per_thread_data.obj
 0002:00017c40       __sehtable$_fputwc         100a7c40     libucrt:fputwc.obj
 0002:00017c60       __sehtable$_fputc          100a7c60     libucrt:fputc.obj
 0002:00017c80       __sehtable$__free_locale   100a7c80     libucrt:wsetlocale.obj
 0002:00017cb0       __sehtable$??$?RV<lambda_e5124f882df8998aaf41531e079ba474>@@AAV<lambda_3e16ef9562a7dcce91392c22ab16ea36>@@V<lambda_e25ca0880e6ef98be67edffd8c599615>@@@?$__crt_seh_guarded_call@X@@QAEX$$QAV<lambda_e5124f882df8998aaf41531e079ba474>@@AAV<lambda_3e16ef9562a7dcce91392c22ab16ea36>@@$$QAV<lambda_e25ca0880e6ef98be67edffd8c599615>@@@Z 100a7cb0     libucrt:wsetlocale.obj
 0002:00017cd0       __sehtable$??$?RV<lambda_82aef432098b982f9ede325b418aa67a>@@AAV<lambda_862e9a3f04921db6ca1ce3faa2bf3edf>@@V<lambda_ffabc152e504b53d7492b9889b10c020>@@@?$__crt_seh_guarded_call@X@@QAEX$$QAV<lambda_82aef432098b982f9ede325b418aa67a>@@AAV<lambda_862e9a3f04921db6ca1ce3faa2bf3edf>@@$$QAV<lambda_ffabc152e504b53d7492b9889b10c020>@@@Z 100a7cd0     libucrt:wsetlocale.obj
 0002:00017cf0       __sehtable$??$?RV<lambda_6673f7c4c09a5d469d0c27ae364621ce>@@AAV<lambda_ebab98244f73a74f49db879bf13fa982>@@V<lambda_be20789b7a146653eab82509ec35b419>@@@?$__crt_seh_guarded_call@X@@QAEX$$QAV<lambda_6673f7c4c09a5d469d0c27ae364621ce>@@AAV<lambda_ebab98244f73a74f49db879bf13fa982>@@$$QAV<lambda_be20789b7a146653eab82509ec35b419>@@@Z 100a7cf0     libucrt:wsetlocale.obj
 0002:00017d10       __sehtable$??$?RV<lambda_4fdada1b837b2abbf20876fac97688ad>@@AAV<lambda_b57350f2640456a0859d250846f69caf>@@V<lambda_eed5e4f92b5b7d55fa22c48c484aaa54>@@@?$__crt_seh_guarded_call@X@@QAEX$$QAV<lambda_4fdada1b837b2abbf20876fac97688ad>@@AAV<lambda_b57350f2640456a0859d250846f69caf>@@$$QAV<lambda_eed5e4f92b5b7d55fa22c48c484aaa54>@@@Z 100a7d10     libucrt:wsetlocale.obj
 0002:00017d30       __sehtable$??$?RV<lambda_135d2772fca65dc1248eeaa1b56e886a>@@AAV<lambda_2a444430fde8c29194d880d93eed5e8f>@@AAV<lambda_8dff2cf36a5417162780cd64fa2883ef>@@@?$__crt_seh_guarded_call@X@@QAEX$$QAV<lambda_135d2772fca65dc1248eeaa1b56e886a>@@AAV<lambda_2a444430fde8c29194d880d93eed5e8f>@@AAV<lambda_8dff2cf36a5417162780cd64fa2883ef>@@@Z 100a7d30     libucrt:wsetlocale.obj
 0002:00017d50       __sehtable$??$?RV<lambda_218ce3db14220d0be481dae8ef3383b6>@@AAV<lambda_628dfdc04ba53c8bfc02c9951375f3f5>@@V<lambda_57dc472bd5c9d5f3b2cbca59b8a843ae>@@@?$__crt_seh_guarded_call@H@@QAEH$$QAV<lambda_218ce3db14220d0be481dae8ef3383b6>@@AAV<lambda_628dfdc04ba53c8bfc02c9951375f3f5>@@$$QAV<lambda_57dc472bd5c9d5f3b2cbca59b8a843ae>@@@Z 100a7d50     libucrt:close.obj
 0002:00017d70       __sehtable$?__acrt_stdio_allocate_stream@@YA?AV__crt_stdio_stream@@XZ 100a7d70     libucrt:stream.obj
 0002:00017d90       __sehtable$__read          100a7d90     libucrt:read.obj
 0002:00017db0       __sehtable$__write         100a7db0     libucrt:write.obj
 0002:00017dd0       __sehtable$??$common_lseek@J@@YAJHJH@Z 100a7dd0     libucrt:lseek.obj
 0002:00017df0       __sehtable$??$common_lseek@_J@@YA_JH_JH@Z 100a7df0     libucrt:lseek.obj
 0002:00017e10       __sehtable$___set_fpsr_sse2 100a7e10     libucrt:fpctrl.obj
 0002:00017e30       __sehtable$_fgetwc         100a7e30     libucrt:fgetwc.obj
 0002:00017e50       __sehtable$_ungetwc        100a7e50     libucrt:ungetwc.obj
 0002:00017e70       __sehtable$_fgetc          100a7e70     libucrt:fgetc.obj
 0002:00017e90       __sehtable$_ungetc         100a7e90     libucrt:ungetc.obj
 0002:00017eb0       __sehtable$?update_thread_multibyte_data_internal@@YAPAU__crt_multibyte_data@@QAU__acrt_ptd@@QAPAU1@@Z 100a7eb0     libucrt:mbctype.obj
 0002:00017ed0       __sehtable$??$?RV<lambda_ceb1ee4838e85a9d631eb091e2fbe199>@@AAV<lambda_ae742caa10f662c28703da3d2ea5e57e>@@V<lambda_cd08b5d6af4937fe54fc07d0c9bf6b37>@@@?$__crt_seh_guarded_call@X@@QAEX$$QAV<lambda_ceb1ee4838e85a9d631eb091e2fbe199>@@AAV<lambda_ae742caa10f662c28703da3d2ea5e57e>@@$$QAV<lambda_cd08b5d6af4937fe54fc07d0c9bf6b37>@@@Z 100a7ed0     libucrt:mbctype.obj
 0002:00017ef0       __sehtable$__query_new_handler 100a7ef0     libucrt:new_handler.obj
 0002:00017f10       __sehtable$__set_new_handler 100a7f10     libucrt:new_handler.obj
 0002:00017f30       __sehtable$_signal         100a7f30     libucrt:signal.obj
 0002:00017f50       __sehtable$_raise          100a7f50     libucrt:signal.obj
 0002:00017f70       __sehtable$?ctrlevent_capture@@YGHK@Z 100a7f70     libucrt:signal.obj
 0002:00017f90       __sehtable$??$?RV<lambda_cbab9ec6f41b0180b23cc171c22676b0>@@AAV<lambda_44731a7d0e6d81c3e6aa82d741081786>@@V<lambda_4b292cb8dd18144e164572427af410ab>@@@?$__crt_seh_guarded_call@P6AXH@Z@@QAEP6AXH@Z$$QAV<lambda_cbab9ec6f41b0180b23cc171c22676b0>@@AAV<lambda_44731a7d0e6d81c3e6aa82d741081786>@@$$QAV<lambda_4b292cb8dd18144e164572427af410ab>@@@Z 100a7f90     libucrt:signal.obj
 0002:00017fb0       __sehtable$??$?RV<lambda_9e9de3de5fa147e2223d7db92bc10aa6>@@AAV<lambda_38ce7e780aa69e748d6df282ebc68efe>@@V<lambda_8ca6da459f0f6780f1cff60fdc3d00e5>@@@?$__crt_seh_guarded_call@H@@QAEH$$QAV<lambda_9e9de3de5fa147e2223d7db92bc10aa6>@@AAV<lambda_38ce7e780aa69e748d6df282ebc68efe>@@$$QAV<lambda_8ca6da459f0f6780f1cff60fdc3d00e5>@@@Z 100a7fb0     libucrt:commit.obj
 0002:00017fd0       __sehtable$__open_osfhandle 100a7fd0     libucrt:osfinfo.obj
 0002:00017ff0       __sehtable$__alloc_osfhnd  100a7ff0     libucrt:osfinfo.obj
 0002:00018010       __sehtable$___acrt_lowio_ensure_fh_exists 100a8010     libucrt:osfinfo.obj
 0002:00018030       __sehtable$___acrt_update_thread_locale_data 100a8030     libucrt:locale_refcounting.obj
 0002:00018050       __sehtable$??$common_open@D@@YAHQBDHH@Z 100a8050     libucrt:open.obj
 0002:00018070       __sehtable$??$common_open@_W@@YAHQB_WHH@Z 100a8070     libucrt:open.obj
 0002:00018090       __sehtable$??$common_sopen_dispatch@D@@YAHQBDHHHQAHH@Z 100a8090     libucrt:open.obj
 0002:000180b0       __sehtable$??$common_sopen_dispatch@_W@@YAHQB_WHHHQAHH@Z 100a80b0     libucrt:open.obj
 0002:000180d0       __sehtable$??$?RV<lambda_f828341fbe69b7c0d4c527b01f22877f>@@AAV<lambda_9e0b6ab72a5b3ae37ad997d08b519f50>@@V<lambda_f01deac0a8d65d6e0411edf7e0af5775>@@@?$__crt_seh_guarded_call@G@@QAEG$$QAV<lambda_f828341fbe69b7c0d4c527b01f22877f>@@AAV<lambda_9e0b6ab72a5b3ae37ad997d08b519f50>@@$$QAV<lambda_f01deac0a8d65d6e0411edf7e0af5775>@@@Z 100a80d0     libucrt:putwch.obj
 0002:000180f0       __sehtable$__setmode       100a80f0     libucrt:setmode.obj
 0002:00018110       __sehtable$??$?RV<lambda_3b12a17125e8c5b5e6e6f6c6050db0c1>@@AAV<lambda_522ac1b1e1a1180d6f374a882b81d1c8>@@V<lambda_e92b96cac182f562f30acc9fb7872857>@@@?$__crt_seh_guarded_call@H@@QAEH$$QAV<lambda_3b12a17125e8c5b5e6e6f6c6050db0c1>@@AAV<lambda_522ac1b1e1a1180d6f374a882b81d1c8>@@$$QAV<lambda_e92b96cac182f562f30acc9fb7872857>@@@Z 100a8110     libucrt:chsize.obj
 0002:00018130       __sehtable$__IsNonwritableInCurrentImage 100a8130     LIBCMT:pesect.obj
 0002:000183b0       .edata                     100a83b0     RITM_test_RT1007_slrt.exp
 0002:000183d8       rgpv                       100a83d8     RITM_test_RT1007_slrt.exp
 0002:000183f4       rgszName                   100a83f4     RITM_test_RT1007_slrt.exp
 0002:00018410       rgwOrd                     100a8410     RITM_test_RT1007_slrt.exp
 0002:0001841e       szName                     100a841e     RITM_test_RT1007_slrt.exp
 0002:00018438       $N00001                    100a8438     RITM_test_RT1007_slrt.exp
 0002:00018443       $N00002                    100a8443     RITM_test_RT1007_slrt.exp
 0002:0001844c       $N00003                    100a844c     RITM_test_RT1007_slrt.exp
 0002:00018459       $N00004                    100a8459     RITM_test_RT1007_slrt.exp
 0002:00018463       $N00005                    100a8463     RITM_test_RT1007_slrt.exp
 0002:00018473       $N00006                    100a8473     RITM_test_RT1007_slrt.exp
 0002:00018481       $N00007                    100a8481     RITM_test_RT1007_slrt.exp
 0003:00000010       _mdlInfo                   100a9010     xpctarget.obj
 0003:00000110       _rtDataAddrMap             100a9110     RITM_test_RT1007_capi.obj
 0003:00000510       _mmiStatic                 100a9510     RITM_test_RT1007_capi.obj
 0003:0000154c       _rtwCAPI_mallocError       100aa54c     rtw_modelmap_utils.obj
 0003:00001550       _basedivisors              100aa550     sersetupbase.obj
 0003:00001610       ?prefix@?1??getDimension@UnDecorator@@CA?AVDName@@_N@Z@4UStringLiteral@@A 100aa610     libvcruntime:undname.obj
 0003:0000161c       ?__vcrt_flsindex@@3KA      100aa61c     libvcruntime:per_thread_data.obj
 0003:00001714       ?errno_no_memory@@3HA      100aa714     libucrt:errno.obj
 0003:00001718       ?doserrno_no_memory@@3KA   100aa718     libucrt:errno.obj
 0003:00001764       ?__acrt_flsindex@@3KA      100aa764     libucrt:per_thread_data.obj
 0003:00001768       __ctype_loc_style          100aa768     libucrt:wsetlocale.obj
 0003:00001994       ?__DAZ_ENABLED@?1??__set_fpsr_sse2@@9@9 100aa994     libucrt:fpctrl.obj
 0003:00001c38       __mbctypes                 100aac38     libucrt:mbctype.obj
 0003:00001d70       __mbcasemaps               100aad70     libucrt:mbctype.obj
 0003:00001ea4       ?__rgctypeflag@@3PADA      100aaea4     libucrt:mbctype.obj
 0003:00001ea8       ?__rgcode_page_info@@3PAUcode_page_info@@A 100aaea8     libucrt:mbctype.obj
 0003:00002040       ?__dcrt_lowio_console_output_handle@@3PAXA 100ab040     libucrt:initcon.obj
 0003:00002424       _rtm                       100ab424     xpctarget.obj
 0003:00002438       ?dims@?1??rt_mxGetDimensions@@9@9 100ab438     rt_matrx.obj
 0003:00002448       ?msg@?4??RITM_test_RT_RS232ISR_Start@@9@9 100ab448     RITM_test_RT1007.obj
 0003:00002480       ?msg@?M@??RITM_test_RT1007_RS232ISR@@9@9 100ab480     RITM_test_RT1007.obj
 0003:000024e4       ?msg@?4??RITM_test__RS232ISR_k_Start@@9@9 100ab4e4     RITM_test_RT1007.obj
 0003:00002518       ?msg@?M@??RITM_test_RT1007_RS232ISR_j@@9@9 100ab518     RITM_test_RT1007.obj
 0003:00002580       ?msg@?4??RITM_test_RT1007_output1@@9@9 100ab580     RITM_test_RT1007.obj
 0003:000025e8       ?msg@?9??RITM_test_RT1007_output1@@9@9 100ab5e8     RITM_test_RT1007.obj
 0003:00002650       ?msg@?BC@??RITM_test_RT1007_output1@@9@9 100ab650     RITM_test_RT1007.obj
 0003:000026b8       ?msg@?BH@??RITM_test_RT1007_output1@@9@9 100ab6b8     RITM_test_RT1007.obj
 0003:00002720       ?ermsg@?EH@??RITM_test_RT1007_initialize@@9@9 100ab720     RITM_test_RT1007.obj
 0003:00002788       ?ermsg@?EJ@??RITM_test_RT1007_initialize@@9@9 100ab788     RITM_test_RT1007.obj
 0003:000027f0       ?rt_DataLoggingInfo@?4??RITM_test_RT1007@@9@9 100ab7f0     RITM_test_RT1007.obj
 0003:00002904       _rtVarDimsAddrMap          100ab904     RITM_test_RT1007_capi.obj
 0003:00002938       _msg                       100ab938     BA_IS_cap.obj
 0003:00002a70       _msg                       100aba70     BA_IS_gpio_di.obj
 0003:00002ba8       _msg                       100abba8     BA_IS_gpio_do.obj
 0003:00002ce0       _msg                       100abce0     BA_IS_i2c_read.obj
 0003:00002e18       _msg                       100abe18     BA_IS_pwm.obj
 0003:00002f50       _msg                       100abf50     BA_IS_spi.obj
 0003:00003088       _msg                       100ac088     BA_IS_uart_rx.obj
 0003:000031c0       _msg                       100ac1c0     BA_IS_uart_setup.obj
 0003:000032f8       _msg                       100ac2f8     BA_IS_uart_tx.obj
 0003:00003430       _msg                       100ac430     CA_MA_rx.obj
 0003:00003568       _msg                       100ac568     CA_MA_setup.obj
 0003:000036a0       _msg                       100ac6a0     CA_MA_status.obj
 0003:000037d8       _msg                       100ac7d8     CA_MA_tx.obj
 0003:00003910       _msg                       100ac910     asciidecode.obj
 0003:00003a48       _msg                       100aca48     asciiencode.obj
 0003:00003b88       _msg                       100acb88     sersetupbase.obj
 0003:00003cc0       _boards                    100accc0     BA_IS_lib:BA_IS_lib.obj
 0003:00004338       _boards                    100ad338     CA_MA_lib:CA_MA_lib.obj
 0003:000043f0       _GS_ExceptionRecord        100ad3f0     LIBCMT:gs_report.obj
 0003:00004440       _GS_ContextRecord          100ad440     LIBCMT:gs_report.obj
 0003:000047b8       ?__proc_attached@@3HA      100ad7b8     LIBCMT:dll_dllmain.obj
 0003:000047f4       ?is_initialized_as_dll@@3_NA 100ad7f4     LIBCMT:utility.obj
 0003:000047f5       ?module_local_atexit_table_initialized@@3_NA 100ad7f5     LIBCMT:utility.obj
 0003:000047f8       ?module_local_atexit_table@@3U_onexit_table_t@@A 100ad7f8     LIBCMT:utility.obj
 0003:00004804       ?module_local_at_quick_exit_table@@3U_onexit_table_t@@A 100ad804     LIBCMT:utility.obj
 0003:0000484c       ?heap@@3V_HeapManager@@A   100ad84c     libvcruntime:undname.obj
 0003:0000486c       ?__vcrt_startup_thread_ptd@@3U__vcrt_ptd@@A 100ad86c     libvcruntime:per_thread_data.obj
 0003:0000489c       ___vcrt_lock_table         100ad89c     libvcruntime:locks.obj
 0003:000048b4       ___vcrt_locks_initialized  100ad8b4     libvcruntime:locks.obj
 0003:000048c0       ?module_handles@@3PAPAUHINSTANCE__@@A 100ad8c0     libvcruntime:winapi_downlevel.obj
 0003:000048cc       ?function_pointers@@3PAPAXA 100ad8cc     libvcruntime:winapi_downlevel.obj
 0003:000048fc       ?c_termination_complete@@3JA 100ad8fc     libucrt:exit.obj
 0003:00004900       ?thread_local_exit_callback_func@@3P6GXPAXK0@ZA 100ad900     libucrt:exit.obj
 0003:00004908       ?program_name@?1???$common_configure_argv@D@@YAHW4_crt_argv_mode@@@Z@4PADA 100ad908     libucrt:argv_parsing.obj
 0003:00004a48       ?program_name@?1???$common_configure_argv@_W@@YAHW4_crt_argv_mode@@@Z@4PA_WA 100ada48     libucrt:argv_parsing.obj
 0003:00004cf0       ?__acrt_invalid_parameter_handler@@3V?$dual_state_global@P6AXPB_W00II@Z@__crt_state_management@@A 100adcf0     libucrt:invalid_parameter.obj
 0003:00004cf8       ?module_handles@@3PAPAUHINSTANCE__@@A 100adcf8     libucrt:winapi_thunks.obj
 0003:00004d48       ?encoded_function_pointers@@3PAPAXA 100add48     libucrt:winapi_thunks.obj
 0003:00004dfc       ?static_enum_proc@?1??enum_system_locales_ex_nolock@@YAHQ6GHPA_WKJ@Z@Z@4P6GH0KJ@ZA 100addfc     libucrt:winapi_thunks.obj
 0003:0000506c       ?internal_state@?1??_mbtowc_l@@9@4U_Mbstatet@@A 100ae06c     libucrt:mbtowc.obj
 0003:00005078       ?enable_percent_n@@3IA     100ae078     libucrt:printf_count_output.obj
 0003:00005090       ?__acrt_lock_table@@3PAU_RTL_CRITICAL_SECTION@@A 100ae090     libucrt:locks.obj
 0003:000051e0       ?__acrt_locks_initialized@@3IA 100ae1e0     libucrt:locks.obj
 0003:00005228       ?state_cache@?1???$get_cached_win_policy@Ubegin_thread_init_policy_properties@?1??__acrt_get_begin_thread_init_policy@@YA?AW4begin_thread_init_policy@@XZ@@@YA?AW4begin_thread_init_policy@@W4AppPolicyThreadInitializationType@@@Z@4JA 100ae228     libucrt:win_policies.obj
 0003:0000522c       ?state_cache@?1???$get_cached_win_policy@Udeveloper_information_policy_properties@?1??__acrt_get_developer_information_policy@@YA?AW4developer_information_policy@@XZ@@@YA?AW4developer_information_policy@@W4AppPolicyShowDeveloperDiagnostic@@@Z@4JA 100ae22c     libucrt:win_policies.obj
 0003:00005230       ?state_cache@?1???$get_cached_win_policy@Uwindowing_model_policy_properties@?1??__acrt_get_windowing_model_policy@@YA?AW4windowing_model_policy@@XZ@@@YA?AW4windowing_model_policy@@W4AppPolicyWindowingModel@@@Z@4JA 100ae230     libucrt:win_policies.obj
 0003:00005234       ?user_matherr@@3V?$dual_state_global@P6AHPAU_exception@@@Z@__crt_state_management@@A 100ae234     libucrt:matherr.obj
 0003:00005244       ?fSystemSet@@3HA           100ae244     libucrt:mbctype.obj
 0003:0000524b       ?initialized@?1??__acrt_initialize_multibyte@@9@4_NA 100ae24b     libucrt:mbctype.obj
 0003:0000526c       ?__acrt_new_handler@@3V?$dual_state_global@P6AHI@Z@__crt_state_management@@A 100ae26c     libucrt:new_handler.obj
 0003:00005270       ?console_ctrl_handler_installed@@3_NA 100ae270     libucrt:signal.obj
 0003:00005274       ?ctrlc_action@@3V?$dual_state_global@P6AXH@Z@__crt_state_management@@A 100ae274     libucrt:signal.obj
 0003:00005278       ?ctrlbreak_action@@3V?$dual_state_global@P6AXH@Z@__crt_state_management@@A 100ae278     libucrt:signal.obj
 0003:0000527c       ?abort_action@@3V?$dual_state_global@P6AXH@Z@__crt_state_management@@A 100ae27c     libucrt:signal.obj
 0003:00005280       ?term_action@@3V?$dual_state_global@P6AXH@Z@__crt_state_management@@A 100ae280     libucrt:signal.obj
 0003:00005288       ?__acrt_global_new_mode@@3V?$dual_state_global@J@__crt_state_management@@A 100ae288     libucrt:new_mode.obj
 0003:0000528c       ?mbst@?1??mbrlen@@9@4U_Mbstatet@@A 100ae28c     libucrt:mbrtowc.obj
 0003:00005298       ?mbst@?1??mbrtowc@@9@4U_Mbstatet@@A 100ae298     libucrt:mbrtowc.obj
 0003:000052a4       ?mbst@?1??_mbsrtowcs_helper@@YAIPA_WPAPBDIPAU_Mbstatet@@@Z@4U2@A 100ae2a4     libucrt:mbrtowc.obj
 0003:000052b8       ?__acrt_app_type@@3W4_crt_app_type@@A 100ae2b8     libucrt:report_runtime_error.obj
 0003:000052c0       ?outmsg@?9??__acrt_report_runtime_error@@9@4PA_WA 100ae2c0     libucrt:report_runtime_error.obj
 0003:00005a24       ?internal_pst@?1??__mbrtoc32_utf8@__crt_mbstring@@YAIPA_UPBDIPAU_Mbstatet@@@Z@4U3@A 100aea24     libucrt:mbrtoc32.obj
 0003:00005a38       ___acrt_error_mode         100aea38     libucrt:set_error_mode.obj
 0003:00005a3c       __pmatherr_set             100aea3c     libucrt:libm_error.obj
 0004:000004ec       .idata$6                   100c84ec     kernel32:KERNEL32.dll
