 Ethernet_slrt

 Timestamp is 601abf8d (Wed Feb  3 18:21:49 2021)

 Preferred load address is 10000000

 Start         Length     Name                   Class
 0001:00000000 0006a922H .text$mn                CODE
 0001:0006a922 00001058H .text$x                 CODE
 0002:00000000 00000104H .CRT$XCA                DATA
 0002:00000104 00000104H .CRT$XCZ                DATA
 0002:00000208 00000104H .CRT$XIA                DATA
 0002:0000030c 00000110H .CRT$XIC                DATA
 0002:0000041c 00000104H .CRT$XIZ                DATA
 0002:00000520 00000104H .CRT$XPA                DATA
 0002:00000624 0000010cH .CRT$XPX                DATA
 0002:00000730 00000104H .CRT$XPXA               DATA
 0002:00000834 00000104H .CRT$XPZ                DATA
 0002:00000938 00000104H .CRT$XTA                DATA
 0002:00000a3c 00000104H .CRT$XTZ                DATA
 0002:00000b40 0000e900H .rdata                  DATA
 0002:0000f440 00000104H .rdata$CastGuardVftablesA DATA
 0002:0000f544 00000104H .rdata$CastGuardVftablesC DATA
 0002:0000f648 00000444H .rdata$r                DATA
 0002:0000fa8c 00000124H .rdata$sxdata           DATA
 0002:0000fbb0 000001a4H .rdata$zzzdbg           DATA
 0002:0000fd54 00000104H .rtc$IAA                DATA
 0002:0000fe58 00000104H .rtc$IZZ                DATA
 0002:0000ff5c 00000104H .rtc$TAA                DATA
 0002:00010060 00000108H .rtc$TZZ                DATA
 0002:00010168 00000c98H .xdata$x                DATA
 0002:00010e00 00000200H .edata                  DATA
 0003:00000000 000011f0H .data                   DATA
 0003:000011f0 00000250H .data$r                 DATA
 0003:00001440 00014170H .bss                    DATA
 0004:00000000 000001b8H .idata$5                DATA
 0004:000001b8 00000014H .idata$2                DATA
 0004:000001cc 00000014H .idata$3                DATA
 0004:000001e0 000001b8H .idata$4                DATA
 0004:00000398 000007b4H .idata$6                DATA
 0005:00000000 00000109H .00cfg                  DATA

  Address         Publics by Value              Rva+Base       Lib:Object

 0000:00000000       ___guard_iat_table         00000000     <absolute>
 0000:00000000       ___hybrid_auxiliary_iat    00000000     <absolute>
 0000:00000000       ___guard_eh_cont_count     00000000     <absolute>
 0000:00000000       ___guard_iat_count         00000000     <absolute>
 0000:00000000       ___AbsoluteZero            00000000     <absolute>
 0000:00000000       ___dynamic_value_reloc_table 00000000     <absolute>
 0000:00000000       ___guard_longjmp_count     00000000     <absolute>
 0000:00000000       ___hybrid_code_map_count   00000000     <absolute>
 0000:00000000       ___arm64x_native_entrypoint 00000000     <absolute>
 0000:00000000       ___guard_eh_cont_table     00000000     <absolute>
 0000:00000000       __except_list              00000000     <absolute>
 0000:00000000       ___arm64x_redirection_metadata_count 00000000     <absolute>
 0000:00000000       ___volatile_metadata       00000000     <absolute>
 0000:00000000       ___hybrid_code_map         00000000     <absolute>
 0000:00000000       ___x64_code_ranges_to_entry_points 00000000     <absolute>
 0000:00000000       ___guard_longjmp_table     00000000     <absolute>
 0000:00000000       ___arm64x_extra_rfe_table  00000000     <absolute>
 0000:00000000       ___arm64x_redirection_metadata 00000000     <absolute>
 0000:00000000       ___enclave_config          00000000     <absolute>
 0000:00000000       ___arm64x_extra_rfe_table_size 00000000     <absolute>
 0000:00000000       ___x64_code_ranges_to_entry_points_count 00000000     <absolute>
 0000:00000000       ___guard_fids_count        00000000     <absolute>
 0000:00000000       ___guard_fids_table        00000000     <absolute>
 0000:00000007       ___safe_se_handler_count   00000007     <absolute>
 0000:00000100       ___guard_flags             00000100     <absolute>
 0000:00000000       ___ImageBase               10000000     <linker-defined>
 0001:00006400       _DllMain@12                10007400 f   xpctarget.obj
 0001:00006410       _Ethernet_ChangeStepSize   10007410 f   xpctarget.obj
 0001:00006460       _SLRTSetErrorStatus        10007460 f   xpctarget.obj
 0001:00006480       _changeStepSize            10007480 f   xpctarget.obj
 0001:000064d0       _getDLMVersion             100074d0 f   xpctarget.obj
 0001:000064e0       _getFullPathToRefMdl       100074e0 f   xpctarget.obj
 0001:00006590       _getRefMdlPath             10007590 f   xpctarget.obj
 0001:00006610       _getRefMdlSignalNumber     10007610 f   xpctarget.obj
 0001:000066c0       _getrlmdlinfo              100076c0 f   xpctarget.obj
 0001:00006820       _slrtRegisterSignalToLoggingService 10007820 f   xpctarget.obj
 0001:00006980       _updateDiscreteEvents      10007980 f   xpctarget.obj
 0001:00006990       _getNumRef                 10007990 f   appmappingData.obj
 0001:000069a0       ___local_stdio_printf_options 100079a0 f i legacy_stdio.obj
 0001:000069b0       __vfprintf_l               100079b0 f i legacy_stdio.obj
 0001:000069e0       _vprintf                   100079e0 f i legacy_stdio.obj
 0001:00006a20       _rt_mxCreateCharMatrixFromStrings 10007a20 f   rt_matrx.obj
 0001:00006b80       _rt_mxCreateDoubleMatrix   10007b80 f   rt_matrx.obj
 0001:00006be0       _rt_mxCreateNumericArray   10007be0 f   rt_matrx.obj
 0001:00006c50       _rt_mxCreateString         10007c50 f   rt_matrx.obj
 0001:00006ce0       _rt_mxDuplicateArray       10007ce0 f   rt_matrx.obj
 0001:00006d40       _rt_mxGetDimensions        10007d40 f   rt_matrx.obj
 0001:00006d80       _rt_mxGetEps               10007d80 f   rt_matrx.obj
 0001:00006d90       _rt_mxGetString            10007d90 f   rt_matrx.obj
 0001:00006e10       _rtPrintfNoOp              10007e10 f   rt_printf.obj
 0001:00006e20       __vsnprintf_l              10007e20 f i rt_logging.obj
 0001:00006e60       __vsprintf_l               10007e60 f i rt_logging.obj
 0001:00006ea0       _fprintf                   10007ea0 f i rt_logging.obj
 0001:000073a0       _printf                    100083a0 f i rt_logging.obj
 0001:000073e0       _rt_CreateLogVar           100083e0 f   rt_logging.obj
 0001:00007470       _rt_CreateLogVarWithConvert 10008470 f   rt_logging.obj
 0001:00007da0       _rt_CreateStructLogVar     10008da0 f   rt_logging.obj
 0001:00008ba0       _rt_GetMxIdFromDTypeId     10009ba0 f   rt_logging.obj
 0001:00008bd0       _rt_GetMxIdFromDTypeIdForRSim 10009bd0 f   rt_logging.obj
 0001:0000b760       _rt_StartDataLogging       1000c760 f   rt_logging.obj
 0001:0000bc30       _rt_StartDataLoggingWithStartTime 1000cc30 f   rt_logging.obj
 0001:0000c0b0       _rt_StopDataLogging        1000d0b0 f   rt_logging.obj
 0001:0000c0d0       _rt_StopDataLoggingImpl    1000d0d0 f   rt_logging.obj
 0001:0000c7e0       _rt_UpdateLogVar           1000d7e0 f   rt_logging.obj
 0001:0000d7b0       _rt_UpdateLogVarWithDiscontiguousData 1000e7b0 f   rt_logging.obj
 0001:0000da80       _rt_UpdateStructLogVar     1000ea80 f   rt_logging.obj
 0001:0000db10       _rt_UpdateTXXFYLogVars     1000eb10 f   rt_logging.obj
 0001:0000df60       _rt_UpdateTXYLogVars       1000ef60 f   rt_logging.obj
 0001:0000e1a0       _rt_getTempMemory          1000f1a0 f   rt_logging.obj
 0001:0000e1f0       _rt_preProcessAndLogData   1000f1f0 f   rt_logging.obj
 0001:0000e290       _rt_preProcessAndLogDataWithIndex 1000f290 f   rt_logging.obj
 0001:0000e340       _sprintf                   1000f340 f i rt_logging.obj
 0001:0000e380       _Ethernet                  1000f380 f   Ethernet.obj
 0001:0000f5e0       _MdlInitialize             100105e0 f   Ethernet.obj
 0001:0000f5f0       _MdlInitializeSampleTimes  100105f0 f   Ethernet.obj
 0001:0000f600       _MdlInitializeSizes        10010600 f   Ethernet.obj
 0001:0000f610       _MdlOutputs                10010610 f   Ethernet.obj
 0001:0000f620       _MdlStart                  10010620 f   Ethernet.obj
 0001:0000f6c0       _MdlTerminate              100106c0 f   Ethernet.obj
 0001:0000f6f0       _MdlUpdate                 100106f0 f   Ethernet.obj
 0001:0000f8a0       _Ethernet_GetCAPIStaticMap 100108a0 f   Ethernet_capi.obj
 0001:0000f8b0       _Ethernet_InitializeDataMapInfo 100108b0 f   Ethernet_capi.obj
 0001:0000f980       _mdlXcp_GetMdlXcpInfo      10010980 f   Ethernet_xcp.obj
 0001:0000f990       _SLRT_update_TET           10010990 f   Ethernet_xcp_TET.obj
 0001:0000fa60       _rtGetInf                  10010a60 f   rtGetInf.obj
 0001:0000fa90       _rtGetInfF                 10010a90 f   rtGetInf.obj
 0001:0000faa0       _rtGetMinusInf             10010aa0 f   rtGetInf.obj
 0001:0000fad0       _rtGetMinusInfF            10010ad0 f   rtGetInf.obj
 0001:0000fae0       _rtGetNaN                  10010ae0 f   rtGetNaN.obj
 0001:0000fb10       _rtGetNaNF                 10010b10 f   rtGetNaN.obj
 0001:0000fb20       _rtIsInf                   10010b20 f   rt_nonfinite.obj
 0001:0000fb60       _rtIsInfF                  10010b60 f   rt_nonfinite.obj
 0001:0000fba0       _rtIsNaN                   10010ba0 f   rt_nonfinite.obj
 0001:0000fbf0       _rtIsNaNF                  10010bf0 f   rt_nonfinite.obj
 0001:0000fc30       _rt_InitInfAndNaN          10010c30 f   rt_nonfinite.obj
 0001:0000fc90       _rt_CleanUpForStateLogWithMMI 10010c90 f   rt_logging_mmi.obj
 0001:0000fda0       _rt_FillStateSigInfoFromMMI 10010da0 f   rt_logging_mmi.obj
 0001:000101f0       _rtwCAPI_CountSysRan       100111f0 f   rtw_modelmap_utils.obj
 0001:00010290       _rtwCAPI_EncodePath        10011290 f   rtw_modelmap_utils.obj
 0001:00010330       _rtwCAPI_FillSysRan        10011330 f   rtw_modelmap_utils.obj
 0001:00010420       _rtwCAPI_FreeFullPaths     10011420 f   rtw_modelmap_utils.obj
 0001:00010480       _rtwCAPI_GetFullStateBlockPath 10011480 f   rtw_modelmap_utils.obj
 0001:00010600       _rtwCAPI_GetNumContStateRecords 10011600 f   rtw_modelmap_utils.obj
 0001:00010680       _rtwCAPI_GetNumSigLogRecords 10011680 f   rtw_modelmap_utils.obj
 0001:000106d0       _rtwCAPI_GetNumSigLogRecordsForRTWLogging 100116d0 f   rtw_modelmap_utils.obj
 0001:00010770       _rtwCAPI_GetNumStateRecords 10011770 f   rtw_modelmap_utils.obj
 0001:000107c0       _rtwCAPI_GetNumStateRecordsForRTWLogging 100117c0 f   rtw_modelmap_utils.obj
 0001:00010860       _rtwCAPI_GetSigAddrFromMap 10011860 f   rtw_modelmap_utils.obj
 0001:000108a0       _rtwCAPI_GetSigLogRecordInfo 100118a0 f   rtw_modelmap_utils.obj
 0001:00010c30       _rtwCAPI_GetStateRecordInfo 10011c30 f   rtw_modelmap_utils.obj
 0001:000110c0       _rtwCAPI_GetStateWidth     100120c0 f   rtw_modelmap_utils.obj
 0001:00011110       _rtwCAPI_HasStates         10012110 f   rtw_modelmap_utils.obj
 0001:00011170       _rtwCAPI_UpdateFullPaths   10012170 f   rtw_modelmap_utils.obj
 0001:000112b0       _timestamp_x86             100122b0 f   host_timer_x86.obj
 0001:000112c0       _taskTimeEnd               100122c0 f   xpc_code_profiling_utility_functions.obj
 0001:000112d0       _taskTimeEnd_              100122d0 f   xpc_code_profiling_utility_functions.obj
 0001:000112e0       _taskTimeStart             100122e0 f   xpc_code_profiling_utility_functions.obj
 0001:000112f0       _taskTimeStart_            100122f0 f   xpc_code_profiling_utility_functions.obj
 0001:00011300       _xilProfilingTimerFreeze   10012300 f   xpc_code_profiling_utility_functions.obj
 0001:00011310       _xilProfilingTimerFreezeInternal 10012310 f   xpc_code_profiling_utility_functions.obj
 0001:00011320       _xilProfilingTimerUnFreeze 10012320 f   xpc_code_profiling_utility_functions.obj
 0001:00011330       _xilProfilingTimerUnFreezeInternal 10012330 f   xpc_code_profiling_utility_functions.obj
 0001:00011340       _xilUploadProfilingData    10012340 f   xpc_code_profiling_utility_functions.obj
 0001:000120c0       _slrtIPConfig              100130c0 f   slrtIPConfig.obj
 0001:00012680       _slrtUDPSend               10013680 f   slrtUDPSend.obj
 0001:000126d0       _GetPCIDeviceFull          100136d0 f   xpcruntime:xpcimports.obj
 0001:00012840       _GetPCIDeviceFunction      10013840 f   xpcruntime:xpcimports.obj
 0001:000129b0       _ShowPCIDevice             100139b0 f   xpcruntime:xpcimports.obj
 0001:00012fe0       _slrtGetPciConfigAtFunction 10013fe0 f   xpcruntime:xpcimports.obj
 0001:00013350       _xpcGetPciConfigAtSlot     10014350 f   xpcruntime:xpcimports.obj
 0001:00013370       _xpcInitProcs              10014370 f   xpcruntime:xpcimports.obj
 0001:00014da0       _xpceuploadevent           10015da0 f   xpcruntime:xpcimports.obj
 0001:00014db0       __ftoui3                   10015db0 f   LIBCMT:ftol3.obj
 0001:00014df6       __ftoul3                   10015df6 f   LIBCMT:ftol3.obj
 0001:00014e68       __ftol3                    10015e68 f   LIBCMT:ftol3.obj
 0001:00014ed5       __dtoui3                   10015ed5 f   LIBCMT:ftol3.obj
 0001:00014f49       __dtoul3                   10015f49 f   LIBCMT:ftol3.obj
 0001:00014feb       __dtol3                    10015feb f   LIBCMT:ftol3.obj
 0001:000150a0       __ultod3                   100160a0 f   LIBCMT:ftol3.obj
 0001:00015100       __ltod3                    10016100 f   LIBCMT:ftol3.obj
 0001:00015225       ___raise_securityfailure   10016225 f   LIBCMT:gs_report.obj
 0001:00015257       ___report_gsfailure        10016257 f   LIBCMT:gs_report.obj
 0001:0001538e       ___report_rangecheckfailure 1001638e f   LIBCMT:gs_report.obj
 0001:0001539d       ___report_securityfailure  1001639d f   LIBCMT:gs_report.obj
 0001:0001549e       ___report_securityfailureEx 1001649e f   LIBCMT:gs_report.obj
 0001:000155f7       @__security_check_cookie@4 100165f7 f   LIBCMT:secchk.obj
 0001:0001560c       ___isa_available_init      1001660c f   LIBCMT:cpu_disp.obj
 0001:00015c5d       __CRT_INIT@12              10016c5d f   LIBCMT:dll_dllmain.obj
 0001:00015c68       __DllMainCRTStartup@12     10016c68 f   LIBCMT:dll_dllmain.obj
 0001:00015cf3       ___security_init_cookie    10016cf3 f   LIBCMT:gs_support.obj
 0001:00015d50       ?__scrt_initialize_type_info@@YAXXZ 10016d50 f   LIBCMT:tncleanup.obj
 0001:00015d5f       ?__scrt_uninitialize_type_info@@YAXXZ 10016d5f f   LIBCMT:tncleanup.obj
 0001:00015d6e       ___local_stdio_scanf_options 10016d6e f i LIBCMT:default_local_stdio_options.obj
 0001:00015d74       ___scrt_initialize_default_local_stdio_options 10016d74 f   LIBCMT:default_local_stdio_options.obj
 0001:00015d98       ?configure_argv@__scrt_narrow_argv_policy@@SAHXZ 10016d98 f i LIBCMT:utility.obj
 0001:00015dfd       ?initialize_environment@__scrt_narrow_environment_policy@@SAHXZ 10016dfd f i LIBCMT:utility.obj
 0001:00015e43       _NtCurrentTeb              10016e43 f i LIBCMT:utility.obj
 0001:00015e4a       ___scrt_acquire_startup_lock 10016e4a f   LIBCMT:utility.obj
 0001:00015e88       ___scrt_dllmain_after_initialize_c 10016e88 f   LIBCMT:utility.obj
 0001:00015ebd       ___scrt_dllmain_before_initialize_c 10016ebd f   LIBCMT:utility.obj
 0001:00015ece       ___scrt_dllmain_crt_thread_attach 10016ece f   LIBCMT:utility.obj
 0001:00015ef4       ___scrt_dllmain_crt_thread_detach 10016ef4 f   LIBCMT:utility.obj
 0001:00015f04       ___scrt_dllmain_exception_filter 10016f04 f   LIBCMT:utility.obj
 0001:00015f45       ___scrt_dllmain_uninitialize_c 10016f45 f   LIBCMT:utility.obj
 0001:00015f70       ___scrt_dllmain_uninitialize_critical 10016f70 f   LIBCMT:utility.obj
 0001:00015f80       ___scrt_initialize_crt     10016f80 f   LIBCMT:utility.obj
 0001:00015fc7       ___scrt_initialize_onexit_tables 10016fc7 f   LIBCMT:utility.obj
 0001:0001606f       ___scrt_is_nonwritable_in_current_image 1001706f f   LIBCMT:utility.obj
 0001:00016128       ___scrt_release_startup_lock 10017128 f   LIBCMT:utility.obj
 0001:0001614c       ___scrt_uninitialize_crt   1001714c f   LIBCMT:utility.obj
 0001:0001617e       __onexit                   1001717e f   LIBCMT:utility.obj
 0001:000161b6       _at_quick_exit             100171b6 f   LIBCMT:utility.obj
 0001:000161e1       _atexit                    100171e1 f   LIBCMT:utility.obj
 0001:000161fb       ___scrt_get_dyn_tls_init_callback 100171fb f   LIBCMT:dyn_tls_init.obj
 0001:00016201       ___scrt_fastfail           10017201 f   LIBCMT:utility_desktop.obj
 0001:00016361       ___scrt_get_show_window_mode 10017361 f   LIBCMT:utility_desktop.obj
 0001:0001639e       ___scrt_initialize_mta     1001739e f   LIBCMT:utility_desktop.obj
 0001:000163a3       ___scrt_initialize_winrt   100173a3 f   LIBCMT:utility_desktop.obj
 0001:000163a6       ___scrt_is_managed_app     100173a6 f   LIBCMT:utility_desktop.obj
 0001:000163f9       ___scrt_set_unhandled_exception_filter 100173f9 f   LIBCMT:utility_desktop.obj
 0001:00016408       ___scrt_stub_for_initialize_mta 10017408 f   LIBCMT:utility_desktop.obj
 0001:00016408       ___scrt_exe_initialize_mta 10017408 f   LIBCMT:utility_desktop.obj
 0001:0001640b       ___scrt_unhandled_exception_filter@4 1001740b f   LIBCMT:utility_desktop.obj
 0001:00016476       __crt_debugger_hook        10017476 f   LIBCMT:utility_desktop.obj
 0001:00016480       __RTC_Initialize           10017480 f   LIBCMT:initsect.obj
 0001:000164b7       __RTC_Terminate            100174b7 f   LIBCMT:initsect.obj
 0001:000164f0       __SEH_prolog4              100174f0 f   LIBCMT:sehprolg4.obj
 0001:00016534       __SEH_epilog4              10017534 f   LIBCMT:sehprolg4.obj
 0001:0001655e       @_guard_check_icall_nop@4  1001755e f i LIBCMT:guard_support.obj
 0001:00016561       _ReadNoFence               10017561 f i LIBCMT:guard_support.obj
 0001:0001656d       _ReadPointerNoFence        1001756d f i LIBCMT:guard_support.obj
 0001:00016579       ___castguard_check_failure_debugbreak 10017579 f i LIBCMT:guard_support.obj
 0001:0001659a       ___castguard_check_failure_fastfail 1001759a f i LIBCMT:guard_support.obj
 0001:000165c0       ___castguard_check_failure_nop 100175c0 f i LIBCMT:guard_support.obj
 0001:000165c3       ___castguard_check_failure_os_handled 100175c3 f i LIBCMT:guard_support.obj
 0001:0001662b       ___castguard_slow_path_check_debugbreak 1001762b f i LIBCMT:guard_support.obj
 0001:00016663       ___castguard_slow_path_check_fastfail 10017663 f i LIBCMT:guard_support.obj
 0001:000166a0       ___castguard_slow_path_check_nop 100176a0 f i LIBCMT:guard_support.obj
 0001:000166a3       ___castguard_slow_path_check_os_handled 100176a3 f i LIBCMT:guard_support.obj
 0001:00016722       __guard_icall_checks_enforced 10017722 f i LIBCMT:guard_support.obj
 0001:00016738       __get_startup_argv_mode    10017738 f   LIBCMT:argv_mode.obj
 0001:0001673c       ___scrt_is_ucrt_dll_in_use 1001773c f   LIBCMT:ucrt_detection.obj
 0001:0001674b       _GetModuleHandleA@4        1001774b f   kernel32:KERNEL32.dll
 0001:00016751       _GetProcAddress@8          10017751 f   kernel32:KERNEL32.dll
 0001:00016757       _UnhandledExceptionFilter@4 10017757 f   kernel32:KERNEL32.dll
 0001:0001675d       _SetUnhandledExceptionFilter@4 1001775d f   kernel32:KERNEL32.dll
 0001:00016763       _GetCurrentProcess@0       10017763 f   kernel32:KERNEL32.dll
 0001:00016769       _TerminateProcess@8        10017769 f   kernel32:KERNEL32.dll
 0001:0001676f       _IsProcessorFeaturePresent@4 1001776f f   kernel32:KERNEL32.dll
 0001:00016775       _QueryPerformanceCounter@4 10017775 f   kernel32:KERNEL32.dll
 0001:0001677b       _GetCurrentProcessId@0     1001777b f   kernel32:KERNEL32.dll
 0001:00016781       _GetCurrentThreadId@0      10017781 f   kernel32:KERNEL32.dll
 0001:00016787       _GetSystemTimeAsFileTime@4 10017787 f   kernel32:KERNEL32.dll
 0001:0001678d       _InitializeSListHead@4     1001778d f   kernel32:KERNEL32.dll
 0001:00016793       _IsDebuggerPresent@0       10017793 f   kernel32:KERNEL32.dll
 0001:00016799       _GetStartupInfoW@4         10017799 f   kernel32:KERNEL32.dll
 0001:0001679f       _GetModuleHandleW@4        1001779f f   kernel32:KERNEL32.dll
 0001:000167b0       _memcpy                    100177b0 f   libvcruntime:memcpy.obj
 0001:00016e90       _strchr                    10017e90 f   libvcruntime:strchr.obj
 0001:00016efe       ___from_strstr_to_strchr   10017efe     libvcruntime:strchr.obj
 0001:00017010       _memmove                   10018010 f   libvcruntime:memmove.obj
 0001:000176f0       _memset                    100186f0 f   libvcruntime:memset.obj
 0001:000178e0       __except_handler4          100188e0 f   libvcruntime:chandler4.obj
 0001:00017aa5       ??$?RD@__crt_internal_free_policy@@QBEXQBD@Z 10018aa5 f i libvcruntime:std_type_info.obj
 0001:00017ab9       ??$?RX@__crt_internal_free_policy@@QBEXQBX@Z 10018ab9 f i libvcruntime:std_type_info.obj
 0001:00017acd       ??$__crt_interlocked_compare_exchange_pointer@$$CBDPAD$$T@@YAPBDPDSBDQAD$$T@Z 10018acd f i libvcruntime:std_type_info.obj
 0001:00017ae3       ??$__crt_interlocked_read_pointer@$$CBD@@YAPBDPDSBD@Z 10018ae3 f i libvcruntime:std_type_info.obj
 0001:00017aef       ??0?$__crt_unique_heap_ptr@DU__crt_internal_free_policy@@@@QAE@QAD@Z 10018aef f i libvcruntime:std_type_info.obj
 0001:00017b00       ??0?$__crt_unique_heap_ptr@XU__crt_internal_free_policy@@@@QAE@QAX@Z 10018b00 f i libvcruntime:std_type_info.obj
 0001:00017b11       ??1?$__crt_unique_heap_ptr@DU__crt_internal_free_policy@@@@QAE@XZ 10018b11 f i libvcruntime:std_type_info.obj
 0001:00017b25       ??1?$__crt_unique_heap_ptr@XU__crt_internal_free_policy@@@@QAE@XZ 10018b25 f i libvcruntime:std_type_info.obj
 0001:00017b39       ??B?$__crt_unique_heap_ptr@DU__crt_internal_free_policy@@@@QBE_NXZ 10018b39 f i libvcruntime:std_type_info.obj
 0001:00017b40       ??B?$__crt_unique_heap_ptr@XU__crt_internal_free_policy@@@@QBE_NXZ 10018b40 f i libvcruntime:std_type_info.obj
 0001:00017b7b       ?__crt_interlocked_read_32@@YAHPDH@Z 10018b7b f i libvcruntime:std_type_info.obj
 0001:00017b87       ?detach@?$__crt_unique_heap_ptr@XU__crt_internal_free_policy@@@@QAEPAXXZ 10018b87 f i libvcruntime:std_type_info.obj
 0001:00017b8d       ?get@?$__crt_unique_heap_ptr@DU__crt_internal_free_policy@@@@QBEPADXZ 10018b8d f i libvcruntime:std_type_info.obj
 0001:00017b90       ?get@?$__crt_unique_heap_ptr@XU__crt_internal_free_policy@@@@QBEPAXXZ 10018b90 f i libvcruntime:std_type_info.obj
 0001:00017b93       ?is_valid@?$__crt_unique_heap_ptr@DU__crt_internal_free_policy@@@@QBE_NXZ 10018b93 f i libvcruntime:std_type_info.obj
 0001:00017b9a       ?is_valid@?$__crt_unique_heap_ptr@XU__crt_internal_free_policy@@@@QBE_NXZ 10018b9a f i libvcruntime:std_type_info.obj
 0001:00017ba1       ?release@?$__crt_unique_heap_ptr@DU__crt_internal_free_policy@@@@QAEXXZ 10018ba1 f i libvcruntime:std_type_info.obj
 0001:00017bb5       ?release@?$__crt_unique_heap_ptr@XU__crt_internal_free_policy@@@@QAEXXZ 10018bb5 f i libvcruntime:std_type_info.obj
 0001:00017bc9       ___std_type_info_compare   10018bc9 f   libvcruntime:std_type_info.obj
 0001:00017c14       ___std_type_info_destroy_list 10018c14 f   libvcruntime:std_type_info.obj
 0001:00017c3f       ___std_type_info_hash      10018c3f f   libvcruntime:std_type_info.obj
 0001:00017c6e       ___std_type_info_name      10018c6e f   libvcruntime:std_type_info.obj
 0001:00017d64       ___vcrt_initialize         10018d64 f   libvcruntime:initialization.obj
 0001:00017d8a       ___vcrt_thread_attach      10018d8a f   libvcruntime:initialization.obj
 0001:00017d97       ___vcrt_thread_detach      10018d97 f   libvcruntime:initialization.obj
 0001:00017da4       ___vcrt_uninitialize       10018da4 f   libvcruntime:initialization.obj
 0001:00017dc0       ___vcrt_uninitialize_critical 10018dc0 f   libvcruntime:initialization.obj
 0001:00017dcd       ___DestructExceptionObject 10018dcd f   libvcruntime:ehhelpers.obj
 0001:00017e96       ?_CallMemberFunction0@@YGXQAX0@Z 10018e96 f i libvcruntime:ehhelpers.obj
 0001:00017f14       ?raw_name@type_info@@QBEPBDXZ 10018f14 f i libvcruntime:ehhelpers.obj
 0001:00017f18       __IsExceptionObjectToBeDestroyed 10018f18 f   libvcruntime:ehhelpers.obj
 0001:00017f47       __SetWinRTOutOfMemoryExceptionCallback 10018f47 f   libvcruntime:ehhelpers.obj
 0001:00017f57       ___AdjustPointer           10018f57 f   libvcruntime:ehhelpers.obj
 0001:00017f85       ___FrameUnwindFilter       10018f85 f   libvcruntime:ehhelpers.obj
 0001:00017ff0       ___GetPlatformExceptionInfo 10018ff0 f   libvcruntime:ehhelpers.obj
 0001:0001804f       ___current_exception       1001904f f   libvcruntime:ehhelpers.obj
 0001:0001805a       ___current_exception_context 1001905a f   libvcruntime:ehhelpers.obj
 0001:00018065       ___processing_throw        10019065 f   libvcruntime:ehhelpers.obj
 0001:00018070       ___std_terminate           10019070 f   libvcruntime:ehhelpers.obj
 0001:00018075       __is_exception_typeof      10019075 f   libvcruntime:ehhelpers.obj
 0001:00018150       __local_unwind4            10019150 f   libvcruntime:exsup4.obj
 0001:00018224       __seh_longjmp_unwind4@4    10019224 f   libvcruntime:exsup4.obj
 0001:0001824c       @_EH4_CallFilterFunc@8     1001924c f   libvcruntime:exsup4.obj
 0001:00018264       @_EH4_TransferToHandler@8  10019264 f   libvcruntime:exsup4.obj
 0001:00018280       @_EH4_GlobalUnwind2@8      10019280 f   libvcruntime:exsup4.obj
 0001:0001829c       @_EH4_LocalUnwind@16       1001929c f   libvcruntime:exsup4.obj
 0001:00018318       ___except_validate_context_record 10019318 f   libvcruntime:jbcxrval.obj
 0001:00018354       ___except_validate_jump_buffer 10019354 f   libvcruntime:jbcxrval.obj
 0001:0001838c       ___except_validate_jump_buffer_common 1001938c f i libvcruntime:jbcxrval.obj
 0001:000183d3       ??$?0$00@DName@@QAE@PBDU?$StringLifeSelector@$00@@@Z 100193d3 f i libvcruntime:undname.obj
 0001:00018412       ??$?0$00@pcharNode@@QAE@PBDHU?$StringLifeSelector@$00@@@Z 10019412 f i libvcruntime:undname.obj
 0001:00018433       ??$?0$01@DName@@QAE@PBDU?$StringLifeSelector@$01@@@Z 10019433 f i libvcruntime:undname.obj
 0001:00018472       ??$?0$01@pcharNode@@QAE@PBDHU?$StringLifeSelector@$01@@@Z 10019472 f i libvcruntime:undname.obj
 0001:000184c2       ??$?0$0A@@DName@@QAE@PBDU?$StringLifeSelector@$0A@@@@Z 100194c2 f i libvcruntime:undname.obj
 0001:00018501       ??$?0$0A@@pcharNode@@QAE@PBDHU?$StringLifeSelector@$0A@@@@Z 10019501 f i libvcruntime:undname.obj
 0001:00018551       ??$?0_K$0A@@?$optional@_K@std@@QAE@$$QA_K@Z 10019551 f i libvcruntime:undname.obj
 0001:00018571       ??$?0_K@?$_Optional_construct_base@_K@std@@QAE@Uin_place_t@1@$$QA_K@Z 10019571 f i libvcruntime:undname.obj
 0001:00018591       ??$?0_K@?$_Optional_destruct_base@_K$00@std@@QAE@Uin_place_t@1@$$QA_K@Z 10019591 f i libvcruntime:undname.obj
 0001:000185b1       ??$append@VDNameNode@@@DName@@AAEXPBVDNameNode@@@Z 100195b1 f i libvcruntime:undname.obj
 0001:00018602       ??$append@VDNameStatusNode@@@DName@@AAEXPBVDNameStatusNode@@@Z 10019602 f i libvcruntime:undname.obj
 0001:00018653       ??$append@VcharNode@@@DName@@AAEXPBVcharNode@@@Z 10019653 f i libvcruntime:undname.obj
 0001:000186a4       ??$append@VpDNameNode@@@DName@@AAEXPBVpDNameNode@@@Z 100196a4 f i libvcruntime:undname.obj
 0001:000186f5       ??$append@VpcharNode@@@DName@@AAEXPBVpcharNode@@@Z 100196f5 f i libvcruntime:undname.obj
 0001:00018746       ??$doPchar@$00@DName@@AAEXPBDH@Z 10019746 f i libvcruntime:undname.obj
 0001:000187cb       ??$doPchar@$01@DName@@AAEXPBDH@Z 100197cb f i libvcruntime:undname.obj
 0001:00018858       ??$doPchar@$0A@@DName@@AAEXPBDH@Z 10019858 f i libvcruntime:undname.obj
 0001:000188e5       ??$forward@_K@std@@YA$$QA_KAA_K@Z 100198e5 f i libvcruntime:undname.obj
 0001:000188ef       ??$size@D$04@std@@YAIAAY04$$CBD@Z 100198ef f i libvcruntime:undname.obj
 0001:000188f3       ??$size@D$0EB@@std@@YAIAAY0EB@$$CBD@Z 100198f3 f i libvcruntime:undname.obj
 0001:000188f7       ??0?$_Optional_construct_base@_K@std@@QAE@XZ 100198f7 f i libvcruntime:undname.obj
 0001:000188fe       ??0?$_Optional_destruct_base@_K$00@std@@QAE@XZ 100198fe f i libvcruntime:undname.obj
 0001:00018905       ??0?$optional@_K@std@@QAE@XZ 10019905 f i libvcruntime:undname.obj
 0001:0001890c       ??0Block@_HeapManager@@QAE@XZ 1001990c f i libvcruntime:undname.obj
 0001:00018912       ??0DName@@QAE@AAPBDD@Z     10019912 f   libvcruntime:undname.obj
 0001:000189b2       ??0DName@@QAE@ABUStringLiteral@@@Z 100199b2 f   libvcruntime:undname.obj
 0001:000189e2       ??0DName@@QAE@ABV0@@Z      100199e2 f i libvcruntime:undname.obj
 0001:000189fd       ??0DName@@QAE@D@Z          100199fd f   libvcruntime:undname.obj
 0001:00018a20       ??0DName@@QAE@PAV0@@Z      10019a20 f   libvcruntime:undname.obj
 0001:00018a78       ??0DName@@QAE@W4DNameStatus@@@Z 10019a78 f   libvcruntime:undname.obj
 0001:00018ac8       ??0DName@@QAE@XZ           10019ac8 f i libvcruntime:undname.obj
 0001:00018ad4       ??0DName@@QAE@_J@Z         10019ad4 f   libvcruntime:undname.obj
 0001:00018b83       ??0DName@@QAE@_K@Z         10019b83 f   libvcruntime:undname.obj
 0001:00018c02       ??0DNameNode@@IAE@XZ       10019c02 f i libvcruntime:undname.obj
 0001:00018c0d       ??0Replicator@@QAE@XZ      10019c0d f i libvcruntime:undname.obj
 0001:00018c1e       ??0UnDecorator@@QAE@PBDP6APADJ@ZK@Z 10019c1e f i libvcruntime:undname.obj
 0001:00018c7d       ??0_Nontrivial_dummy_type@std@@QAE@XZ 10019c7d f i libvcruntime:undname.obj
 0001:00018c80       ??0charNode@@QAE@D@Z       10019c80 f i libvcruntime:undname.obj
 0001:00018c9a       ??0pDNameNode@@QAE@PAVDName@@@Z 10019c9a f   libvcruntime:undname.obj
 0001:00018ccc       ??0pairNode@@QAE@PBVDNameNode@@0@Z 10019ccc f i libvcruntime:undname.obj
 0001:00018cf9       ??2@YAPAXIAAV_HeapManager@@H@Z 10019cf9 f   libvcruntime:undname.obj
 0001:00018d1f       ??4DName@@QAEAAV0@ABUStringLiteral@@@Z 10019d1f f   libvcruntime:undname.obj
 0001:00018d48       ??4DName@@QAEAAV0@ABV0@@Z  10019d48 f   libvcruntime:undname.obj
 0001:00018d63       ??4DName@@QAEAAV0@D@Z      10019d63 f i libvcruntime:undname.obj
 0001:00018d86       ??4DName@@QAEAAV0@PAV0@@Z  10019d86 f   libvcruntime:undname.obj
 0001:00018dd9       ??4DName@@QAEAAV0@W4DNameStatus@@@Z 10019dd9 f   libvcruntime:undname.obj
 0001:00018e17       ??AReplicator@@QBE?AVDName@@H@Z 10019e17 f   libvcruntime:undname.obj
 0001:00018e6e       ??B?$optional@_K@std@@QBE_NXZ 10019e6e f i libvcruntime:undname.obj
 0001:00018e72       ??D?$optional@_K@std@@QGAEAA_KXZ 10019e72 f i libvcruntime:undname.obj
 0001:00018e75       ??H@YA?AVDName@@ABUStringLiteral@@ABV0@@Z 10019e75 f i libvcruntime:undname.obj
 0001:00018e9f       ??H@YA?AVDName@@DABV0@@Z   10019e9f f i libvcruntime:undname.obj
 0001:00018ed4       ??H@YA?AVDName@@W4DNameStatus@@ABV0@@Z 10019ed4 f i libvcruntime:undname.obj
 0001:00018efe       ??HDName@@QBE?AV0@ABUStringLiteral@@@Z 10019efe f   libvcruntime:undname.obj
 0001:00018f28       ??HDName@@QBE?AV0@ABV0@@Z  10019f28 f   libvcruntime:undname.obj
 0001:00018f52       ??HDName@@QBE?AV0@D@Z      10019f52 f   libvcruntime:undname.obj
 0001:00018f7c       ??HDName@@QBE?AV0@PAV0@@Z  10019f7c f   libvcruntime:undname.obj
 0001:00018fa6       ??HDName@@QBE?AV0@W4DNameStatus@@@Z 10019fa6 f   libvcruntime:undname.obj
 0001:00018fd0       ??HStringLiteral@@QBE?AU0@H@Z 10019fd0 f i libvcruntime:undname.obj
 0001:00018ff0       ??YDName@@QAEAAV0@ABUStringLiteral@@@Z 10019ff0 f   libvcruntime:undname.obj
 0001:0001905e       ??YDName@@QAEAAV0@ABV0@@Z  1001a05e f   libvcruntime:undname.obj
 0001:000190ca       ??YDName@@QAEAAV0@D@Z      1001a0ca f   libvcruntime:undname.obj
 0001:00019134       ??YDName@@QAEAAV0@PAV0@@Z  1001a134 f   libvcruntime:undname.obj
 0001:000191b1       ??YDName@@QAEAAV0@W4DNameStatus@@@Z 1001a1b1 f   libvcruntime:undname.obj
 0001:00019201       ??YReplicator@@QAEAAV0@ABVDName@@@Z 1001a201 f   libvcruntime:undname.obj
 0001:0001924e       ??_5DName@@QAEAAV0@ABV0@@Z 1001a24e f   libvcruntime:undname.obj
 0001:00019271       ??__K_l@@YA?AUStringLiteral@@PBDI@Z 1001a271 f i libvcruntime:undname.obj
 0001:0001927e       ?Constructor@_HeapManager@@QAEXP6APAXI@ZP6AXPAX@Z@Z 1001a27e f i libvcruntime:undname.obj
 0001:000192a2       ?Destructor@_HeapManager@@QAEXXZ 1001a2a2 f i libvcruntime:undname.obj
 0001:000192fa       ?UScore@UnDecorator@@SA?AUStringLiteral@@W4Tokens@@@Z 1001a2fa f   libvcruntime:undname.obj
 0001:0001932a       ?composeDeclaration@UnDecorator@@CA?AVDName@@ABV2@@Z 1001a32a f i libvcruntime:undname.obj
 0001:0001a3a9       ?doAccessSpecifiers@UnDecorator@@SAHXZ 1001b3a9 f i libvcruntime:undname.obj
 0001:0001a3ba       ?doAllocationLanguage@UnDecorator@@SAHXZ 1001b3ba f i libvcruntime:undname.obj
 0001:0001a3cb       ?doAllocationModel@UnDecorator@@SAHXZ 1001b3cb f i libvcruntime:undname.obj
 0001:0001a3dc       ?doEcsu@UnDecorator@@SAHXZ 1001b3dc f i libvcruntime:undname.obj
 0001:0001a3ed       ?doEllipsis@UnDecorator@@SAHXZ 1001b3ed f i libvcruntime:undname.obj
 0001:0001a3fe       ?doFunctionReturns@UnDecorator@@SAHXZ 1001b3fe f i libvcruntime:undname.obj
 0001:0001a40f       ?doMSKeywords@UnDecorator@@SAHXZ 1001b40f f i libvcruntime:undname.obj
 0001:0001a41f       ?doMemberTypes@UnDecorator@@SAHXZ 1001b41f f i libvcruntime:undname.obj
 0001:0001a430       ?doNameOnly@UnDecorator@@SAHXZ 1001b430 f i libvcruntime:undname.obj
 0001:0001a43d       ?doNoIdentCharCheck@UnDecorator@@SAHXZ 1001b43d f i libvcruntime:undname.obj
 0001:0001a44a       ?doPchar@DName@@AAEXD@Z    1001b44a f   libvcruntime:undname.obj
 0001:0001a490       ?doPtr64@UnDecorator@@SAHXZ 1001b490 f i libvcruntime:undname.obj
 0001:0001a4a1       ?doRestrictionSpec@UnDecorator@@SAHXZ 1001b4a1 f i libvcruntime:undname.obj
 0001:0001a4b2       ?doThisTypes@UnDecorator@@SAHXZ 1001b4b2 f i libvcruntime:undname.obj
 0001:0001a4c8       ?doThrowTypes@UnDecorator@@SAHXZ 1001b4c8 f i libvcruntime:undname.obj
 0001:0001a4d9       ?doTypeOnly@UnDecorator@@SAHXZ 1001b4d9 f i libvcruntime:undname.obj
 0001:0001a4e6       ?doUnderScore@UnDecorator@@SAHXZ 1001b4e6 f i libvcruntime:undname.obj
 0001:0001a4f3       ?getArgumentList@UnDecorator@@CA?AVDName@@XZ 1001b4f3 f   libvcruntime:undname.obj
 0001:0001a643       ?getArgumentTypes@UnDecorator@@CA?AVDName@@XZ 1001b643 f   libvcruntime:undname.obj
 0001:0001a7a2       ?getArrayObject@UnDecorator@@CA?AVDName@@XZ 1001b7a2 f   libvcruntime:undname.obj
 0001:0001a86c       ?getArrayType@UnDecorator@@CA?AVDName@@ABV2@@Z 1001b86c f i libvcruntime:undname.obj
 0001:0001aa70       ?getBasedType@UnDecorator@@CA?AVDName@@XZ 1001ba70 f   libvcruntime:undname.obj
 0001:0001ab59       ?getBasicDataType@UnDecorator@@CA?AVDName@@ABV2@@Z 1001bb59 f   libvcruntime:undname.obj
 0001:0001b188       ?getCHPEName@UnDecorator@@QAEPADPADH@Z 1001c188 f i libvcruntime:undname.obj
 0001:0001b29c       ?getCallIndex@UnDecorator@@CA?AVDName@@XZ 1001c29c f i libvcruntime:undname.obj
 0001:0001b2b5       ?getCallingConvention@UnDecorator@@CA?AVDName@@XZ 1001c2b5 f   libvcruntime:undname.obj
 0001:0001b3c9       ?getDataIndirectType@UnDecorator@@CA?AVDName@@ABV2@W4IndirectionKind@@0H@Z 1001c3c9 f   libvcruntime:undname.obj
 0001:0001bc04       ?getDataIndirectType@UnDecorator@@CA?AVDName@@XZ 1001cc04 f i libvcruntime:undname.obj
 0001:0001bc3d       ?getDataType@UnDecorator@@CA?AVDName@@PAV2@@Z 1001cc3d f   libvcruntime:undname.obj
 0001:0001bd49       ?getDecoratedName@UnDecorator@@CA?AVDName@@XZ 1001cd49 f   libvcruntime:undname.obj
 0001:0001c04d       ?getDimension@UnDecorator@@CA?AVDName@@_N@Z 1001d04d f   libvcruntime:undname.obj
 0001:0001c1a9       ?getDispatchTarget@UnDecorator@@CA?AVDName@@XZ 1001d1a9 f   libvcruntime:undname.obj
 0001:0001c212       ?getDisplacement@UnDecorator@@CA?AVDName@@XZ 1001d212 f i libvcruntime:undname.obj
 0001:0001c22b       ?getECSUDataType@UnDecorator@@CA?AVDName@@XZ 1001d22b f   libvcruntime:undname.obj
 0001:0001c41f       ?getECSUName@UnDecorator@@CA?AVDName@@XZ 1001d41f f i libvcruntime:undname.obj
 0001:0001c434       ?getEnumType@UnDecorator@@CA?AVDName@@XZ 1001d434 f i libvcruntime:undname.obj
 0001:0001c59c       ?getExtendedDataIndirectType@UnDecorator@@CA?AVDName@@AAW4IndirectionKind@@AA_NH@Z 1001d59c f   libvcruntime:undname.obj
 0001:0001c7bb       ?getExternalDataType@UnDecorator@@CA?AVDName@@ABV2@@Z 1001d7bb f i libvcruntime:undname.obj
 0001:0001c839       ?getFloatingPoint@UnDecorator@@CA?AVDName@@H@Z 1001d839 f   libvcruntime:undname.obj
 0001:0001c960       ?getFunctionIndirectType@UnDecorator@@CA?AVDName@@ABV2@@Z 1001d960 f   libvcruntime:undname.obj
 0001:0001ce07       ?getGuardNumber@UnDecorator@@CA?AVDName@@XZ 1001de07 f i libvcruntime:undname.obj
 0001:0001ce20       ?getLastChar@DName@@QBEDXZ 1001de20 f i libvcruntime:undname.obj
 0001:0001ce48       ?getLastChar@DNameStatusNode@@UBEDXZ 1001de48 f i libvcruntime:undname.obj
 0001:0001ce57       ?getLastChar@charNode@@UBEDXZ 1001de57 f i libvcruntime:undname.obj
 0001:0001ce5b       ?getLastChar@pDNameNode@@UBEDXZ 1001de5b f i libvcruntime:undname.obj
 0001:0001ce6c       ?getLastChar@pairNode@@UBEDXZ 1001de6c f i libvcruntime:undname.obj
 0001:0001ceae       ?getLastChar@pcharNode@@UBEDXZ 1001deae f i libvcruntime:undname.obj
 0001:0001cec4       ?getLexicalFrame@UnDecorator@@CA?AVDName@@XZ 1001dec4 f i libvcruntime:undname.obj
 0001:0001cf01       ?getMemoryWithBuffer@_HeapManager@@QAEPAXI@Z 1001df01 f   libvcruntime:undname.obj
 0001:0001cf85       ?getMemoryWithoutBuffer@_HeapManager@@QAEPAXI@Z 1001df85 f   libvcruntime:undname.obj
 0001:0001cfad       ?getNoexcept@UnDecorator@@CA?AVDName@@XZ 1001dfad f   libvcruntime:undname.obj
 0001:0001d016       ?getNumberOfDimensions@UnDecorator@@CAHXZ 1001e016 f   libvcruntime:undname.obj
 0001:0001d08f       ?getOperatorName@UnDecorator@@CA?AVDName@@_NPA_N@Z 1001e08f f i libvcruntime:undname.obj
 0001:0001d8de       ?getPointerType@UnDecorator@@CA?AVDName@@ABV2@0@Z 1001e8de f i libvcruntime:undname.obj
 0001:0001d8ff       ?getPointerTypeArray@UnDecorator@@CA?AVDName@@ABV2@0@Z 1001e8ff f i libvcruntime:undname.obj
 0001:0001d920       ?getPrimaryDataType@UnDecorator@@CA?AVDName@@ABV2@@Z 1001e920 f   libvcruntime:undname.obj
 0001:0001dc02       ?getPtrRefDataType@UnDecorator@@CA?AVDName@@ABV2@H@Z 1001ec02 f   libvcruntime:undname.obj
 0001:0001ddca       ?getPtrRefType@UnDecorator@@CA?AVDName@@ABV2@0W4IndirectionKind@@@Z 1001edca f   libvcruntime:undname.obj
 0001:0001df1f       ?getReferenceType@UnDecorator@@CA?AVDName@@ABV2@0W4IndirectionKind@@@Z 1001ef1f f i libvcruntime:undname.obj
 0001:0001df42       ?getRestrictionSpec@UnDecorator@@CA?AVDName@@XZ 1001ef42 f   libvcruntime:undname.obj
 0001:0001e0b5       ?getReturnType@UnDecorator@@CA?AVDName@@PAV2@@Z 1001f0b5 f   libvcruntime:undname.obj
 0001:0001e0ef       ?getScope@UnDecorator@@CA?AVDName@@XZ 1001f0ef f   libvcruntime:undname.obj
 0001:0001e58d       ?getScopedName@UnDecorator@@CA?AVDName@@XZ 1001f58d f   libvcruntime:undname.obj
 0001:0001e6b2       ?getSignedDimension@UnDecorator@@CA?AVDName@@XZ 1001f6b2 f   libvcruntime:undname.obj
 0001:0001e717       ?getStorageConvention@UnDecorator@@CA?AVDName@@XZ 1001f717 f i libvcruntime:undname.obj
 0001:0001e72c       ?getString@DName@@QBEPADPAD0@Z 1001f72c f i libvcruntime:undname.obj
 0001:0001e764       ?getString@DName@@QBEPADPADH@Z 1001f764 f i libvcruntime:undname.obj
 0001:0001e7ce       ?getString@DNameStatusNode@@UBEPADPAD0@Z 1001f7ce f i libvcruntime:undname.obj
 0001:0001e825       ?getString@charNode@@UBEPADPAD0@Z 1001f825 f i libvcruntime:undname.obj
 0001:0001e83f       ?getString@pDNameNode@@UBEPADPAD0@Z 1001f83f f i libvcruntime:undname.obj
 0001:0001e85b       ?getString@pairNode@@UBEPADPAD0@Z 1001f85b f i libvcruntime:undname.obj
 0001:0001e8b2       ?getString@pcharNode@@UBEPADPAD0@Z 1001f8b2 f i libvcruntime:undname.obj
 0001:0001e8d3       ?getStringEncoding@UnDecorator@@CA?AVDName@@W4PrefixKind@@H@Z 1001f8d3 f   libvcruntime:undname.obj
 0001:0001e9b9       ?getStringHelper@@YAPADPADPBD1H@Z 1001f9b9 f i libvcruntime:undname.obj
 0001:0001e9ed       ?getStringObject@UnDecorator@@CA?AVDName@@XZ 1001f9ed f   libvcruntime:undname.obj
 0001:0001ea59       ?getSymbolName@UnDecorator@@CA?AVDName@@XZ 1001fa59 f i libvcruntime:undname.obj
 0001:0001eab3       ?getTemplateArgumentList@UnDecorator@@CA?AVDName@@XZ 1001fab3 f   libvcruntime:undname.obj
 0001:0001ecde       ?getTemplateName@UnDecorator@@CA?AVDName@@_N@Z 1001fcde f   libvcruntime:undname.obj
 0001:0001ee97       ?getTemplateNonTypeArgument@UnDecorator@@CA?AVDName@@XZ 1001fe97 f   libvcruntime:undname.obj
 0001:0001f26c       ?getTemplateTypeArgument@UnDecorator@@CA?AVDName@@XZ 1002026c f   libvcruntime:undname.obj
 0001:0001f3b3       ?getThisType@UnDecorator@@CA?AVDName@@XZ 100203b3 f i libvcruntime:undname.obj
 0001:0001f3ed       ?getThrowTypes@UnDecorator@@CA?AVDName@@XZ 100203ed f   libvcruntime:undname.obj
 0001:0001f418       ?getTypeEncoding@UnDecorator@@CAHXZ 10020418 f i libvcruntime:undname.obj
 0001:0001f814       ?getUndecoratedName@UnDecorator@@QAEPADPADH@Z 10020814 f i libvcruntime:undname.obj
 0001:0001f97a       ?getVCallThunkType@UnDecorator@@CA?AVDName@@XZ 1002097a f i libvcruntime:undname.obj
 0001:0001f9e5       ?getValue@UnDecorator@@CA?AV?$optional@_K@std@@XZ 100209e5 f   libvcruntime:undname.obj
 0001:0001fa71       ?getValueObject@UnDecorator@@CA?AVDName@@XZ 10020a71 f   libvcruntime:undname.obj
 0001:0001fbc2       ?getVbTableType@UnDecorator@@CA?AVDName@@ABV2@@Z 10020bc2 f i libvcruntime:undname.obj
 0001:0001fbdc       ?getVdispMapType@UnDecorator@@CA?AVDName@@ABV2@@Z 10020bdc f i libvcruntime:undname.obj
 0001:0001fc55       ?getVfTableType@UnDecorator@@CA?AVDName@@ABV2@@Z 10020c55 f i libvcruntime:undname.obj
 0001:0001fe00       ?getZName@UnDecorator@@CA?AVDName@@_N0@Z 10020e00 f   libvcruntime:undname.obj
 0001:0002009a       ?haveTemplateParameters@UnDecorator@@SAHXZ 1002109a f i libvcruntime:undname.obj
 0001:000200a7       ?isArray@DName@@QBEHXZ     100210a7 f i libvcruntime:undname.obj
 0001:000200b3       ?isComArray@DName@@QBEHXZ  100210b3 f i libvcruntime:undname.obj
 0001:000200bf       ?isEmpty@DName@@QBEHXZ     100210bf f i libvcruntime:undname.obj
 0001:000200c9       ?isFull@Replicator@@QBEHXZ 100210c9 f i libvcruntime:undname.obj
 0001:000200d4       ?isNoTE@DName@@QBEHXZ      100210d4 f i libvcruntime:undname.obj
 0001:000200e0       ?isPinPtr@DName@@QBEHXZ    100210e0 f i libvcruntime:undname.obj
 0001:000200ec       ?isPtrRef@DName@@QBEHXZ    100210ec f i libvcruntime:undname.obj
 0001:000200f8       ?isUDC@DName@@QBEHXZ       100210f8 f i libvcruntime:undname.obj
 0001:0002010d       ?isUDTThunk@DName@@QBEHXZ  1002110d f i libvcruntime:undname.obj
 0001:00020122       ?isVCallThunk@DName@@QBEHXZ 10021122 f i libvcruntime:undname.obj
 0001:0002012e       ?isValid@DName@@QBEHXZ     1002112e f i libvcruntime:undname.obj
 0001:0002013a       ?length@DName@@QBEHXZ      1002113a f i libvcruntime:undname.obj
 0001:00020160       ?length@DNameStatusNode@@UBEHXZ 10021160 f i libvcruntime:undname.obj
 0001:00020164       ?length@charNode@@UBEHXZ   10021164 f i libvcruntime:undname.obj
 0001:00020168       ?length@pDNameNode@@UBEHXZ 10021168 f i libvcruntime:undname.obj
 0001:00020179       ?length@pairNode@@UBEHXZ   10021179 f i libvcruntime:undname.obj
 0001:000201d4       ?length@pcharNode@@UBEHXZ  100211d4 f i libvcruntime:undname.obj
 0001:000201d8       ?make@DNameStatusNode@@SAPBV1@W4DNameStatus@@@Z 100211d8 f i libvcruntime:undname.obj
 0001:000201fb       ?parseDecoratedName@UnDecorator@@CA?AVDName@@XZ 100211fb f   libvcruntime:undname.obj
 0001:00020333       ?raw_length@DNameStatusNode@@UBEHXZ 10021333 f i libvcruntime:undname.obj
 0001:00020337       ?raw_length@charNode@@UBEHXZ 10021337 f i libvcruntime:undname.obj
 0001:0002033b       ?raw_length@pDNameNode@@UBEHXZ 1002133b f i libvcruntime:undname.obj
 0001:0002033f       ?raw_length@pairNode@@UBEHXZ 1002133f f i libvcruntime:undname.obj
 0001:00020343       ?raw_length@pcharNode@@UBEHXZ 10021343 f i libvcruntime:undname.obj
 0001:00020347       ?setIsArray@DName@@QAEXXZ  10021347 f i libvcruntime:undname.obj
 0001:00020351       ?setIsComArray@DName@@QAEXXZ 10021351 f i libvcruntime:undname.obj
 0001:0002035b       ?setIsNoTE@DName@@QAEXXZ   1002135b f i libvcruntime:undname.obj
 0001:00020365       ?setIsPinPtr@DName@@QAEXXZ 10021365 f i libvcruntime:undname.obj
 0001:0002036f       ?setIsUDC@DName@@QAEXXZ    1002136f f i libvcruntime:undname.obj
 0001:0002037f       ?setIsVCallThunk@DName@@QAEXXZ 1002137f f i libvcruntime:undname.obj
 0001:00020389       ?setPtrRef@DName@@QAEAAV1@XZ 10021389 f i libvcruntime:undname.obj
 0001:00020395       ?status@DName@@QBE?AW4DNameStatus@@XZ 10021395 f i libvcruntime:undname.obj
 0001:0002041a       ___unDName                 1002141a f   libvcruntime:undname.obj
 0001:00020445       ___unDNameEx               10021445 f   libvcruntime:undname.obj
 0001:0002050b       __vsprintf_s_l             1002150b f i libvcruntime:undname.obj
 0001:00020543       _sprintf_s                 10021543 f i libvcruntime:undname.obj
 0001:00020566       _unDNameGenerateCHPE       10021566 f   libvcruntime:undname.obj
 0001:0002062a       ??$?RU__vcrt_ptd@@@__crt_internal_free_policy@@QBEXQBU__vcrt_ptd@@@Z 1002162a f i libvcruntime:per_thread_data.obj
 0001:0002063e       ??0?$__crt_unique_heap_ptr@U__vcrt_ptd@@U__crt_internal_free_policy@@@@QAE@QAU__vcrt_ptd@@@Z 1002163e f i libvcruntime:per_thread_data.obj
 0001:00020661       ??1?$__crt_unique_heap_ptr@U__vcrt_ptd@@U__crt_internal_free_policy@@@@QAE@XZ 10021661 f i libvcruntime:per_thread_data.obj
 0001:00020680       ??B?$__crt_unique_heap_ptr@U__vcrt_ptd@@U__crt_internal_free_policy@@@@QBE_NXZ 10021680 f i libvcruntime:per_thread_data.obj
 0001:00020687       ?detach@?$__crt_unique_heap_ptr@U__vcrt_ptd@@U__crt_internal_free_policy@@@@QAEPAU__vcrt_ptd@@XZ 10021687 f i libvcruntime:per_thread_data.obj
 0001:0002068d       ?get@?$__crt_unique_heap_ptr@U__vcrt_ptd@@U__crt_internal_free_policy@@@@QBEPAU__vcrt_ptd@@XZ 1002168d f i libvcruntime:per_thread_data.obj
 0001:00020690       ?is_valid@?$__crt_unique_heap_ptr@U__vcrt_ptd@@U__crt_internal_free_policy@@@@QBE_NXZ 10021690 f i libvcruntime:per_thread_data.obj
 0001:00020697       ?release@?$__crt_unique_heap_ptr@U__vcrt_ptd@@U__crt_internal_free_policy@@@@QAEXXZ 10021697 f i libvcruntime:per_thread_data.obj
 0001:000206cb       ___vcrt_freefls@4          100216cb f   libvcruntime:per_thread_data.obj
 0001:000206ee       ___vcrt_freeptd            100216ee f   libvcruntime:per_thread_data.obj
 0001:00020731       ___vcrt_getptd             10021731 f   libvcruntime:per_thread_data.obj
 0001:00020742       ___vcrt_getptd_noexit      10021742 f   libvcruntime:per_thread_data.obj
 0001:000207f8       ___vcrt_getptd_noinit      100217f8 f   libvcruntime:per_thread_data.obj
 0001:0002083c       ___vcrt_initialize_ptd     1002183c f   libvcruntime:per_thread_data.obj
 0001:0002087b       ___vcrt_uninitialize_ptd   1002187b f   libvcruntime:per_thread_data.obj
 0001:0002089c       ___vcrt_initialize_locks   1002189c f   libvcruntime:locks.obj
 0001:000208e7       ___vcrt_lock               100218e7 f   libvcruntime:locks.obj
 0001:00020901       ___vcrt_uninitialize_locks 10021901 f   libvcruntime:locks.obj
 0001:0002093b       ___vcrt_unlock             1002193b f   libvcruntime:locks.obj
 0001:00020960       __global_unwind2           10021960 f   libvcruntime:exsup.obj
 0001:000209c6       __local_unwind2            100219c6 f   libvcruntime:exsup.obj
 0001:00020a4a       __abnormal_termination     10021a4a f   libvcruntime:exsup.obj
 0001:00020a70       __NLG_Notify1              10021a70 f   libvcruntime:exsup.obj
 0001:00020a7c       __NLG_Notify               10021a7c f   libvcruntime:exsup.obj
 0001:00020a93       __NLG_Dispatch2            10021a93     libvcruntime:exsup.obj
 0001:00020a93       __NLG_Dispatch             10021a93     libvcruntime:exsup.obj
 0001:00020a9b       __NLG_Call                 10021a9b f   libvcruntime:exsup.obj
 0001:00020a9d       __NLG_Return2              10021a9d     libvcruntime:exsup.obj
 0001:00020aed       ??$__crt_interlocked_exchange_pointer@$$A6AXXZP6AXXZ@@YAP6AXXZPDS6AXXZQ6AXXZ@Z 10021aed f i libvcruntime:purevirt.obj
 0001:00020afd       ??$__crt_interlocked_read_pointer@$$A6AXXZ@@YAP6AXXZPDS6AXXZ@Z 10021afd f i libvcruntime:purevirt.obj
 0001:00020b09       __get_purecall_handler     10021b09 f   libvcruntime:purevirt.obj
 0001:00020b0f       __purecall                 10021b0f f   libvcruntime:purevirt.obj
 0001:00020b32       __set_purecall_handler     10021b32 f   libvcruntime:purevirt.obj
 0001:00020b44       ??$?0AAViterator@TryBlockMap@__FrameHandler3@@AAV012@$0A@@?$pair@Viterator@TryBlockMap@__FrameHandler3@@V123@@std@@QAE@AAViterator@TryBlockMap@__FrameHandler3@@0@Z 10021b44 f i libvcruntime:trnsctrl.obj
 0001:00020b71       ??$forward@AAViterator@TryBlockMap@__FrameHandler3@@@std@@YAAAViterator@TryBlockMap@__FrameHandler3@@AAV123@@Z 10021b71 f i libvcruntime:trnsctrl.obj
 0001:00020b7b       ??0iterator@TryBlockMap@__FrameHandler3@@QAE@AAV12@I@Z 10021b7b f i libvcruntime:trnsctrl.obj
 0001:00020b94       ?GetRangeOfTrysToCheck@__FrameHandler3@@SA?AU?$pair@Viterator@TryBlockMap@__FrameHandler3@@V123@@std@@AAVTryBlockMap@1@HPAXPBU_s_FuncInfo@@H@Z 10021b94 f   libvcruntime:trnsctrl.obj
 0001:00020c20       ?_CallCatchBlock2@@YAPAXPAUEHRegistrationNode@@PBU_s_FuncInfo@@PAXHK@Z 10021c20 f   libvcruntime:trnsctrl.obj
 0001:00020c95       ?_CallSETranslator@@YAHPAUEHExceptionRecord@@PAUEHRegistrationNode@@PAX2PBU_s_FuncInfo@@H1@Z 10021c95 f   libvcruntime:trnsctrl.obj
 0001:00020db4       ?_JumpToContinuation@@YGXPAXPAUEHRegistrationNode@@@Z 10021db4 f   libvcruntime:trnsctrl.obj
 0001:00020df0       ?_UnwindNestedFrames@@YGXPAUEHRegistrationNode@@PAUEHExceptionRecord@@@Z 10021df0 f   libvcruntime:trnsctrl.obj
 0001:00020e57       __CatchGuardHandler        10021e57 f   libvcruntime:trnsctrl.obj
 0001:00020e94       __CreateFrameInfo          10021e94 f   libvcruntime:trnsctrl.obj
 0001:00020ec1       __FindAndUnlinkFrame       10021ec1 f   libvcruntime:trnsctrl.obj
 0001:00020f1b       __TranslatorGuardHandler   10021f1b f   libvcruntime:trnsctrl.obj
 0001:00020fdf       ___CxxFrameHandler         10021fdf f   libvcruntime:trnsctrl.obj
 0001:00021022       ___CxxFrameHandler2        10022022 f   libvcruntime:trnsctrl.obj
 0001:00021065       ___CxxFrameHandler3        10022065 f   libvcruntime:trnsctrl.obj
 0001:000210a8       ___CxxLongjmpUnwind@4      100220a8 f   libvcruntime:trnsctrl.obj
 0001:000210d6       ??$__crt_interlocked_exchange_pointer@UHINSTANCE__@@PAU1@@@YAPAUHINSTANCE__@@PDSAU0@QAU0@@Z 100220d6 f i libvcruntime:winapi_downlevel.obj
 0001:000210e6       ??$__crt_interlocked_exchange_pointer@UHINSTANCE__@@PAX@@YAPAUHINSTANCE__@@PDSAU0@QAX@Z 100220e6 f i libvcruntime:winapi_downlevel.obj
 0001:000210f6       ??$__crt_interlocked_exchange_pointer@XPAX@@YAPAXPDSAXQAX@Z 100220f6 f i libvcruntime:winapi_downlevel.obj
 0001:00021106       ??$__crt_interlocked_read_pointer@UHINSTANCE__@@@@YAPAUHINSTANCE__@@PDSAU0@@Z 10022106 f i libvcruntime:winapi_downlevel.obj
 0001:00021112       ??$__crt_interlocked_read_pointer@X@@YAPAXPDSAX@Z 10022112 f i libvcruntime:winapi_downlevel.obj
 0001:000213c6       ___vcrt_FlsAlloc           100223c6 f   libvcruntime:winapi_downlevel.obj
 0001:0002140f       ___vcrt_FlsFree            1002240f f   libvcruntime:winapi_downlevel.obj
 0001:00021458       ___vcrt_FlsGetValue        10022458 f   libvcruntime:winapi_downlevel.obj
 0001:000214a1       ___vcrt_FlsSetValue        100224a1 f   libvcruntime:winapi_downlevel.obj
 0001:000214ee       ___vcrt_InitializeCriticalSectionEx 100224ee f   libvcruntime:winapi_downlevel.obj
 0001:00021e58       ??$TypeMatchHelper@V__FrameHandler3@@@@YAHPBU_s_HandlerType@@PBU_s_CatchableType@@PBU_s_ThrowInfo@@@Z 10022e58 f i libvcruntime:frame.obj
 0001:00021f09       ??$__InternalCxxFrameHandler@V__FrameHandler3@@@@YA?AW4_EXCEPTION_DISPOSITION@@PAUEHExceptionRecord@@PAUEHRegistrationNode@@PAU_CONTEXT@@PAXPBU_s_FuncInfo@@H1E@Z 10022f09 f i libvcruntime:frame.obj
 0001:0002204b       ??0HandlerMap@__FrameHandler3@@QAE@PBU_s_TryBlockMapEntry@@II@Z 1002304b f i libvcruntime:frame.obj
 0001:00022067       ??0TryBlockMap@__FrameHandler3@@QAE@PBU_s_FuncInfo@@I@Z 10023067 f i libvcruntime:frame.obj
 0001:00022080       ??0bad_exception@std@@QAE@ABV01@@Z 10023080 f i libvcruntime:frame.obj
 0001:000220a1       ??0bad_exception@std@@QAE@XZ 100230a1 f i libvcruntime:frame.obj
 0001:000220bf       ??0exception@std@@QAE@ABV01@@Z 100230bf f i libvcruntime:frame.obj
 0001:000220f6       ??0exception@std@@QAE@QBDH@Z 100230f6 f i libvcruntime:frame.obj
 0001:0002211a       ??0iterator@HandlerMap@__FrameHandler3@@QAE@AAV12@I@Z 1002311a f i libvcruntime:frame.obj
 0001:00022133       ??1bad_exception@std@@UAE@XZ 10023133 f i libvcruntime:frame.obj
 0001:00022148       ??1exception@std@@UAE@XZ   10023148 f i libvcruntime:frame.obj
 0001:0002215d       ??8iterator@HandlerMap@__FrameHandler3@@QBE_NABV012@@Z 1002315d f i libvcruntime:frame.obj
 0001:00022174       ??8type_info@@QBE_NABV0@@Z 10023174 f i libvcruntime:frame.obj
 0001:0002219a       ??9iterator@HandlerMap@__FrameHandler3@@QBE_NABV012@@Z 1002319a f i libvcruntime:frame.obj
 0001:000221b1       ??Diterator@HandlerMap@__FrameHandler3@@QAE?BU_s_HandlerType@@XZ 100231b1 f i libvcruntime:frame.obj
 0001:000221d7       ??Diterator@TryBlockMap@__FrameHandler3@@QAE?BU_s_TryBlockMapEntry@@XZ 100231d7 f i libvcruntime:frame.obj
 0001:00022201       ??Eiterator@HandlerMap@__FrameHandler3@@QAEAAV012@XZ 10023201 f i libvcruntime:frame.obj
 0001:00022207       ??Eiterator@TryBlockMap@__FrameHandler3@@QAEAAV012@XZ 10023207 f i libvcruntime:frame.obj
 0001:0002220d       ??Miterator@TryBlockMap@__FrameHandler3@@QBE_NABV012@@Z 1002320d f i libvcruntime:frame.obj
 0001:00022224       ??_Gbad_exception@std@@UAEPAXI@Z 10023224 f i libvcruntime:frame.obj
 0001:00022224       ??_Ebad_exception@std@@UAEPAXI@Z 10023224 f i libvcruntime:frame.obj
 0001:0002225c       ??_Gexception@std@@UAEPAXI@Z 1002325c f i libvcruntime:frame.obj
 0001:0002225c       ??_Eexception@std@@UAEPAXI@Z 1002325c f i libvcruntime:frame.obj
 0001:00022294       ?BuildCatchObject@__FrameHandler3@@SAXPAUEHExceptionRecord@@PAXPBU_s_HandlerType@@PBU_s_CatchableType@@@Z 10023294 f   libvcruntime:frame.obj
 0001:00022299       ?BuildCatchObjectHelper@__FrameHandler3@@SAHPAUEHExceptionRecord@@PAXPBU_s_HandlerType@@PBU_s_CatchableType@@@Z 10023299 f   libvcruntime:frame.obj
 0001:00022583       ?FrameUnwindToEmptyState@__FrameHandler3@@SAXPAUEHRegistrationNode@@PAXPBU_s_FuncInfo@@@Z 10023583 f   libvcruntime:frame.obj
 0001:000225a1       ?FrameUnwindToState@__FrameHandler3@@SAXPAUEHRegistrationNode@@PAXPBU_s_FuncInfo@@H@Z 100235a1 f   libvcruntime:frame.obj
 0001:000226c3       ?GetMaxState@__FrameHandler3@@SAHPAXPBU_s_FuncInfo@@@Z 100236c3 f i libvcruntime:frame.obj
 0001:000227d7       ?TypeMatch@__FrameHandler3@@SAHPBU_s_HandlerType@@PBU_s_CatchableType@@PBU_s_ThrowInfo@@@Z 100237d7 f   libvcruntime:frame.obj
 0001:000227e2       ?_CallMemberFunction1@@YGXQAX00@Z 100237e2 f i libvcruntime:frame.obj
 0001:000227f6       ?_CallMemberFunction2@@YGXQAX00H@Z 100237f6 f i libvcruntime:frame.obj
 0001:0002280d       ?begin@HandlerMap@__FrameHandler3@@QAE?AViterator@12@XZ 1002380d f i libvcruntime:frame.obj
 0001:00022821       ?end@HandlerMap@__FrameHandler3@@QAE?AViterator@12@XZ 10023821 f i libvcruntime:frame.obj
 0001:00022836       ?getESTypes@__FrameHandler3@@SAPBU_s_ESTypeList@@PBU_s_FuncInfo@@@Z 10023836 f i libvcruntime:frame.obj
 0001:00022843       ?getLastEntry@HandlerMap@__FrameHandler3@@QAEPBU_s_HandlerType@@XZ 10023843 f i libvcruntime:frame.obj
 0001:00022854       ?getMagicNum@__FrameHandler3@@SAIPBU_s_FuncInfo@@@Z 10023854 f i libvcruntime:frame.obj
 0001:00022866       ?getNumTryBlocks@TryBlockMap@__FrameHandler3@@QAEIXZ 10023866 f i libvcruntime:frame.obj
 0001:0002286c       ?isEHs@__FrameHandler3@@SA_NPBU_s_FuncInfo@@@Z 1002386c f i libvcruntime:frame.obj
 0001:0002287c       ?isNoExcept@__FrameHandler3@@SA_NPBU_s_FuncInfo@@@Z 1002387c f i libvcruntime:frame.obj
 0001:00022890       ?what@exception@std@@UBEPBDXZ 10023890 f i libvcruntime:frame.obj
 0001:000228a0       ___BuildCatchObject        100238a0 f   libvcruntime:frame.obj
 0001:000228a5       ___BuildCatchObjectHelper  100238a5 f   libvcruntime:frame.obj
 0001:000228b0       ___TypeMatch               100238b0 f   libvcruntime:frame.obj
 0001:000228bb       ___vcrt_EncodePointer      100238bb f i libvcruntime:frame.obj
 0001:000228d0       __CallSettingFrame@12      100238d0 f   libvcruntime:lowhelpr.obj
 0001:000228f7       __NLG_Return               100238f7     libvcruntime:lowhelpr.obj
 0001:00022948       __get_unexpected           10023948 f   libvcruntime:unexpected.obj
 0001:0002295e       _set_unexpected            1002395e f   libvcruntime:unexpected.obj
 0001:00022983       _unexpected                10023983 f   libvcruntime:unexpected.obj
 0001:000229a7       ?GetCurrentState@__FrameHandler3@@SAHPAUEHRegistrationNode@@PAXPBU_s_FuncInfo@@@Z 100239a7 f   libvcruntime:ehstate.obj
 0001:000229cb       ?SetState@__FrameHandler3@@SAXPAUEHRegistrationNode@@PBU_s_FuncInfo@@H@Z 100239cb f   libvcruntime:ehstate.obj
 0001:000229dc       ??$?RD@__crt_public_free_policy@@QBEXQBD@Z 100239dc f i libvcruntime:std_exception.obj
 0001:000229f0       ??0?$__crt_unique_heap_ptr@DU__crt_public_free_policy@@@@QAE@QAD@Z 100239f0 f i libvcruntime:std_exception.obj
 0001:00022a01       ??1?$__crt_unique_heap_ptr@DU__crt_public_free_policy@@@@QAE@XZ 10023a01 f i libvcruntime:std_exception.obj
 0001:00022a15       ??B?$__crt_unique_heap_ptr@DU__crt_public_free_policy@@@@QBE_NXZ 10023a15 f i libvcruntime:std_exception.obj
 0001:00022a1c       ?detach@?$__crt_unique_heap_ptr@DU__crt_public_free_policy@@@@QAEPADXZ 10023a1c f i libvcruntime:std_exception.obj
 0001:00022a22       ?get@?$__crt_unique_heap_ptr@DU__crt_public_free_policy@@@@QBEPADXZ 10023a22 f i libvcruntime:std_exception.obj
 0001:00022a25       ?is_valid@?$__crt_unique_heap_ptr@DU__crt_public_free_policy@@@@QBE_NXZ 10023a25 f i libvcruntime:std_exception.obj
 0001:00022a2c       ?release@?$__crt_unique_heap_ptr@DU__crt_public_free_policy@@@@QAEXXZ 10023a2c f i libvcruntime:std_exception.obj
 0001:00022a40       ___std_exception_copy      10023a40 f   libvcruntime:std_exception.obj
 0001:00022abb       ___std_exception_destroy   10023abb f   libvcruntime:std_exception.obj
 0001:00022ae1       __CxxThrowException@8      10023ae1 f   libvcruntime:throw.obj
 0001:00022b68       _malloc                    10023b68 f   libucrt:malloc.obj
 0001:00022b75       _free                      10023b75 f   libucrt:free.obj
 0001:00022b96       ??$?RPAU__crt_stdio_stream_data@@@__crt_internal_free_policy@@QBEXQBQAU__crt_stdio_stream_data@@@Z 10023b96 f i libucrt:_file.obj
 0001:00022bac       ??0?$__crt_unique_heap_ptr@PAU__crt_stdio_stream_data@@U__crt_internal_free_policy@@@@QAE@QAPAU__crt_stdio_stream_data@@@Z 10023bac f i libucrt:_file.obj
 0001:00022bc0       ??0__crt_stdio_stream@@QAE@QAU_iobuf@@@Z 10023bc0 f i libucrt:_file.obj
 0001:00022bd4       ??1?$__crt_unique_heap_ptr@PAU__crt_stdio_stream_data@@U__crt_internal_free_policy@@@@QAE@XZ 10023bd4 f i libucrt:_file.obj
 0001:00022bea       ??C__crt_stdio_stream@@QBEPAU__crt_stdio_stream_data@@XZ 10023bea f i libucrt:_file.obj
 0001:00022bed       ?detach@?$__crt_unique_heap_ptr@PAU__crt_stdio_stream_data@@U__crt_internal_free_policy@@@@QAEPAPAU__crt_stdio_stream_data@@XZ 10023bed f i libucrt:_file.obj
 0001:00022bf3       ?release@?$__crt_unique_heap_ptr@PAU__crt_stdio_stream_data@@U__crt_internal_free_policy@@@@QAEXXZ 10023bf3 f i libucrt:_file.obj
 0001:00022c09       ___acrt_initialize_stdio   10023c09 f   libucrt:_file.obj
 0001:00022d03       ___acrt_iob_func           10023d03 f   libucrt:_file.obj
 0001:00022d17       ___acrt_uninitialize_stdio 10023d17 f   libucrt:_file.obj
 0001:00022d76       __get_stream_buffer_pointers 10023d76 f   libucrt:_file.obj
 0001:00022dcd       __lock_file                10023dcd f   libucrt:_file.obj
 0001:00022de6       __unlock_file              10023de6 f   libucrt:_file.obj
 0001:00022dff       ??$?0ABV?$stream_output_adapter@D@__crt_stdio_output@@AB_KABQBDABQAU__crt_locale_pointers@@ABQAD@?$format_validation_base@DV?$stream_output_adapter@D@__crt_stdio_output@@@__crt_stdio_output@@IAE@ABV?$stream_output_adapter@D@1@AB_KABQBDABQAU__crt_locale_pointers@@ABQAD@Z 10023dff f i libucrt:output.obj
 0001:00022e2a       ??$?0ABV?$stream_output_adapter@D@__crt_stdio_output@@AB_KABQBDABQAU__crt_locale_pointers@@ABQAD@?$positional_parameter_base@DV?$stream_output_adapter@D@__crt_stdio_output@@@__crt_stdio_output@@IAE@ABV?$stream_output_adapter@D@1@AB_KABQBDABQAU__crt_locale_pointers@@ABQAD@Z 10023e2a f i libucrt:output.obj
 0001:00022e84       ??$?0ABV?$stream_output_adapter@D@__crt_stdio_output@@AB_KABQBDABQAU__crt_locale_pointers@@ABQAD@?$standard_base@DV?$stream_output_adapter@D@__crt_stdio_output@@@__crt_stdio_output@@IAE@ABV?$stream_output_adapter@D@1@AB_KABQBDABQAU__crt_locale_pointers@@ABQAD@Z 10023e84 f i libucrt:output.obj
 0001:00022ec6       ??$?0ABV?$stream_output_adapter@_W@__crt_stdio_output@@AB_KABQB_WABQAU__crt_locale_pointers@@ABQAD@?$format_validation_base@_WV?$stream_output_adapter@_W@__crt_stdio_output@@@__crt_stdio_output@@IAE@ABV?$stream_output_adapter@_W@1@AB_KABQB_WABQAU__crt_locale_pointers@@ABQAD@Z 10023ec6 f i libucrt:output.obj
 0001:00022ef1       ??$?0ABV?$stream_output_adapter@_W@__crt_stdio_output@@AB_KABQB_WABQAU__crt_locale_pointers@@ABQAD@?$positional_parameter_base@_WV?$stream_output_adapter@_W@__crt_stdio_output@@@__crt_stdio_output@@IAE@ABV?$stream_output_adapter@_W@1@AB_KABQB_WABQAU__crt_locale_pointers@@ABQAD@Z 10023ef1 f i libucrt:output.obj
 0001:00022f4b       ??$?0ABV?$stream_output_adapter@_W@__crt_stdio_output@@AB_KABQB_WABQAU__crt_locale_pointers@@ABQAD@?$standard_base@_WV?$stream_output_adapter@_W@__crt_stdio_output@@@__crt_stdio_output@@IAE@ABV?$stream_output_adapter@_W@1@AB_KABQB_WABQAU__crt_locale_pointers@@ABQAD@Z 10023f4b f i libucrt:output.obj
 0001:00022f8d       ??$?0ABV?$string_output_adapter@D@__crt_stdio_output@@AB_KABQBDABQAU__crt_locale_pointers@@ABQAD@?$format_validation_base@DV?$string_output_adapter@D@__crt_stdio_output@@@__crt_stdio_output@@IAE@ABV?$string_output_adapter@D@1@AB_KABQBDABQAU__crt_locale_pointers@@ABQAD@Z 10023f8d f i libucrt:output.obj
 0001:00022fb8       ??$?0ABV?$string_output_adapter@D@__crt_stdio_output@@AB_KABQBDABQAU__crt_locale_pointers@@ABQAD@?$positional_parameter_base@DV?$string_output_adapter@D@__crt_stdio_output@@@__crt_stdio_output@@IAE@ABV?$string_output_adapter@D@1@AB_KABQBDABQAU__crt_locale_pointers@@ABQAD@Z 10023fb8 f i libucrt:output.obj
 0001:00023012       ??$?0ABV?$string_output_adapter@D@__crt_stdio_output@@AB_KABQBDABQAU__crt_locale_pointers@@ABQAD@?$standard_base@DV?$string_output_adapter@D@__crt_stdio_output@@@__crt_stdio_output@@IAE@ABV?$string_output_adapter@D@1@AB_KABQBDABQAU__crt_locale_pointers@@ABQAD@Z 10024012 f i libucrt:output.obj
 0001:00023054       ??$?0ABV?$string_output_adapter@_W@__crt_stdio_output@@AB_KABQB_WABQAU__crt_locale_pointers@@ABQAD@?$format_validation_base@_WV?$string_output_adapter@_W@__crt_stdio_output@@@__crt_stdio_output@@IAE@ABV?$string_output_adapter@_W@1@AB_KABQB_WABQAU__crt_locale_pointers@@ABQAD@Z 10024054 f i libucrt:output.obj
 0001:0002307f       ??$?0ABV?$string_output_adapter@_W@__crt_stdio_output@@AB_KABQB_WABQAU__crt_locale_pointers@@ABQAD@?$positional_parameter_base@_WV?$string_output_adapter@_W@__crt_stdio_output@@@__crt_stdio_output@@IAE@ABV?$string_output_adapter@_W@1@AB_KABQB_WABQAU__crt_locale_pointers@@ABQAD@Z 1002407f f i libucrt:output.obj
 0001:000230d9       ??$?0ABV?$string_output_adapter@_W@__crt_stdio_output@@AB_KABQB_WABQAU__crt_locale_pointers@@ABQAD@?$standard_base@_WV?$string_output_adapter@_W@__crt_stdio_output@@@__crt_stdio_output@@IAE@ABV?$string_output_adapter@_W@1@AB_KABQB_WABQAU__crt_locale_pointers@@ABQAD@Z 100240d9 f i libucrt:output.obj
 0001:000234db       ??$__crt_interlocked_read@J@@YAJPDJ@Z 100244db f i libucrt:output.obj
 0001:0002471d       ??$count@D@formatting_buffer@__crt_stdio_output@@QBEIXZ 1002571d f i libucrt:output.obj
 0001:0002473b       ??$count@_W@formatting_buffer@__crt_stdio_output@@QBEIXZ 1002573b f i libucrt:output.obj
 0001:0002475a       ??$data@D@formatting_buffer@__crt_stdio_output@@QAEPADXZ 1002575a f i libucrt:output.obj
 0001:0002476a       ??$data@_W@formatting_buffer@__crt_stdio_output@@QAEPA_WXZ 1002576a f i libucrt:output.obj
 0001:0002477a       ??$ensure_buffer_is_big_enough@D@formatting_buffer@__crt_stdio_output@@QAE_NI@Z 1002577a f i libucrt:output.obj
 0001:00024816       ??$ensure_buffer_is_big_enough@_W@formatting_buffer@__crt_stdio_output@@QAE_NI@Z 10025816 f i libucrt:output.obj
 0001:000248b3       ??$extract_argument_from_va_list@C_J@?$positional_parameter_base@DV?$stream_output_adapter@D@__crt_stdio_output@@@__crt_stdio_output@@IAE_NAA_J@Z 100258b3 f i libucrt:output.obj
 0001:0002494a       ??$extract_argument_from_va_list@C_J@?$positional_parameter_base@DV?$string_output_adapter@D@__crt_stdio_output@@@__crt_stdio_output@@IAE_NAA_J@Z 1002594a f i libucrt:output.obj
 0001:000249e1       ??$extract_argument_from_va_list@C_J@?$positional_parameter_base@_WV?$stream_output_adapter@_W@__crt_stdio_output@@@__crt_stdio_output@@IAE_NAA_J@Z 100259e1 f i libucrt:output.obj
 0001:00024a78       ??$extract_argument_from_va_list@C_J@?$positional_parameter_base@_WV?$string_output_adapter@_W@__crt_stdio_output@@@__crt_stdio_output@@IAE_NAA_J@Z 10025a78 f i libucrt:output.obj
 0001:00024b0f       ??$extract_argument_from_va_list@C_J@?$standard_base@DV?$stream_output_adapter@D@__crt_stdio_output@@@__crt_stdio_output@@IAE_NAA_J@Z 10025b0f f i libucrt:output.obj
 0001:00024b35       ??$extract_argument_from_va_list@C_J@?$standard_base@DV?$string_output_adapter@D@__crt_stdio_output@@@__crt_stdio_output@@IAE_NAA_J@Z 10025b35 f i libucrt:output.obj
 0001:00024b5b       ??$extract_argument_from_va_list@C_J@?$standard_base@_WV?$stream_output_adapter@_W@__crt_stdio_output@@@__crt_stdio_output@@IAE_NAA_J@Z 10025b5b f i libucrt:output.obj
 0001:00024b81       ??$extract_argument_from_va_list@C_J@?$standard_base@_WV?$string_output_adapter@_W@__crt_stdio_output@@@__crt_stdio_output@@IAE_NAA_J@Z 10025b81 f i libucrt:output.obj
 0001:00024ba7       ??$extract_argument_from_va_list@E_J@?$positional_parameter_base@DV?$stream_output_adapter@D@__crt_stdio_output@@@__crt_stdio_output@@IAE_NAA_J@Z 10025ba7 f i libucrt:output.obj
 0001:00024c3e       ??$extract_argument_from_va_list@E_J@?$positional_parameter_base@DV?$string_output_adapter@D@__crt_stdio_output@@@__crt_stdio_output@@IAE_NAA_J@Z 10025c3e f i libucrt:output.obj
 0001:00024cd5       ??$extract_argument_from_va_list@E_J@?$positional_parameter_base@_WV?$stream_output_adapter@_W@__crt_stdio_output@@@__crt_stdio_output@@IAE_NAA_J@Z 10025cd5 f i libucrt:output.obj
 0001:00024d6c       ??$extract_argument_from_va_list@E_J@?$positional_parameter_base@_WV?$string_output_adapter@_W@__crt_stdio_output@@@__crt_stdio_output@@IAE_NAA_J@Z 10025d6c f i libucrt:output.obj
 0001:00024e03       ??$extract_argument_from_va_list@E_J@?$standard_base@DV?$stream_output_adapter@D@__crt_stdio_output@@@__crt_stdio_output@@IAE_NAA_J@Z 10025e03 f i libucrt:output.obj
 0001:00024e29       ??$extract_argument_from_va_list@E_J@?$standard_base@DV?$string_output_adapter@D@__crt_stdio_output@@@__crt_stdio_output@@IAE_NAA_J@Z 10025e29 f i libucrt:output.obj
 0001:00024e4f       ??$extract_argument_from_va_list@E_J@?$standard_base@_WV?$stream_output_adapter@_W@__crt_stdio_output@@@__crt_stdio_output@@IAE_NAA_J@Z 10025e4f f i libucrt:output.obj
 0001:00024e75       ??$extract_argument_from_va_list@E_J@?$standard_base@_WV?$string_output_adapter@_W@__crt_stdio_output@@@__crt_stdio_output@@IAE_NAA_J@Z 10025e75 f i libucrt:output.obj
 0001:00024e9b       ??$extract_argument_from_va_list@F_J@?$positional_parameter_base@DV?$stream_output_adapter@D@__crt_stdio_output@@@__crt_stdio_output@@IAE_NAA_J@Z 10025e9b f i libucrt:output.obj
 0001:00024f32       ??$extract_argument_from_va_list@F_J@?$positional_parameter_base@DV?$string_output_adapter@D@__crt_stdio_output@@@__crt_stdio_output@@IAE_NAA_J@Z 10025f32 f i libucrt:output.obj
 0001:00024fc9       ??$extract_argument_from_va_list@F_J@?$positional_parameter_base@_WV?$stream_output_adapter@_W@__crt_stdio_output@@@__crt_stdio_output@@IAE_NAA_J@Z 10025fc9 f i libucrt:output.obj
 0001:00025060       ??$extract_argument_from_va_list@F_J@?$positional_parameter_base@_WV?$string_output_adapter@_W@__crt_stdio_output@@@__crt_stdio_output@@IAE_NAA_J@Z 10026060 f i libucrt:output.obj
 0001:000250f7       ??$extract_argument_from_va_list@F_J@?$standard_base@DV?$stream_output_adapter@D@__crt_stdio_output@@@__crt_stdio_output@@IAE_NAA_J@Z 100260f7 f i libucrt:output.obj
 0001:0002511d       ??$extract_argument_from_va_list@F_J@?$standard_base@DV?$string_output_adapter@D@__crt_stdio_output@@@__crt_stdio_output@@IAE_NAA_J@Z 1002611d f i libucrt:output.obj
 0001:00025143       ??$extract_argument_from_va_list@F_J@?$standard_base@_WV?$stream_output_adapter@_W@__crt_stdio_output@@@__crt_stdio_output@@IAE_NAA_J@Z 10026143 f i libucrt:output.obj
 0001:00025169       ??$extract_argument_from_va_list@F_J@?$standard_base@_WV?$string_output_adapter@_W@__crt_stdio_output@@@__crt_stdio_output@@IAE_NAA_J@Z 10026169 f i libucrt:output.obj
 0001:0002518f       ??$extract_argument_from_va_list@GD@?$positional_parameter_base@DV?$stream_output_adapter@D@__crt_stdio_output@@@__crt_stdio_output@@IAE_NAAD@Z 1002618f f i libucrt:output.obj
 0001:00025225       ??$extract_argument_from_va_list@GD@?$positional_parameter_base@DV?$string_output_adapter@D@__crt_stdio_output@@@__crt_stdio_output@@IAE_NAAD@Z 10026225 f i libucrt:output.obj
 0001:000252bb       ??$extract_argument_from_va_list@GD@?$standard_base@DV?$stream_output_adapter@D@__crt_stdio_output@@@__crt_stdio_output@@IAE_NAAD@Z 100262bb f i libucrt:output.obj
 0001:000252db       ??$extract_argument_from_va_list@GD@?$standard_base@DV?$string_output_adapter@D@__crt_stdio_output@@@__crt_stdio_output@@IAE_NAAD@Z 100262db f i libucrt:output.obj
 0001:000252fb       ??$extract_argument_from_va_list@G_J@?$positional_parameter_base@DV?$stream_output_adapter@D@__crt_stdio_output@@@__crt_stdio_output@@IAE_NAA_J@Z 100262fb f i libucrt:output.obj
 0001:00025392       ??$extract_argument_from_va_list@G_J@?$positional_parameter_base@DV?$string_output_adapter@D@__crt_stdio_output@@@__crt_stdio_output@@IAE_NAA_J@Z 10026392 f i libucrt:output.obj
 0001:00025429       ??$extract_argument_from_va_list@G_J@?$positional_parameter_base@_WV?$stream_output_adapter@_W@__crt_stdio_output@@@__crt_stdio_output@@IAE_NAA_J@Z 10026429 f i libucrt:output.obj
 0001:000254c0       ??$extract_argument_from_va_list@G_J@?$positional_parameter_base@_WV?$string_output_adapter@_W@__crt_stdio_output@@@__crt_stdio_output@@IAE_NAA_J@Z 100264c0 f i libucrt:output.obj
 0001:00025557       ??$extract_argument_from_va_list@G_J@?$standard_base@DV?$stream_output_adapter@D@__crt_stdio_output@@@__crt_stdio_output@@IAE_NAA_J@Z 10026557 f i libucrt:output.obj
 0001:0002557d       ??$extract_argument_from_va_list@G_J@?$standard_base@DV?$string_output_adapter@D@__crt_stdio_output@@@__crt_stdio_output@@IAE_NAA_J@Z 1002657d f i libucrt:output.obj
 0001:000255a3       ??$extract_argument_from_va_list@G_J@?$standard_base@_WV?$stream_output_adapter@_W@__crt_stdio_output@@@__crt_stdio_output@@IAE_NAA_J@Z 100265a3 f i libucrt:output.obj
 0001:000255c9       ??$extract_argument_from_va_list@G_J@?$standard_base@_WV?$string_output_adapter@_W@__crt_stdio_output@@@__crt_stdio_output@@IAE_NAA_J@Z 100265c9 f i libucrt:output.obj
 0001:000255ef       ??$extract_argument_from_va_list@H_J@?$positional_parameter_base@DV?$stream_output_adapter@D@__crt_stdio_output@@@__crt_stdio_output@@IAE_NAA_J@Z 100265ef f i libucrt:output.obj
 0001:00025683       ??$extract_argument_from_va_list@H_J@?$positional_parameter_base@DV?$string_output_adapter@D@__crt_stdio_output@@@__crt_stdio_output@@IAE_NAA_J@Z 10026683 f i libucrt:output.obj
 0001:00025717       ??$extract_argument_from_va_list@H_J@?$positional_parameter_base@_WV?$stream_output_adapter@_W@__crt_stdio_output@@@__crt_stdio_output@@IAE_NAA_J@Z 10026717 f i libucrt:output.obj
 0001:000257ab       ??$extract_argument_from_va_list@H_J@?$positional_parameter_base@_WV?$string_output_adapter@_W@__crt_stdio_output@@@__crt_stdio_output@@IAE_NAA_J@Z 100267ab f i libucrt:output.obj
 0001:0002583f       ??$extract_argument_from_va_list@H_J@?$standard_base@DV?$stream_output_adapter@D@__crt_stdio_output@@@__crt_stdio_output@@IAE_NAA_J@Z 1002683f f i libucrt:output.obj
 0001:00025864       ??$extract_argument_from_va_list@H_J@?$standard_base@DV?$string_output_adapter@D@__crt_stdio_output@@@__crt_stdio_output@@IAE_NAA_J@Z 10026864 f i libucrt:output.obj
 0001:00025889       ??$extract_argument_from_va_list@H_J@?$standard_base@_WV?$stream_output_adapter@_W@__crt_stdio_output@@@__crt_stdio_output@@IAE_NAA_J@Z 10026889 f i libucrt:output.obj
 0001:000258ae       ??$extract_argument_from_va_list@H_J@?$standard_base@_WV?$string_output_adapter@_W@__crt_stdio_output@@@__crt_stdio_output@@IAE_NAA_J@Z 100268ae f i libucrt:output.obj
 0001:000258d3       ??$extract_argument_from_va_list@I_J@?$positional_parameter_base@DV?$stream_output_adapter@D@__crt_stdio_output@@@__crt_stdio_output@@IAE_NAA_J@Z 100268d3 f i libucrt:output.obj
 0001:00025973       ??$extract_argument_from_va_list@I_J@?$positional_parameter_base@DV?$string_output_adapter@D@__crt_stdio_output@@@__crt_stdio_output@@IAE_NAA_J@Z 10026973 f i libucrt:output.obj
 0001:00025a13       ??$extract_argument_from_va_list@I_J@?$positional_parameter_base@_WV?$stream_output_adapter@_W@__crt_stdio_output@@@__crt_stdio_output@@IAE_NAA_J@Z 10026a13 f i libucrt:output.obj
 0001:00025ab3       ??$extract_argument_from_va_list@I_J@?$positional_parameter_base@_WV?$string_output_adapter@_W@__crt_stdio_output@@@__crt_stdio_output@@IAE_NAA_J@Z 10026ab3 f i libucrt:output.obj
 0001:00025b53       ??$extract_argument_from_va_list@I_J@?$standard_base@DV?$stream_output_adapter@D@__crt_stdio_output@@@__crt_stdio_output@@IAE_NAA_J@Z 10026b53 f i libucrt:output.obj
 0001:00025b78       ??$extract_argument_from_va_list@I_J@?$standard_base@DV?$string_output_adapter@D@__crt_stdio_output@@@__crt_stdio_output@@IAE_NAA_J@Z 10026b78 f i libucrt:output.obj
 0001:00025b9d       ??$extract_argument_from_va_list@I_J@?$standard_base@_WV?$stream_output_adapter@_W@__crt_stdio_output@@@__crt_stdio_output@@IAE_NAA_J@Z 10026b9d f i libucrt:output.obj
 0001:00025bc2       ??$extract_argument_from_va_list@I_J@?$standard_base@_WV?$string_output_adapter@_W@__crt_stdio_output@@@__crt_stdio_output@@IAE_NAA_J@Z 10026bc2 f i libucrt:output.obj
 0001:00025be7       ??$extract_argument_from_va_list@PADPAD@?$positional_parameter_base@DV?$stream_output_adapter@D@__crt_stdio_output@@@__crt_stdio_output@@IAE_NAAPAD@Z 10026be7 f i libucrt:output.obj
 0001:00025c7d       ??$extract_argument_from_va_list@PADPAD@?$positional_parameter_base@DV?$string_output_adapter@D@__crt_stdio_output@@@__crt_stdio_output@@IAE_NAAPAD@Z 10026c7d f i libucrt:output.obj
 0001:00025d13       ??$extract_argument_from_va_list@PADPAD@?$positional_parameter_base@_WV?$stream_output_adapter@_W@__crt_stdio_output@@@__crt_stdio_output@@IAE_NAAPAD@Z 10026d13 f i libucrt:output.obj
 0001:00025da9       ??$extract_argument_from_va_list@PADPAD@?$positional_parameter_base@_WV?$string_output_adapter@_W@__crt_stdio_output@@@__crt_stdio_output@@IAE_NAAPAD@Z 10026da9 f i libucrt:output.obj
 0001:00025e3f       ??$extract_argument_from_va_list@PADPAD@?$standard_base@DV?$stream_output_adapter@D@__crt_stdio_output@@@__crt_stdio_output@@IAE_NAAPAD@Z 10026e3f f i libucrt:output.obj
 0001:00025e5f       ??$extract_argument_from_va_list@PADPAD@?$standard_base@DV?$string_output_adapter@D@__crt_stdio_output@@@__crt_stdio_output@@IAE_NAAPAD@Z 10026e5f f i libucrt:output.obj
 0001:00025e7f       ??$extract_argument_from_va_list@PADPAD@?$standard_base@_WV?$stream_output_adapter@_W@__crt_stdio_output@@@__crt_stdio_output@@IAE_NAAPAD@Z 10026e7f f i libucrt:output.obj
 0001:00025e9f       ??$extract_argument_from_va_list@PADPAD@?$standard_base@_WV?$string_output_adapter@_W@__crt_stdio_output@@@__crt_stdio_output@@IAE_NAAPAD@Z 10026e9f f i libucrt:output.obj
 0001:00026297       ??$extract_argument_from_va_list@PAXPAX@?$positional_parameter_base@DV?$stream_output_adapter@D@__crt_stdio_output@@@__crt_stdio_output@@IAE_NAAPAX@Z 10027297 f i libucrt:output.obj
 0001:0002632d       ??$extract_argument_from_va_list@PAXPAX@?$positional_parameter_base@DV?$string_output_adapter@D@__crt_stdio_output@@@__crt_stdio_output@@IAE_NAAPAX@Z 1002732d f i libucrt:output.obj
 0001:000263c3       ??$extract_argument_from_va_list@PAXPAX@?$positional_parameter_base@_WV?$stream_output_adapter@_W@__crt_stdio_output@@@__crt_stdio_output@@IAE_NAAPAX@Z 100273c3 f i libucrt:output.obj
 0001:00026459       ??$extract_argument_from_va_list@PAXPAX@?$positional_parameter_base@_WV?$string_output_adapter@_W@__crt_stdio_output@@@__crt_stdio_output@@IAE_NAAPAX@Z 10027459 f i libucrt:output.obj
 0001:000264ef       ??$extract_argument_from_va_list@PAXPAX@?$standard_base@DV?$stream_output_adapter@D@__crt_stdio_output@@@__crt_stdio_output@@IAE_NAAPAX@Z 100274ef f i libucrt:output.obj
 0001:0002650f       ??$extract_argument_from_va_list@PAXPAX@?$standard_base@DV?$string_output_adapter@D@__crt_stdio_output@@@__crt_stdio_output@@IAE_NAAPAX@Z 1002750f f i libucrt:output.obj
 0001:0002652f       ??$extract_argument_from_va_list@PAXPAX@?$standard_base@_WV?$stream_output_adapter@_W@__crt_stdio_output@@@__crt_stdio_output@@IAE_NAAPAX@Z 1002752f f i libucrt:output.obj
 0001:0002654f       ??$extract_argument_from_va_list@PAXPAX@?$standard_base@_WV?$string_output_adapter@_W@__crt_stdio_output@@@__crt_stdio_output@@IAE_NAAPAX@Z 1002754f f i libucrt:output.obj
 0001:0002656f       ??$extract_argument_from_va_list@U_CRT_DOUBLE@@U1@@?$positional_parameter_base@DV?$stream_output_adapter@D@__crt_stdio_output@@@__crt_stdio_output@@IAE_NAAU_CRT_DOUBLE@@@Z 1002756f f i libucrt:output.obj
 0001:00026616       ??$extract_argument_from_va_list@U_CRT_DOUBLE@@U1@@?$positional_parameter_base@DV?$string_output_adapter@D@__crt_stdio_output@@@__crt_stdio_output@@IAE_NAAU_CRT_DOUBLE@@@Z 10027616 f i libucrt:output.obj
 0001:000266bd       ??$extract_argument_from_va_list@U_CRT_DOUBLE@@U1@@?$positional_parameter_base@_WV?$stream_output_adapter@_W@__crt_stdio_output@@@__crt_stdio_output@@IAE_NAAU_CRT_DOUBLE@@@Z 100276bd f i libucrt:output.obj
 0001:00026764       ??$extract_argument_from_va_list@U_CRT_DOUBLE@@U1@@?$positional_parameter_base@_WV?$string_output_adapter@_W@__crt_stdio_output@@@__crt_stdio_output@@IAE_NAAU_CRT_DOUBLE@@@Z 10027764 f i libucrt:output.obj
 0001:0002680b       ??$extract_argument_from_va_list@U_CRT_DOUBLE@@U1@@?$standard_base@DV?$stream_output_adapter@D@__crt_stdio_output@@@__crt_stdio_output@@IAE_NAAU_CRT_DOUBLE@@@Z 1002780b f i libucrt:output.obj
 0001:00026833       ??$extract_argument_from_va_list@U_CRT_DOUBLE@@U1@@?$standard_base@DV?$string_output_adapter@D@__crt_stdio_output@@@__crt_stdio_output@@IAE_NAAU_CRT_DOUBLE@@@Z 10027833 f i libucrt:output.obj
 0001:0002685b       ??$extract_argument_from_va_list@U_CRT_DOUBLE@@U1@@?$standard_base@_WV?$stream_output_adapter@_W@__crt_stdio_output@@@__crt_stdio_output@@IAE_NAAU_CRT_DOUBLE@@@Z 1002785b f i libucrt:output.obj
 0001:00026883       ??$extract_argument_from_va_list@U_CRT_DOUBLE@@U1@@?$standard_base@_WV?$string_output_adapter@_W@__crt_stdio_output@@@__crt_stdio_output@@IAE_NAAU_CRT_DOUBLE@@@Z 10027883 f i libucrt:output.obj
[...]
 0002:000104d0       __sehtable$_fclose         1007d4d0     libucrt:fclose.obj
 0002:000104f0       __sehtable$??$common_fsopen@D@@YAPAU_iobuf@@QBD0H@Z 1007d4f0     libucrt:fopen.obj
 0002:00010510       __sehtable$??$common_fsopen@_W@@YAPAU_iobuf@@QB_W0H@Z 1007d510     libucrt:fopen.obj
 0002:00010530       __sehtable$_fread_s        1007d530     libucrt:fread.obj
 0002:00010550       __sehtable$??$?RV<lambda_4ac01c32aa5b53846f05d0620572872e>@@AAV<lambda_5856287d7ecd2be6c9197bb4007c3f6e>@@V<lambda_e7a9868ed898c75c0f0637692d94351a>@@@?$__crt_seh_guarded_call@I@@QAEI$$QAV<lambda_4ac01c32aa5b53846f05d0620572872e>@@AAV<lambda_5856287d7ecd2be6c9197bb4007c3f6e>@@$$QAV<lambda_e7a9868ed898c75c0f0637692d94351a>@@@Z 1007d550     libucrt:fwrite.obj
 0002:00010570       __sehtable$_rewind         1007d570     libucrt:rewind.obj
 0002:00010590       __sehtable$??$?RV<lambda_8e746cf0007f6ed984d6f78af1fec997>@@AAV<lambda_22ebabd17bc4fa466a2aca6d8deb888d>@@V<lambda_18ed0c0b38a6dc0daf1e7ac6d6adf05e>@@@?$__crt_seh_guarded_call@H@@QAEH$$QAV<lambda_8e746cf0007f6ed984d6f78af1fec997>@@AAV<lambda_22ebabd17bc4fa466a2aca6d8deb888d>@@$$QAV<lambda_18ed0c0b38a6dc0daf1e7ac6d6adf05e>@@@Z 1007d590     libucrt:onexit.obj
 0002:000105b0       __sehtable$??$?RV<lambda_69a2805e680e0e292e8ba93315fe43a8>@@AAV<lambda_f03950bc5685219e0bcd2087efbe011e>@@V<lambda_03fcd07e894ec930e3f35da366ca99d6>@@@?$__crt_seh_guarded_call@H@@QAEH$$QAV<lambda_69a2805e680e0e292e8ba93315fe43a8>@@AAV<lambda_f03950bc5685219e0bcd2087efbe011e>@@$$QAV<lambda_03fcd07e894ec930e3f35da366ca99d6>@@@Z 1007d5b0     libucrt:onexit.obj
 0002:000105d0       __sehtable$_terminate      1007d5d0     libucrt:terminate.obj
 0002:000105f0       __sehtable$??$?RV<lambda_6b4b7855443974f2b4b77000ea21c99c>@@AAV<lambda_8f7d3b162ab39427f4fa9995c67a7986>@@V<lambda_cc9a5ba8a5d8428b9634eab82665e5dc>@@@?$__crt_seh_guarded_call@H@@QAEH$$QAV<lambda_6b4b7855443974f2b4b77000ea21c99c>@@AAV<lambda_8f7d3b162ab39427f4fa9995c67a7986>@@$$QAV<lambda_cc9a5ba8a5d8428b9634eab82665e5dc>@@@Z 1007d5f0     libucrt:winapi_thunks.obj
 0002:00010610       __sehtable$__fcloseall     1007d610     libucrt:closeall.obj
 0002:00010630       __sehtable$??$?RV<lambda_2866be3712abc81a800a822484c830d8>@@AAV<lambda_39ca0ed439415581b5b15c265174cece>@@V<lambda_2b24c74d71094a6cd0cb82e44167d71b>@@@?$__crt_seh_guarded_call@X@@QAEX$$QAV<lambda_2866be3712abc81a800a822484c830d8>@@AAV<lambda_39ca0ed439415581b5b15c265174cece>@@$$QAV<lambda_2b24c74d71094a6cd0cb82e44167d71b>@@@Z 1007d630     libucrt:fflush.obj
 0002:00010650       __sehtable$??$?RV<lambda_2cc53f568c5a2bb6f192f930a45d44ea>@@AAV<lambda_ab61a845afdef5b7c387490eaf3616ee>@@V<lambda_c2ffc0b7726aa6be21d5f0026187e748>@@@?$__crt_seh_guarded_call@X@@QAEX$$QAV<lambda_2cc53f568c5a2bb6f192f930a45d44ea>@@AAV<lambda_ab61a845afdef5b7c387490eaf3616ee>@@$$QAV<lambda_c2ffc0b7726aa6be21d5f0026187e748>@@@Z 1007d650     libucrt:fflush.obj
 0002:00010670       __sehtable$??$?RV<lambda_6d20deecaf4856105ebacbad442d1079>@@AAV<lambda_9a32fed5bf61b6b509b2d3f6003082a1>@@V<lambda_63ea2239ed67c638ddbae41947fdf875>@@@?$__crt_seh_guarded_call@H@@QAEH$$QAV<lambda_6d20deecaf4856105ebacbad442d1079>@@AAV<lambda_9a32fed5bf61b6b509b2d3f6003082a1>@@$$QAV<lambda_63ea2239ed67c638ddbae41947fdf875>@@@Z 1007d670     libucrt:fflush.obj
 0002:00010690       __sehtable$___acrt_initialize_lowio 1007d690     libucrt:ioinit.obj
 0002:000106b0       __sehtable$??$?RV<lambda_15ade71b0218206bbe3333a0c9b79046>@@AAV<lambda_da44e0f8b0f19ba52fefafb335991732>@@V<lambda_207f2d024fc103971653565357d6cd41>@@@?$__crt_seh_guarded_call@X@@QAEX$$QAV<lambda_15ade71b0218206bbe3333a0c9b79046>@@AAV<lambda_da44e0f8b0f19ba52fefafb335991732>@@$$QAV<lambda_207f2d024fc103971653565357d6cd41>@@@Z 1007d6b0     libucrt:per_thread_data.obj
 0002:000106d0       __sehtable$??$?RV<lambda_a7e850c220f1c8d1e6efeecdedd162c6>@@AAV<lambda_46720907175c18b6c9d2717bc0d2d362>@@V<lambda_9048902d66e8d99359bc9897bbb930a8>@@@?$__crt_seh_guarded_call@X@@QAEX$$QAV<lambda_a7e850c220f1c8d1e6efeecdedd162c6>@@AAV<lambda_46720907175c18b6c9d2717bc0d2d362>@@$$QAV<lambda_9048902d66e8d99359bc9897bbb930a8>@@@Z 1007d6d0     libucrt:per_thread_data.obj
 0002:000106f0       __sehtable$??$?RV<lambda_38edbb1296d33220d7e4dd0ed76b244a>@@AAV<lambda_5ce1d447e08cb34b2473517608e21441>@@V<lambda_fb385d3da700c9147fc39e65dd577a8c>@@@?$__crt_seh_guarded_call@X@@QAEX$$QAV<lambda_38edbb1296d33220d7e4dd0ed76b244a>@@AAV<lambda_5ce1d447e08cb34b2473517608e21441>@@$$QAV<lambda_fb385d3da700c9147fc39e65dd577a8c>@@@Z 1007d6f0     libucrt:per_thread_data.obj
 0002:00010710       __sehtable$??$?RV<lambda_6affb1475c98b40b75cdec977db92e3c>@@AAV<lambda_b8d4b9c228a6ecc3f80208dbb4b4a104>@@V<lambda_608742c3c92a14382c1684fc64f96c88>@@@?$__crt_seh_guarded_call@X@@QAEX$$QAV<lambda_6affb1475c98b40b75cdec977db92e3c>@@AAV<lambda_b8d4b9c228a6ecc3f80208dbb4b4a104>@@$$QAV<lambda_608742c3c92a14382c1684fc64f96c88>@@@Z 1007d710     libucrt:per_thread_data.obj
 0002:00010730       __sehtable$_fputwc         1007d730     libucrt:fputwc.obj
 0002:00010750       __sehtable$_fputc          1007d750     libucrt:fputc.obj
 0002:00010770       __sehtable$__free_locale   1007d770     libucrt:wsetlocale.obj
 0002:000107a0       __sehtable$??$?RV<lambda_e5124f882df8998aaf41531e079ba474>@@AAV<lambda_3e16ef9562a7dcce91392c22ab16ea36>@@V<lambda_e25ca0880e6ef98be67edffd8c599615>@@@?$__crt_seh_guarded_call@X@@QAEX$$QAV<lambda_e5124f882df8998aaf41531e079ba474>@@AAV<lambda_3e16ef9562a7dcce91392c22ab16ea36>@@$$QAV<lambda_e25ca0880e6ef98be67edffd8c599615>@@@Z 1007d7a0     libucrt:wsetlocale.obj
 0002:000107c0       __sehtable$??$?RV<lambda_82aef432098b982f9ede325b418aa67a>@@AAV<lambda_862e9a3f04921db6ca1ce3faa2bf3edf>@@V<lambda_ffabc152e504b53d7492b9889b10c020>@@@?$__crt_seh_guarded_call@X@@QAEX$$QAV<lambda_82aef432098b982f9ede325b418aa67a>@@AAV<lambda_862e9a3f04921db6ca1ce3faa2bf3edf>@@$$QAV<lambda_ffabc152e504b53d7492b9889b10c020>@@@Z 1007d7c0     libucrt:wsetlocale.obj
 0002:000107e0       __sehtable$??$?RV<lambda_6673f7c4c09a5d469d0c27ae364621ce>@@AAV<lambda_ebab98244f73a74f49db879bf13fa982>@@V<lambda_be20789b7a146653eab82509ec35b419>@@@?$__crt_seh_guarded_call@X@@QAEX$$QAV<lambda_6673f7c4c09a5d469d0c27ae364621ce>@@AAV<lambda_ebab98244f73a74f49db879bf13fa982>@@$$QAV<lambda_be20789b7a146653eab82509ec35b419>@@@Z 1007d7e0     libucrt:wsetlocale.obj
 0002:00010800       __sehtable$??$?RV<lambda_4fdada1b837b2abbf20876fac97688ad>@@AAV<lambda_b57350f2640456a0859d250846f69caf>@@V<lambda_eed5e4f92b5b7d55fa22c48c484aaa54>@@@?$__crt_seh_guarded_call@X@@QAEX$$QAV<lambda_4fdada1b837b2abbf20876fac97688ad>@@AAV<lambda_b57350f2640456a0859d250846f69caf>@@$$QAV<lambda_eed5e4f92b5b7d55fa22c48c484aaa54>@@@Z 1007d800     libucrt:wsetlocale.obj
 0002:00010820       __sehtable$??$?RV<lambda_135d2772fca65dc1248eeaa1b56e886a>@@AAV<lambda_2a444430fde8c29194d880d93eed5e8f>@@AAV<lambda_8dff2cf36a5417162780cd64fa2883ef>@@@?$__crt_seh_guarded_call@X@@QAEX$$QAV<lambda_135d2772fca65dc1248eeaa1b56e886a>@@AAV<lambda_2a444430fde8c29194d880d93eed5e8f>@@AAV<lambda_8dff2cf36a5417162780cd64fa2883ef>@@@Z 1007d820     libucrt:wsetlocale.obj
 0002:00010840       __sehtable$??$?RV<lambda_218ce3db14220d0be481dae8ef3383b6>@@AAV<lambda_628dfdc04ba53c8bfc02c9951375f3f5>@@V<lambda_57dc472bd5c9d5f3b2cbca59b8a843ae>@@@?$__crt_seh_guarded_call@H@@QAEH$$QAV<lambda_218ce3db14220d0be481dae8ef3383b6>@@AAV<lambda_628dfdc04ba53c8bfc02c9951375f3f5>@@$$QAV<lambda_57dc472bd5c9d5f3b2cbca59b8a843ae>@@@Z 1007d840     libucrt:close.obj
 0002:00010860       __sehtable$?__acrt_stdio_allocate_stream@@YA?AV__crt_stdio_stream@@XZ 1007d860     libucrt:stream.obj
 0002:00010880       __sehtable$__read          1007d880     libucrt:read.obj
 0002:000108a0       __sehtable$__write         1007d8a0     libucrt:write.obj
 0002:000108c0       __sehtable$??$common_lseek@J@@YAJHJH@Z 1007d8c0     libucrt:lseek.obj
 0002:000108e0       __sehtable$??$common_lseek@_J@@YA_JH_JH@Z 1007d8e0     libucrt:lseek.obj
 0002:00010900       __sehtable$___set_fpsr_sse2 1007d900     libucrt:fpctrl.obj
 0002:00010920       __sehtable$?update_thread_multibyte_data_internal@@YAPAU__crt_multibyte_data@@QAU__acrt_ptd@@QAPAU1@@Z 1007d920     libucrt:mbctype.obj
 0002:00010940       __sehtable$??$?RV<lambda_ceb1ee4838e85a9d631eb091e2fbe199>@@AAV<lambda_ae742caa10f662c28703da3d2ea5e57e>@@V<lambda_cd08b5d6af4937fe54fc07d0c9bf6b37>@@@?$__crt_seh_guarded_call@X@@QAEX$$QAV<lambda_ceb1ee4838e85a9d631eb091e2fbe199>@@AAV<lambda_ae742caa10f662c28703da3d2ea5e57e>@@$$QAV<lambda_cd08b5d6af4937fe54fc07d0c9bf6b37>@@@Z 1007d940     libucrt:mbctype.obj
 0002:00010960       __sehtable$__query_new_handler 1007d960     libucrt:new_handler.obj
 0002:00010980       __sehtable$__set_new_handler 1007d980     libucrt:new_handler.obj
 0002:000109a0       __sehtable$_signal         1007d9a0     libucrt:signal.obj
 0002:000109c0       __sehtable$_raise          1007d9c0     libucrt:signal.obj
 0002:000109e0       __sehtable$?ctrlevent_capture@@YGHK@Z 1007d9e0     libucrt:signal.obj
 0002:00010a00       __sehtable$??$?RV<lambda_cbab9ec6f41b0180b23cc171c22676b0>@@AAV<lambda_44731a7d0e6d81c3e6aa82d741081786>@@V<lambda_4b292cb8dd18144e164572427af410ab>@@@?$__crt_seh_guarded_call@P6AXH@Z@@QAEP6AXH@Z$$QAV<lambda_cbab9ec6f41b0180b23cc171c22676b0>@@AAV<lambda_44731a7d0e6d81c3e6aa82d741081786>@@$$QAV<lambda_4b292cb8dd18144e164572427af410ab>@@@Z 1007da00     libucrt:signal.obj
 0002:00010a20       __sehtable$??$?RV<lambda_9e9de3de5fa147e2223d7db92bc10aa6>@@AAV<lambda_38ce7e780aa69e748d6df282ebc68efe>@@V<lambda_8ca6da459f0f6780f1cff60fdc3d00e5>@@@?$__crt_seh_guarded_call@H@@QAEH$$QAV<lambda_9e9de3de5fa147e2223d7db92bc10aa6>@@AAV<lambda_38ce7e780aa69e748d6df282ebc68efe>@@$$QAV<lambda_8ca6da459f0f6780f1cff60fdc3d00e5>@@@Z 1007da20     libucrt:commit.obj
 0002:00010a40       __sehtable$__open_osfhandle 1007da40     libucrt:osfinfo.obj
 0002:00010a60       __sehtable$__alloc_osfhnd  1007da60     libucrt:osfinfo.obj
 0002:00010a80       __sehtable$___acrt_lowio_ensure_fh_exists 1007da80     libucrt:osfinfo.obj
 0002:00010aa0       __sehtable$___acrt_update_thread_locale_data 1007daa0     libucrt:locale_refcounting.obj
 0002:00010ac0       __sehtable$??$common_open@D@@YAHQBDHH@Z 1007dac0     libucrt:open.obj
 0002:00010ae0       __sehtable$??$common_open@_W@@YAHQB_WHH@Z 1007dae0     libucrt:open.obj
 0002:00010b00       __sehtable$??$common_sopen_dispatch@D@@YAHQBDHHHQAHH@Z 1007db00     libucrt:open.obj
 0002:00010b20       __sehtable$??$common_sopen_dispatch@_W@@YAHQB_WHHHQAHH@Z 1007db20     libucrt:open.obj
 0002:00010b40       __sehtable$??$?RV<lambda_f828341fbe69b7c0d4c527b01f22877f>@@AAV<lambda_9e0b6ab72a5b3ae37ad997d08b519f50>@@V<lambda_f01deac0a8d65d6e0411edf7e0af5775>@@@?$__crt_seh_guarded_call@G@@QAEG$$QAV<lambda_f828341fbe69b7c0d4c527b01f22877f>@@AAV<lambda_9e0b6ab72a5b3ae37ad997d08b519f50>@@$$QAV<lambda_f01deac0a8d65d6e0411edf7e0af5775>@@@Z 1007db40     libucrt:putwch.obj
 0002:00010b60       __sehtable$__setmode       1007db60     libucrt:setmode.obj
 0002:00010b80       __sehtable$??$?RV<lambda_3b12a17125e8c5b5e6e6f6c6050db0c1>@@AAV<lambda_522ac1b1e1a1180d6f374a882b81d1c8>@@V<lambda_e92b96cac182f562f30acc9fb7872857>@@@?$__crt_seh_guarded_call@H@@QAEH$$QAV<lambda_3b12a17125e8c5b5e6e6f6c6050db0c1>@@AAV<lambda_522ac1b1e1a1180d6f374a882b81d1c8>@@$$QAV<lambda_e92b96cac182f562f30acc9fb7872857>@@@Z 1007db80     libucrt:chsize.obj
 0002:00010ba0       __sehtable$__IsNonwritableInCurrentImage 1007dba0     LIBCMT:pesect.obj
 0002:00010e00       .edata                     1007de00     Ethernet_slrt.exp
 0002:00010e28       rgpv                       1007de28     Ethernet_slrt.exp
 0002:00010e44       rgszName                   1007de44     Ethernet_slrt.exp
 0002:00010e60       rgwOrd                     1007de60     Ethernet_slrt.exp
 0002:00010e6e       szName                     1007de6e     Ethernet_slrt.exp
 0002:00010e80       $N00001                    1007de80     Ethernet_slrt.exp
 0002:00010e8b       $N00002                    1007de8b     Ethernet_slrt.exp
 0002:00010e94       $N00003                    1007de94     Ethernet_slrt.exp
 0002:00010ea1       $N00004                    1007dea1     Ethernet_slrt.exp
 0002:00010eab       $N00005                    1007deab     Ethernet_slrt.exp
 0002:00010ebb       $N00006                    1007debb     Ethernet_slrt.exp
 0002:00010ec9       $N00007                    1007dec9     Ethernet_slrt.exp
 0003:00000010       _mdlInfo                   1007e010     xpctarget.obj
 0003:00000110       _rtDataAddrMap             1007e110     Ethernet_capi.obj
 0003:000001c8       _mmiStatic                 1007e1c8     Ethernet_capi.obj
 0003:00000628       _rtwCAPI_mallocError       1007e628     rtw_modelmap_utils.obj
 0003:00000680       ?prefix@?1??getDimension@UnDecorator@@CA?AVDName@@_N@Z@4UStringLiteral@@A 1007e680     libvcruntime:undname.obj
 0003:0000068c       ?__vcrt_flsindex@@3KA      1007e68c     libvcruntime:per_thread_data.obj
 0003:00000790       ?errno_no_memory@@3HA      1007e790     libucrt:errno.obj
 0003:00000794       ?doserrno_no_memory@@3KA   1007e794     libucrt:errno.obj
 0003:000007dc       ?__acrt_flsindex@@3KA      1007e7dc     libucrt:per_thread_data.obj
 0003:000007e0       __ctype_loc_style          1007e7e0     libucrt:wsetlocale.obj
 0003:00000a0c       ?__DAZ_ENABLED@?1??__set_fpsr_sse2@@9@9 1007ea0c     libucrt:fpctrl.obj
 0003:00000ca0       __mbctypes                 1007eca0     libucrt:mbctype.obj
 0003:00000dd8       __mbcasemaps               1007edd8     libucrt:mbctype.obj
 0003:00000f0c       ?__rgctypeflag@@3PADA      1007ef0c     libucrt:mbctype.obj
 0003:00000f10       ?__rgcode_page_info@@3PAUcode_page_info@@A 1007ef10     libucrt:mbctype.obj
 0003:000010b0       ?__dcrt_lowio_console_output_handle@@3PAXA 1007f0b0     libucrt:initcon.obj
 0003:00001484       _rtm                       1007f484     xpctarget.obj
 0003:00001498       ?dims@?1??rt_mxGetDimensions@@9@9 1007f498     rt_matrx.obj
 0003:000014a8       ?rt_DataLoggingInfo@?4??Ethernet@@9@9 1007f4a8     Ethernet.obj
 0003:00001500       _rtVarDimsAddrMap          1007f500     Ethernet_capi.obj
 0003:00001538       _msg                       1007f538     slrtIPConfig.obj
 0003:00001638       _modelInitErr              1007f638     slrtIPConfig.obj
 0003:00001670       _msg                       1007f670     slrtUDPSend.obj
 0003:000017a8       _GS_ExceptionRecord        1007f7a8     LIBCMT:gs_report.obj
 0003:000017f8       _GS_ContextRecord          1007f7f8     LIBCMT:gs_report.obj
 0003:00001b70       ?__proc_attached@@3HA      1007fb70     LIBCMT:dll_dllmain.obj
 0003:00001bac       ?is_initialized_as_dll@@3_NA 1007fbac     LIBCMT:utility.obj
 0003:00001bad       ?module_local_atexit_table_initialized@@3_NA 1007fbad     LIBCMT:utility.obj
 0003:00001bb0       ?module_local_atexit_table@@3U_onexit_table_t@@A 1007fbb0     LIBCMT:utility.obj
 0003:00001bbc       ?module_local_at_quick_exit_table@@3U_onexit_table_t@@A 1007fbbc     LIBCMT:utility.obj
 0003:00001c04       ?heap@@3V_HeapManager@@A   1007fc04     libvcruntime:undname.obj
 0003:00001c24       ?__vcrt_startup_thread_ptd@@3U__vcrt_ptd@@A 1007fc24     libvcruntime:per_thread_data.obj
 0003:00001c54       ___vcrt_lock_table         1007fc54     libvcruntime:locks.obj
 0003:00001c6c       ___vcrt_locks_initialized  1007fc6c     libvcruntime:locks.obj
 0003:00001c78       ?module_handles@@3PAPAUHINSTANCE__@@A 1007fc78     libvcruntime:winapi_downlevel.obj
 0003:00001c84       ?function_pointers@@3PAPAXA 1007fc84     libvcruntime:winapi_downlevel.obj
 0003:00001cb4       ?c_termination_complete@@3JA 1007fcb4     libucrt:exit.obj
 0003:00001cb8       ?thread_local_exit_callback_func@@3P6GXPAXK0@ZA 1007fcb8     libucrt:exit.obj
 0003:00001cc0       ?program_name@?1???$common_configure_argv@D@@YAHW4_crt_argv_mode@@@Z@4PADA 1007fcc0     libucrt:argv_parsing.obj
 0003:00001e00       ?program_name@?1???$common_configure_argv@_W@@YAHW4_crt_argv_mode@@@Z@4PA_WA 1007fe00     libucrt:argv_parsing.obj
 0003:000020a8       ?__acrt_invalid_parameter_handler@@3V?$dual_state_global@P6AXPB_W00II@Z@__crt_state_management@@A 100800a8     libucrt:invalid_parameter.obj
 0003:000020b0       ?module_handles@@3PAPAUHINSTANCE__@@A 100800b0     libucrt:winapi_thunks.obj
 0003:00002100       ?encoded_function_pointers@@3PAPAXA 10080100     libucrt:winapi_thunks.obj
 0003:000021b4       ?static_enum_proc@?1??enum_system_locales_ex_nolock@@YAHQ6GHPA_WKJ@Z@Z@4P6GH0KJ@ZA 100801b4     libucrt:winapi_thunks.obj
 0003:00002424       ?internal_state@?1??_mbtowc_l@@9@4U_Mbstatet@@A 10080424     libucrt:mbtowc.obj
 0003:00002430       ?enable_percent_n@@3IA     10080430     libucrt:printf_count_output.obj
 0003:00002448       ?__acrt_lock_table@@3PAU_RTL_CRITICAL_SECTION@@A 10080448     libucrt:locks.obj
 0003:00002598       ?__acrt_locks_initialized@@3IA 10080598     libucrt:locks.obj
 0003:000025e0       ?state_cache@?1???$get_cached_win_policy@Ubegin_thread_init_policy_properties@?1??__acrt_get_begin_thread_init_policy@@YA?AW4begin_thread_init_policy@@XZ@@@YA?AW4begin_thread_init_policy@@W4AppPolicyThreadInitializationType@@@Z@4JA 100805e0     libucrt:win_policies.obj
 0003:000025e4       ?state_cache@?1???$get_cached_win_policy@Udeveloper_information_policy_properties@?1??__acrt_get_developer_information_policy@@YA?AW4developer_information_policy@@XZ@@@YA?AW4developer_information_policy@@W4AppPolicyShowDeveloperDiagnostic@@@Z@4JA 100805e4     libucrt:win_policies.obj
 0003:000025e8       ?state_cache@?1???$get_cached_win_policy@Uwindowing_model_policy_properties@?1??__acrt_get_windowing_model_policy@@YA?AW4windowing_model_policy@@XZ@@@YA?AW4windowing_model_policy@@W4AppPolicyWindowingModel@@@Z@4JA 100805e8     libucrt:win_policies.obj
 0003:000025ec       ?user_matherr@@3V?$dual_state_global@P6AHPAU_exception@@@Z@__crt_state_management@@A 100805ec     libucrt:matherr.obj
 0003:000025fc       ?fSystemSet@@3HA           100805fc     libucrt:mbctype.obj
 0003:00002603       ?initialized@?1??__acrt_initialize_multibyte@@9@4_NA 10080603     libucrt:mbctype.obj
 0003:00002624       ?__acrt_new_handler@@3V?$dual_state_global@P6AHI@Z@__crt_state_management@@A 10080624     libucrt:new_handler.obj
 0003:00002628       ?console_ctrl_handler_installed@@3_NA 10080628     libucrt:signal.obj
 0003:0000262c       ?ctrlc_action@@3V?$dual_state_global@P6AXH@Z@__crt_state_management@@A 1008062c     libucrt:signal.obj
 0003:00002630       ?ctrlbreak_action@@3V?$dual_state_global@P6AXH@Z@__crt_state_management@@A 10080630     libucrt:signal.obj
 0003:00002634       ?abort_action@@3V?$dual_state_global@P6AXH@Z@__crt_state_management@@A 10080634     libucrt:signal.obj
 0003:00002638       ?term_action@@3V?$dual_state_global@P6AXH@Z@__crt_state_management@@A 10080638     libucrt:signal.obj
 0003:00002640       ?__acrt_global_new_mode@@3V?$dual_state_global@J@__crt_state_management@@A 10080640     libucrt:new_mode.obj
 0003:00002644       ?mbst@?1??mbrlen@@9@4U_Mbstatet@@A 10080644     libucrt:mbrtowc.obj
 0003:00002650       ?mbst@?1??mbrtowc@@9@4U_Mbstatet@@A 10080650     libucrt:mbrtowc.obj
 0003:0000265c       ?mbst@?1??_mbsrtowcs_helper@@YAIPA_WPAPBDIPAU_Mbstatet@@@Z@4U2@A 1008065c     libucrt:mbrtowc.obj
 0003:00002674       ?__acrt_app_type@@3W4_crt_app_type@@A 10080674     libucrt:report_runtime_error.obj
 0003:00002678       ?outmsg@?9??__acrt_report_runtime_error@@9@4PA_WA 10080678     libucrt:report_runtime_error.obj
 0003:00002ddc       ?internal_pst@?1??__mbrtoc32_utf8@__crt_mbstring@@YAIPA_UPBDIPAU_Mbstatet@@@Z@4U3@A 10080ddc     libucrt:mbrtoc32.obj
 0003:00002dec       ___acrt_error_mode         10080dec     libucrt:set_error_mode.obj
 0003:00002df0       __pmatherr_set             10080df0     libucrt:libm_error.obj
 0004:000004ec       .idata$6                   100944ec     kernel32:KERNEL32.dll
